[Licensing::Module] Trying to connect to existing licensing client channel...
Built from '6000.6/staging' branch; Version is '6000.6.2f1 (770e33f6875c) revision 7802419'; Using compiler version '194234433'; Build Type 'Release'
[Licensing::IpcConnector] Successfully connected to: "LicenseClient-golfa" at "2026-09-22T15:17:52.1581422Z"
OS: 'Windows 11  (10.0.26200) Core' Language: 'en' Physical Memory: 16125 MB
BatchMode: 1, IsHumanControllingUs: 0, StartBugReporterOnCrash: 0, Is64bit: 1
System  architecture: x64
Process architecture: x64
Date: 2026-09-22T15:17:52Z
[Licensing::Client] Code 10 while verifying Licensing Client signature (process Id: 24224, path: "C:/Program Files/Unity Hub/UnityLicensingClient_V1/Unity.Licensing.Client.exe")
[Licensing::Module] LicensingClient has failed validation; ignoring
[Licensing::Client] Handshaking with LicensingClient:
  Version:                 1.18.3+d7ffd15
  Session Id:              67887e5d29c64c369a30bb34b4191412
  Correlation Id:          3e556e25bde6c1085414641d49247486
  External correlation Id: 7923307057654460323
  Machine Id:              FUnE4I3JiGVUYJ7CitaydDp0Olk=
[Licensing::Module] Successfully connected to LicensingClient on channel: "LicenseClient-golfa" (connect: 0.00s, validation: 0.00s, handshake: 0.08s)
[Licensing::IpcConnector] Successfully connected to: "LicenseClient-golfa-notifications" at "2026-09-22T15:17:52.2457851Z"
[Licensing::Module] Licensing Background thread has ended after 0.09s

COMMAND LINE ARGUMENTS:
C:\Program Files\Unity\Hub\Editor\6000.6.2f1\Editor\Unity.exe
-adb2
-batchMode
-noUpm
-name
AssetImportWorkerHW1
-projectPath
C:/Users/golfa/EndlessRun
-logFile
Logs/AssetImportWorkerHW1.log
-srvPort
55101
-parentPid
30132
-analyticsCloudUserId
18967218653225
-analyticsLocalProjectId
2c09747f128a83e4f817898a12250cb7
-editorAnalyticsEnabled
1
-cbmEditorLicense
2483fd98348eaff93f7cb9b040f9533a53650a6a
-cbmMachineId
FUnE4I3JiGVUYJ7CitaydDp0Olk=
-licensingIpc
LicenseClient-golfa
-noDiagnosticSwitchPersistentStore
-job-worker-count
9
-background-job-worker-count
8
-asset-garbage-collectors
1
-force-d3d12
-name
AssetImport
Successfully changed project path to: C:/Users/golfa/EndlessRun
C:/Users/golfa/EndlessRun
[UnityMemory] Configuration Parameters - Can be set up in boot.config
    "memorysetup-temp-allocator-size-gi-baking-worker=262144"
    "memorysetup-temp-allocator-size-gi-baking-worker=262144"
    "memorysetup-temp-allocator-size-gi-baking-worker=262144"
    "memorysetup-temp-allocator-size-gi-baking-worker=262144"
    "memorysetup-temp-allocator-size-gi-baking-worker=262144"
    "memorysetup-temp-allocator-size-nav-mesh-worker=65536"
    "memorysetup-temp-allocator-size-audio-worker=65536"
    "memorysetup-temp-allocator-size-cloud-worker=32768"
    "memorysetup-temp-allocator-size-gfx=262144"
    "memorysetup-remapper-allocator-initial-capacity=32768"
    "memorysetup-temp-allocator-size-preload-manager=33554432"
    "memorysetup-allocator-temp-initial-block-size-main=262144"
    "memorysetup-allocator-temp-initial-block-size-worker=262144"
    "memorysetup-temp-allocator-size-job-worker=262144"
    "memorysetup-temp-allocator-size-background-worker=32768"
    "memorysetup-bucket-allocator-granularity=16"
    "memorysetup-bucket-allocator-bucket-count=8"
    "memorysetup-bucket-allocator-block-size=33554432"
    "memorysetup-bucket-allocator-block-count=8"
    "memorysetup-main-allocator-block-size=16777216"
    "memorysetup-thread-allocator-block-size=16777216"
    "memorysetup-main-allocator-mimalloc-enabled=1"
    "memorysetup-gfx-main-allocator-block-size=16777216"
    "memorysetup-gfx-thread-allocator-block-size=16777216"
    "memorysetup-cache-allocator-block-size=4194304"
    "memorysetup-typetree-allocator-block-size=2097152"
    "memorysetup-profiler-bucket-allocator-granularity=16"
    "memorysetup-profiler-bucket-allocator-bucket-count=8"
    "memorysetup-profiler-bucket-allocator-block-size=33554432"
    "memorysetup-profiler-bucket-allocator-block-count=8"
    "memorysetup-profiler-allocator-block-size=16777216"
    "memorysetup-profiler-editor-allocator-block-size=1048576"
    "memorysetup-temp-allocator-size-main=16777216"
    "memorysetup-job-temp-allocator-block-size=2097152"
    "memorysetup-job-temp-allocator-block-size-background=1048576"
    "memorysetup-job-temp-allocator-reduction-small-platforms=262144"
Player connection [21600]  Target information:

Player connection [21600]  * "[IP] 192.168.1.100 [Port] 0 [Flags] 2 [Guid] 2027077724 [EditorId] 2027077724 [Version] 1048832 [Id] WindowsEditor(7,Onejack) [Debug] 1 [PackageName] WindowsEditor [ProjectName] Editor" 

Player connection [21600] Host joined multi-casting on [225.0.0.222:54997]...
Player connection [21600] Host joined alternative multi-casting on [225.0.0.222:34997]...
JobSystem: Creating JobQueue using job-worker-count value 9
Input System module state changed to: Initialized.
[Physics::Module] Initialized fallback backend.
[Physics::Module] Id: 0xdecafbad
Library Redirect Path: Library/
Initialising UDS system complete:
  - System type: Client
  - Resource namespace: 02ed33dc1d323521a89e783b5109f325
  - Shared memory size: 1073741824
  - Command buffer id: 1052576
  - Command buffer size: 8192
  - Hashmap size: 4194304
  - Service connected: true
  - Service working directory: Library/DataStore/
[Physics::Module] Selected backend.
[Physics::Module] Name: PhysX
[Physics::Module] Id: 0xf2b8ea05
[Physics::Module] SDK Version: 4.1.2
[Physics::Module] Integration Version: 1.0.0
[Physics::Module] Threading Mode: Multi-Threaded
Refreshing native plugins compatible for Editor in 18.38 ms, found 4 plugins.
Initialize engine version: 6000.6.2f1 (770e33f6875c)
[EntityIdStore] init: VM path (explicit commit), pageSize=4096, blockCount=1048576, entitiesPerBlock=256, slots reserved=4294967296 bytes
[Subsystems] Discovering subsystems at path C:/Program Files/Unity/Hub/Editor/6000.6.2f1/Editor/Data/Resources/UnitySubsystems
[Subsystems] Discovering subsystems at path C:/Users/golfa/EndlessRun/Assets
Forcing GfxDevice: Direct3D 12
GfxDevice: creating device client; kGfxThreadingModeNonThreaded
d3d12: failed to query info queue interface (0x80004002).
Direct3D:
    Version:         Direct3D 12 [level 12.2]
    Renderer:        NVIDIA GeForce RTX 4060 Ti (ID=0x2803)
    Vendor:          NVIDIA
    VRAM:            7949 MB
    App VRAM Budget: 5007 MB
    Driver:          32.0.16.1088
Initialize mono
Mono path[0] = 'C:/Program Files/Unity/Hub/Editor/6000.6.2f1/Editor/Data/Managed'
Mono path[1] = 'C:/Program Files/Unity/Hub/Editor/6000.6.2f1/Editor/Data/BCLExtensions/runtime/netstandard2.1'
Mono path[2] = 'C:/Program Files/Unity/Hub/Editor/6000.6.2f1/Editor/Data/MonoBleedingEdge/lib/mono/unityjit-win32'
Mono config path = 'C:/Program Files/Unity/Hub/Editor/6000.6.2f1/Editor/Data/MonoBleedingEdge/etc'
Using monoOptions --debugger-agent=transport=dt_socket,embedding=1,server=y,suspend=n,address=127.0.0.1:56512
CodeReloadManager initialized
Begin MonoManager ReloadAssembly
Registering precompiled unity dll's ...
Register platform support module: C:/Program Files/Unity/Hub/Editor/6000.6.2f1/Editor/Data/PlaybackEngines/WindowsStandaloneSupport/UnityEditor.WindowsStandalone.Extensions.dll
Registered in 0.003644 seconds.
Native extension for WindowsStandalone target not found
Package Manager log level set to [2]
[Package Manager] Failed to launch server process. Reason: Unity was launched with the -noUpm command-line argument
[Package Manager] Unable to send message (not connected to server process).
[Package Manager] Cannot connect to Unity Package Manager local server
ScheduleIndexationOnStartup MainProcess:False IndexOnStartup:True
Scripting: successfully reloaded assembly
- Finished resetting the current domain, in  1.096 seconds
Domain Reload Profiling: 2070ms
	BeginReloadAssembly (228ms)
		CreateAndSetChildDomain (3ms)
	RebuildCommonClasses (10ms)
	RebuildNativeTypeToScriptingClass (28ms)
	initialDomainReloadingComplete (129ms)
	LoadAllAssembliesAndSetupDomain (578ms)
		LoadAssemblies (220ms)
		TypeCache.Refresh (396ms)
			TypeCache.ScanAssembly (366ms)
		AnalyzeDomain (2ms)
	FinalizeReload (1098ms)
		SetupLoadedEditorAssemblies (0ms)
			LogAssemblyErrors (3ms)
			InitializePlatformSupportModulesInManaged (3ms)
			BeforeProcessingInitializeOnLoad (185ms)
			ProcessInitializeOnLoadAttributes (178ms)
			ProcessInitializeOnLoadMethodAttributes (557ms)
Initializing Unity extensions:
[Licensing::Client] Successfully resolved entitlement details
[Licensing::Module] License group:
  Id: 18967218653225-UnityPersXXXX
  Product: Unity Personal
  Type: Assigned
  Expiration: Unlimited
========================================================================
Worker process is ready to serve import requests
Import Worker Mode flag is 0x00
Begin MonoManager ReloadAssembly
'Packages/com.unity.render-pipelines.core/Editor/Deprecated.cs' contains partial class of Unity.Object, exactly 1 of the partial classes needs to be in a file with the same filename. This is to know the one that can be referenced from ie. GameObjects
'Packages/com.unity.render-pipelines.core/Editor/Deprecated.cs' contains partial class of Unity.Object, exactly 1 of the partial classes needs to be in a file with the same filename. This is to know the one that can be referenced from ie. GameObjects
Refreshing native plugins compatible for Editor in 5.30 ms, found 4 plugins.
Native extension for WindowsStandalone target not found
[Package Manager] Failed to launch server process. Reason: Unity was launched with the -noUpm command-line argument
[Package Manager] Unable to send message (not connected to server process).
[Package Manager] Cannot connect to Unity Package Manager local server
Refreshing native plugins compatible for Editor in 2.01 ms, found 4 plugins.
[Package Manager] Failed to launch server process. Reason: Unity was launched with the -noUpm command-line argument
[Package Manager] Unable to send message (not connected to server process).
[Package Manager] Cannot connect to Unity Package Manager local server
ScheduleIndexationOnStartup MainProcess:False IndexOnStartup:True
Scripting: successfully reloaded assembly
- Finished resetting the current domain, in  1.502 seconds
Domain Reload Profiling: 3221ms
	BeginReloadAssembly (397ms)
		DisableScriptedObjects (16ms)
		CreateAndSetChildDomain (81ms)
	RebuildCommonClasses (17ms)
	RebuildNativeTypeToScriptingClass (33ms)
	initialDomainReloadingComplete (102ms)
	LoadAllAssembliesAndSetupDomain (1168ms)
		LoadAssemblies (718ms)
		TypeCache.Refresh (287ms)
			TypeCache.ScanAssembly (255ms)
		AnalyzeDomain (126ms)
			BuildScriptInfoCaches (116ms)
			ResolveRequiredComponents (7ms)
	FinalizeReload (1504ms)
		SetupLoadedEditorAssemblies (0ms)
			LogAssemblyErrors (4ms)
			InitializePlatformSupportModulesInManaged (3ms)
			BeforeProcessingInitializeOnLoad (197ms)
			ProcessInitializeOnLoadAttributes (504ms)
			ProcessInitializeOnLoadMethodAttributes (122ms)
			AfterProcessingInitializeOnLoad (10ms)
			EditorAssembliesLoaded (3ms)
		AwakeInstancesAfterBackupRestoration (18ms)
AcceleratorClientConnectionCallback - disconnected - :0
Launched and connected shader compiler UnityShaderCompiler.exe after 0.03 seconds
Refreshing native plugins compatible for Editor in 2.14 ms, found 4 plugins.
Unloading 61 Unused Serialized files (Serialized files now loaded: 0)
Unloading 6616 unused Assets / (10.6 MB). Loaded Objects now: 7479.
Memory consumption went from 346.9 MB to 336.3 MB.
Total: 19.482000 ms (FindLiveObjects: 2.159100 ms CreateObjectMapping: 1.688600 ms MarkObjects: 9.362200 ms  DeleteObjects: 5.871500 ms)

========================================================================
Received Prepare
AcceleratorClientConnectionCallback - disconnected - :0
Refreshing native plugins compatible for Editor in 2.07 ms, found 4 plugins.
Unloading 60 Unused Serialized files (Serialized files now loaded: 0)
Unloading 60 unused Assets / (5.5 MB). Loaded Objects now: 7479.
Memory consumption went from 339.3 MB to 333.8 MB.
Total: 13.405800 ms (FindLiveObjects: 1.514100 ms CreateObjectMapping: 0.731800 ms MarkObjects: 7.601600 ms  DeleteObjects: 3.208700 ms)

Prepare: number of updated asset objects reloaded= 0
========================================================================
Received Import Request.
  Time of request: 2026-09-22T15:18:16.8544774Z
  Time since last request: 458586.08669460000237 seconds.
  importAddress: GUID: fdbffed1134d3364bbb16a37e0bd09ae - Path: Assets/Prefab/Coin_Gold_Gem.prefab - Importer: PreviewImporter
Importing 'GUID: fdbffed1134d3364bbb16a37e0bd09ae - Path: Assets/Prefab/Coin_Gold_Gem.prefab - Importer: PreviewImporter' with importer (PreviewImporter)
Imported 'GUID: fdbffed1134d3364bbb16a37e0bd09ae' -> (Import Result ID: 'd94ee238affab1c6e275ed228b85e9c6') in 0.816 seconds [static and dynamic dependencies]. Details - ImportResultOutputID=91e253d0459fc0f54e925692d1edb677 DependenciesID=1ea8a8df570a6f81c3fbf596fcafda0f StaticDependenciesID=e4c1bc0f00453a12ffe20ddc9678a3fc 
Number of updated asset objects reloaded before import = 0
Number of asset objects unloaded after import = 22
========================================================================
Received Prepare
AcceleratorClientConnectionCallback - disconnected - :0
Refreshing native plugins compatible for Editor in 2.15 ms, found 4 plugins.
Unloading 60 Unused Serialized files (Serialized files now loaded: 0)
Unloading 60 unused Assets / (5.5 MB). Loaded Objects now: 7603.
Memory consumption went from 357.8 MB to 352.3 MB.
Total: 18.327800 ms (FindLiveObjects: 1.298900 ms CreateObjectMapping: 0.532100 ms MarkObjects: 12.745900 ms  DeleteObjects: 3.376400 ms)

Prepare: number of updated asset objects reloaded= 0
========================================================================
Received Import Request.
  Time of request: 2026-09-22T15:18:37.3950306Z
  Time since last request: 19.7065178 seconds.
  importAddress: GUID: fdbffed1134d3364bbb16a37e0bd09ae - Path: Assets/Prefab/Coin_Gold_Gem.prefab - Importer: PreviewImporter
Importing 'GUID: fdbffed1134d3364bbb16a37e0bd09ae - Path: Assets/Prefab/Coin_Gold_Gem.prefab - Importer: PreviewImporter' with importer (PreviewImporter)
Imported 'GUID: fdbffed1134d3364bbb16a37e0bd09ae' -> (Import Result ID: '5917e4abbfef6138847d0246e1bf9c64') in 0.044 seconds [static and dynamic dependencies]. Details - ImportResultOutputID=91e253d0459fc0f54e925692d1edb677 DependenciesID=c1c4f244312721785b845c052baa0c99 StaticDependenciesID=c206a363599a7d0ac5a2ac64fea637d2 
Number of updated asset objects reloaded before import = 0
Number of asset objects unloaded after import = 20
========================================================================
Received Prepare
AcceleratorClientConnectionCallback - disconnected - :0
'Packages/com.unity.render-pipelines.core/Editor/Deprecated.cs' contains partial class of Unity.Object, exactly 1 of the partial classes needs to be in a file with the same filename. This is to know the one that can be referenced from ie. GameObjects
'Packages/com.unity.render-pipelines.core/Editor/Deprecated.cs' contains partial class of Unity.Object, exactly 1 of the partial classes needs to be in a file with the same filename. This is to know the one that can be referenced from ie. GameObjects
Refreshing native plugins compatible for Editor in 2.12 ms, found 4 plugins.
Unloading 60 Unused Serialized files (Serialized files now loaded: 0)
Unloading 6604 unused Assets / (7.1 MB). Loaded Objects now: 7604.
Memory consumption went from 362.6 MB to 355.5 MB.
Total: 19.116500 ms (FindLiveObjects: 1.930200 ms CreateObjectMapping: 1.534600 ms MarkObjects: 9.716400 ms  DeleteObjects: 5.543000 ms)

Prepare: number of updated asset objects reloaded= 0
========================================================================
Received Import Request.
  Time of request: 2026-09-22T15:19:06.6681046Z
  Time since last request: 29.2145883 seconds.
  importAddress: GUID: 2f9dabb7d26f09b4886a9eebd5353a79 - Path: Assets/Script/NewMonoBehaviourScript.cs - Importer: ScriptedImporter/UnityEditor.QuickSearchModule:UnityEditor.Search:ASIAI0B
Importing 'GUID: 2f9dabb7d26f09b4886a9eebd5353a79 - Path: Assets/Script/NewMonoBehaviourScript.cs - Importer: ScriptedImporter/UnityEditor.QuickSearchModule:UnityEditor.Search:ASIAI0B' with importer (ScriptedImporter : UnityEditor.QuickSearchModule:UnityEditor.Search:ASIAI0B)
Imported 'GUID: 2f9dabb7d26f09b4886a9eebd5353a79' -> (Import Result ID: '5ec75725dfff02de7076fc88438f6d0a') in 0.129 seconds [static and dynamic dependencies]. Details - ImportResultOutputID=b173c2c994b0acb1695c5d20e562fb12 DependenciesID=98a5b24c741c6853ef3715044564df46 StaticDependenciesID=d0f9a2082c52d3804b44e0ad9db5177d 
Number of updated asset objects reloaded before import = 0
Number of asset objects unloaded after import = 0
========================================================================
Received Prepare
AcceleratorClientConnectionCallback - disconnected - :0
[Licensing::Client] Successfully resolved entitlement details
Begin MonoManager ReloadAssembly
'Packages/com.unity.render-pipelines.core/Editor/Deprecated.cs' contains partial class of Unity.Object, exactly 1 of the partial classes needs to be in a file with the same filename. This is to know the one that can be referenced from ie. GameObjects
'Packages/com.unity.render-pipelines.core/Editor/Deprecated.cs' contains partial class of Unity.Object, exactly 1 of the partial classes needs to be in a file with the same filename. This is to know the one that can be referenced from ie. GameObjects
Refreshing native plugins compatible for Editor in 5.31 ms, found 4 plugins.
Native extension for WindowsStandalone target not found
[Package Manager] Failed to launch server process. Reason: Unity was launched with the -noUpm command-line argument
[Package Manager] Unable to send message (not connected to server process).
[Package Manager] Cannot connect to Unity Package Manager local server
[Package Manager] Failed to launch server process. Reason: Unity was launched with the -noUpm command-line argument
[Package Manager] Unable to send message (not connected to server process).
[Package Manager] Cannot connect to Unity Package Manager local server
ScheduleIndexationOnStartup MainProcess:False IndexOnStartup:True
Scripting: successfully reloaded assembly
- Finished resetting the current domain, in  1.531 seconds
Domain Reload Profiling: 4252ms
	BeginReloadAssembly (1201ms)
		DisableScriptedObjects (112ms)
		CreateAndSetChildDomain (573ms)
	RebuildCommonClasses (18ms)
	RebuildNativeTypeToScriptingClass (30ms)
	initialDomainReloadingComplete (195ms)
	LoadAllAssembliesAndSetupDomain (1275ms)
		LoadAssemblies (925ms)
		TypeCache.Refresh (39ms)
		AnalyzeDomain (367ms)
			BuildScriptInfoCaches (343ms)
			ResolveRequiredComponents (12ms)
	FinalizeReload (1533ms)
		SetupLoadedEditorAssemblies (0ms)
			LogAssemblyErrors (5ms)
			InitializePlatformSupportModulesInManaged (4ms)
			BeforeProcessingInitializeOnLoad (190ms)
			ProcessInitializeOnLoadAttributes (468ms)
			ProcessInitializeOnLoadMethodAttributes (153ms)
			AfterProcessingInitializeOnLoad (10ms)
			EditorAssembliesLoaded (4ms)
		AwakeInstancesAfterBackupRestoration (39ms)
Refreshing native plugins compatible for Editor in 2.44 ms, found 4 plugins.
Unloading 59 Unused Serialized files (Serialized files now loaded: 0)
Unloading 6614 unused Assets / (10.1 MB). Loaded Objects now: 7563.
Memory consumption went from 368.2 MB to 358.0 MB.
Total: 19.594200 ms (FindLiveObjects: 1.987600 ms CreateObjectMapping: 1.813700 ms MarkObjects: 9.516900 ms  DeleteObjects: 5.879000 ms)

Prepare: number of updated asset objects reloaded= 0
========================================================================
Received Import Request.
  Time of request: 2026-09-22T15:19:30.2877578Z
  Time since last request: 23.4759954 seconds.
  importAddress: GUID: 2f9dabb7d26f09b4886a9eebd5353a79 - Path: Assets/Script/NewMonoBehaviourScript.cs - Importer: PreviewImporter
Importing 'GUID: 2f9dabb7d26f09b4886a9eebd5353a79 - Path: Assets/Script/NewMonoBehaviourScript.cs - Importer: PreviewImporter' with importer (PreviewImporter)
Imported 'GUID: 2f9dabb7d26f09b4886a9eebd5353a79' -> (Import Result ID: '983d388dce6e644b61200fcf8b1d4d5f') in 0.014 seconds [static and dynamic dependencies]. Details - ImportResultOutputID=c2474da19c6507d81aad842ecf196d7a DependenciesID=b1a6f1cf82ec4ebbbd9a0831293361ec StaticDependenciesID=de6f9580dd241c800b67798bd1c03bd2 
Number of updated asset objects reloaded before import = 0
Number of asset objects unloaded after import = 0
========================================================================
Received Prepare
AcceleratorClientConnectionCallback - disconnected - :0
'Packages/com.unity.render-pipelines.core/Editor/Deprecated.cs' contains partial class of Unity.Object, exactly 1 of the partial classes needs to be in a file with the same filename. This is to know the one that can be referenced from ie. GameObjects
'Packages/com.unity.render-pipelines.core/Editor/Deprecated.cs' contains partial class of Unity.Object, exactly 1 of the partial classes needs to be in a file with the same filename. This is to know the one that can be referenced from ie. GameObjects
Refreshing native plugins compatible for Editor in 2.81 ms, found 4 plugins.
Unloading 59 Unused Serialized files (Serialized files now loaded: 0)
Unloading 6604 unused Assets / (8.5 MB). Loaded Objects now: 7564.
Memory consumption went from 368.3 MB to 359.8 MB.
Total: 18.400700 ms (FindLiveObjects: 2.294500 ms CreateObjectMapping: 1.734600 ms MarkObjects: 9.038700 ms  DeleteObjects: 4.926800 ms)

Prepare: number of updated asset objects reloaded= 0
========================================================================
Received Import Request.
  Time of request: 2026-09-22T15:19:36.5342139Z
  Time since last request: 6.2129827 seconds.
  importAddress: GUID: af06ba0a65bb2e14b9dd7335e083fb46 - Path: Assets/Script/Coin.cs - Importer: PreviewImporter
Importing 'GUID: af06ba0a65bb2e14b9dd7335e083fb46 - Path: Assets/Script/Coin.cs - Importer: PreviewImporter' with importer (PreviewImporter)
Imported 'GUID: af06ba0a65bb2e14b9dd7335e083fb46' -> (Import Result ID: '7a9f61a49d55a6d01bbb8b47ac26cf6a') in 0.002 seconds [static and dynamic dependencies]. Details - ImportResultOutputID=404d0d8a66f2ad258d2553cb20e5e38d DependenciesID=2fe316f960b6323698de29104f15bd5c StaticDependenciesID=e9b69bcca6ceb0b0080e5c1cd587c892 
Number of updated asset objects reloaded before import = 0
Number of asset objects unloaded after import = 0
========================================================================
Received Prepare
AcceleratorClientConnectionCallback - disconnected - :0
'Packages/com.unity.render-pipelines.core/Editor/Deprecated.cs' contains partial class of Unity.Object, exactly 1 of the partial classes needs to be in a file with the same filename. This is to know the one that can be referenced from ie. GameObjects
'Packages/com.unity.render-pipelines.core/Editor/Deprecated.cs' contains partial class of Unity.Object, exactly 1 of the partial classes needs to be in a file with the same filename. This is to know the one that can be referenced from ie. GameObjects
Unloading 59 Unused Serialized files (Serialized files now loaded: 0)
Unloading 6603 unused Assets / (8.4 MB). Loaded Objects now: 7563.
Memory consumption went from 368.3 MB to 359.9 MB.
Total: 17.106100 ms (FindLiveObjects: 1.766900 ms CreateObjectMapping: 1.399700 ms MarkObjects: 9.313400 ms  DeleteObjects: 4.293800 ms)

Prepare: number of updated asset objects reloaded= 0
========================================================================
Received Prepare
AcceleratorClientConnectionCallback - disconnected - :0
Begin MonoManager ReloadAssembly
'Packages/com.unity.render-pipelines.core/Editor/Deprecated.cs' contains partial class of Unity.Object, exactly 1 of the partial classes needs to be in a file with the same filename. This is to know the one that can be referenced from ie. GameObjects
'Packages/com.unity.render-pipelines.core/Editor/Deprecated.cs' contains partial class of Unity.Object, exactly 1 of the partial classes needs to be in a file with the same filename. This is to know the one that can be referenced from ie. GameObjects
Native extension for WindowsStandalone target not found
[Package Manager] Failed to launch server process. Reason: Unity was launched with the -noUpm command-line argument
[Package Manager] Unable to send message (not connected to server process).
[Package Manager] Cannot connect to Unity Package Manager local server
[Package Manager] Failed to launch server process. Reason: Unity was launched with the -noUpm command-line argument
[Package Manager] Unable to send message (not connected to server process).
[Package Manager] Cannot connect to Unity Package Manager local server
ScheduleIndexationOnStartup MainProcess:False IndexOnStartup:True
Scripting: successfully reloaded assembly
- Finished resetting the current domain, in  1.289 seconds
Domain Reload Profiling: 3041ms
	BeginReloadAssembly (492ms)
		DisableScriptedObjects (17ms)
		CreateAndSetChildDomain (154ms)
	RebuildCommonClasses (18ms)
	RebuildNativeTypeToScriptingClass (27ms)
	initialDomainReloadingComplete (115ms)
	LoadAllAssembliesAndSetupDomain (1098ms)
		LoadAssemblies (704ms)
		TypeCache.Refresh (24ms)
		AnalyzeDomain (309ms)
			BuildScriptInfoCaches (300ms)
			ResolveRequiredComponents (7ms)
	FinalizeReload (1291ms)
		SetupLoadedEditorAssemblies (0ms)
			LogAssemblyErrors (3ms)
			InitializePlatformSupportModulesInManaged (3ms)
			BeforeProcessingInitializeOnLoad (190ms)
			ProcessInitializeOnLoadAttributes (455ms)
			ProcessInitializeOnLoadMethodAttributes (141ms)
			AfterProcessingInitializeOnLoad (10ms)
			EditorAssembliesLoaded (3ms)
		AwakeInstancesAfterBackupRestoration (42ms)
Refreshing native plugins compatible for Editor in 2.18 ms, found 4 plugins.
Unloading 59 Unused Serialized files (Serialized files now loaded: 0)
Unloading 6614 unused Assets / (8.5 MB). Loaded Objects now: 7566.
Memory consumption went from 370.8 MB to 362.3 MB.
Total: 17.085700 ms (FindLiveObjects: 1.852100 ms CreateObjectMapping: 1.573100 ms MarkObjects: 8.539500 ms  DeleteObjects: 4.755400 ms)

Prepare: number of updated asset objects reloaded= 0
========================================================================
Received Import Request.
  Time of request: 2026-09-22T15:19:57.1192878Z
  Time since last request: 20.5675413 seconds.
  importAddress: GUID: af06ba0a65bb2e14b9dd7335e083fb46 - Path: Assets/Script/Coin.cs - Importer: PreviewImporter
Importing 'GUID: af06ba0a65bb2e14b9dd7335e083fb46 - Path: Assets/Script/Coin.cs - Importer: PreviewImporter' with importer (PreviewImporter)
Imported 'GUID: af06ba0a65bb2e14b9dd7335e083fb46' -> (Import Result ID: '976b1caf695f563a64076c3fc187d030') in 0.005 seconds [static and dynamic dependencies]. Details - ImportResultOutputID=404d0d8a66f2ad258d2553cb20e5e38d DependenciesID=192244a0cf3b1fdea0d5c58b02596770 StaticDependenciesID=e9b69bcca6ceb0b0080e5c1cd587c892 
Number of updated asset objects reloaded before import = 0
Number of asset objects unloaded after import = 0
========================================================================
Received Prepare
AcceleratorClientConnectionCallback - disconnected - :0
'Packages/com.unity.render-pipelines.core/Editor/Deprecated.cs' contains partial class of Unity.Object, exactly 1 of the partial classes needs to be in a file with the same filename. This is to know the one that can be referenced from ie. GameObjects
'Packages/com.unity.render-pipelines.core/Editor/Deprecated.cs' contains partial class of Unity.Object, exactly 1 of the partial classes needs to be in a file with the same filename. This is to know the one that can be referenced from ie. GameObjects
Refreshing native plugins compatible for Editor in 2.14 ms, found 4 plugins.
Unloading 59 Unused Serialized files (Serialized files now loaded: 0)
Unloading 6603 unused Assets / (8.8 MB). Loaded Objects now: 7566.
Memory consumption went from 371.0 MB to 362.3 MB.
Total: 24.932800 ms (FindLiveObjects: 2.537300 ms CreateObjectMapping: 1.525000 ms MarkObjects: 15.020600 ms  DeleteObjects: 5.455200 ms)

Prepare: number of updated asset objects reloaded= 0
========================================================================
Received Import Request.
  Time of request: 2026-09-22T15:20:10.851516Z
  Time since last request: 13.7085362 seconds.
  importAddress: GUID: af06ba0a65bb2e14b9dd7335e083fb46 - Path: Assets/Script/Coin.cs - Importer: PreviewImporter
Importing 'GUID: af06ba0a65bb2e14b9dd7335e083fb46 - Path: Assets/Script/Coin.cs - Importer: PreviewImporter' with importer (PreviewImporter)
Imported 'GUID: af06ba0a65bb2e14b9dd7335e083fb46' -> (Import Result ID: '5cc8d453ff578583113895be677d0832') in 0.011 seconds [static and dynamic dependencies]. Details - ImportResultOutputID=404d0d8a66f2ad258d2553cb20e5e38d DependenciesID=bfeef38649f33406c9edd9452469ac3b StaticDependenciesID=0f54f7fbccc6dd0fb8ed68e33d2fed63 
Number of updated asset objects reloaded before import = 0
Number of asset objects unloaded after import = 0
========================================================================
Received Prepare
AcceleratorClientConnectionCallback - disconnected - :0
'Packages/com.unity.render-pipelines.core/Editor/Deprecated.cs' contains partial class of Unity.Object, exactly 1 of the partial classes needs to be in a file with the same filename. This is to know the one that can be referenced from ie. GameObjects
'Packages/com.unity.render-pipelines.core/Editor/Deprecated.cs' contains partial class of Unity.Object, exactly 1 of the partial classes needs to be in a file with the same filename. This is to know the one that can be referenced from ie. GameObjects
Refreshing native plugins compatible for Editor in 2.12 ms, found 4 plugins.
Unloading 59 Unused Serialized files (Serialized files now loaded: 0)
Unloading 6604 unused Assets / (8.6 MB). Loaded Objects now: 7567.
Memory consumption went from 369.0 MB to 360.4 MB.
Total: 19.892800 ms (FindLiveObjects: 1.852200 ms CreateObjectMapping: 1.334700 ms MarkObjects: 10.961800 ms  DeleteObjects: 5.327000 ms)

Prepare: number of updated asset objects reloaded= 0
========================================================================
Received Import Request.
  Time of request: 2026-09-22T15:20:32.1870794Z
  Time since last request: 21.3072109 seconds.
  importAddress: GUID: 008201d64f2be2644a55795dd3d3656d - Path: Assets/Script/ScoreManager.cs - Importer: PreviewImporter
Importing 'GUID: 008201d64f2be2644a55795dd3d3656d - Path: Assets/Script/ScoreManager.cs - Importer: PreviewImporter' with importer (PreviewImporter)
Imported 'GUID: 008201d64f2be2644a55795dd3d3656d' -> (Import Result ID: 'f58b4c930d4d5c4aee41bc9435b69117') in 0.003 seconds [static and dynamic dependencies]. Details - ImportResultOutputID=12eef72674c683b400f0d15eaa708f35 DependenciesID=8f8abe7319dd39bd147c0f24c3bd8d64 StaticDependenciesID=e2b29c63c818990b047b4d9d402670b3 
Number of updated asset objects reloaded before import = 0
Number of asset objects unloaded after import = 0
========================================================================
Received Prepare
AcceleratorClientConnectionCallback - disconnected - :0
[Licensing::Client] Successfully resolved entitlement details
Begin MonoManager ReloadAssembly
'Packages/com.unity.render-pipelines.core/Editor/Deprecated.cs' contains partial class of Unity.Object, exactly 1 of the partial classes needs to be in a file with the same filename. This is to know the one that can be referenced from ie. GameObjects
'Packages/com.unity.render-pipelines.core/Editor/Deprecated.cs' contains partial class of Unity.Object, exactly 1 of the partial classes needs to be in a file with the same filename. This is to know the one that can be referenced from ie. GameObjects
Refreshing native plugins compatible for Editor in 2.02 ms, found 4 plugins.
Native extension for WindowsStandalone target not found
[Package Manager] Failed to launch server process. Reason: Unity was launched with the -noUpm command-line argument
[Package Manager] Unable to send message (not connected to server process).
[Package Manager] Cannot connect to Unity Package Manager local server
[Package Manager] Failed to launch server process. Reason: Unity was launched with the -noUpm command-line argument
[Package Manager] Unable to send message (not connected to server process).
[Package Manager] Cannot connect to Unity Package Manager local server
ScheduleIndexationOnStartup MainProcess:False IndexOnStartup:True
Scripting: successfully reloaded assembly
- Finished resetting the current domain, in  1.423 seconds
Domain Reload Profiling: 3586ms
	BeginReloadAssembly (813ms)
		DisableScriptedObjects (74ms)
		CreateAndSetChildDomain (246ms)
	RebuildCommonClasses (18ms)
	RebuildNativeTypeToScriptingClass (31ms)
	initialDomainReloadingComplete (126ms)
	LoadAllAssembliesAndSetupDomain (1174ms)
		LoadAssemblies (673ms)
		TypeCache.Refresh (36ms)
		AnalyzeDomain (388ms)
			BuildScriptInfoCaches (346ms)
			ResolveRequiredComponents (15ms)
	FinalizeReload (1425ms)
		SetupLoadedEditorAssemblies (0ms)
			LogAssemblyErrors (8ms)
			InitializePlatformSupportModulesInManaged (4ms)
			BeforeProcessingInitializeOnLoad (222ms)
			ProcessInitializeOnLoadAttributes (495ms)
			ProcessInitializeOnLoadMethodAttributes (150ms)
			AfterProcessingInitializeOnLoad (9ms)
			EditorAssembliesLoaded (4ms)
		AwakeInstancesAfterBackupRestoration (49ms)
Refreshing native plugins compatible for Editor in 2.10 ms, found 4 plugins.
Unloading 59 Unused Serialized files (Serialized files now loaded: 0)
Unloading 6615 unused Assets / (8.5 MB). Loaded Objects now: 7570.
Memory consumption went from 368.9 MB to 360.5 MB.
Total: 16.973600 ms (FindLiveObjects: 2.894600 ms CreateObjectMapping: 1.525100 ms MarkObjects: 7.497400 ms  DeleteObjects: 4.700900 ms)

Prepare: number of updated asset objects reloaded= 0
========================================================================
Received Prepare
AcceleratorClientConnectionCallback - disconnected - :0
'Packages/com.unity.render-pipelines.core/Editor/Deprecated.cs' contains partial class of Unity.Object, exactly 1 of the partial classes needs to be in a file with the same filename. This is to know the one that can be referenced from ie. GameObjects
'Packages/com.unity.render-pipelines.core/Editor/Deprecated.cs' contains partial class of Unity.Object, exactly 1 of the partial classes needs to be in a file with the same filename. This is to know the one that can be referenced from ie. GameObjects
Refreshing native plugins compatible for Editor in 6.42 ms, found 4 plugins.
Unloading 59 Unused Serialized files (Serialized files now loaded: 0)
Unloading 6605 unused Assets / (8.0 MB). Loaded Objects now: 7571.
Memory consumption went from 371.1 MB to 363.1 MB.
Total: 200.551600 ms (FindLiveObjects: 5.987700 ms CreateObjectMapping: 1.347900 ms MarkObjects: 184.595200 ms  DeleteObjects: 7.709700 ms)

Prepare: number of updated asset objects reloaded= 0
========================================================================
Received Import Request.
  Time of request: 2026-09-22T15:30:21.9811564Z
  Time since last request: 589.77258919999997 seconds.
  importAddress: GUID: 073421cb1f4bf264d837e0a611371e4b - Path: Assets/Script/DistanceManager.cs - Importer: PreviewImporter
Importing 'GUID: 073421cb1f4bf264d837e0a611371e4b - Path: Assets/Script/DistanceManager.cs - Importer: PreviewImporter' with importer (PreviewImporter)
Imported 'GUID: 073421cb1f4bf264d837e0a611371e4b' -> (Import Result ID: '919648c690bc001968057d6175cf5886') in 0.059 seconds [static and dynamic dependencies]. Details - ImportResultOutputID=068b2b99d30f04c21535049a79fc3c51 DependenciesID=54bebf586d902b1e58d9e3b8c876439b StaticDependenciesID=8de515546776397d0c469b4424ecbcfd 
Number of updated asset objects reloaded before import = 0
Number of asset objects unloaded after import = 0
========================================================================
Received Prepare
AcceleratorClientConnectionCallback - disconnected - :0
[Licensing::Client] Successfully resolved entitlement details
Begin MonoManager ReloadAssembly
'Packages/com.unity.render-pipelines.core/Editor/Deprecated.cs' contains partial class of Unity.Object, exactly 1 of the partial classes needs to be in a file with the same filename. This is to know the one that can be referenced from ie. GameObjects
'Packages/com.unity.render-pipelines.core/Editor/Deprecated.cs' contains partial class of Unity.Object, exactly 1 of the partial classes needs to be in a file with the same filename. This is to know the one that can be referenced from ie. GameObjects
Refreshing native plugins compatible for Editor in 4.28 ms, found 4 plugins.
Native extension for WindowsStandalone target not found
[Package Manager] Failed to launch server process. Reason: Unity was launched with the -noUpm command-line argument
[Package Manager] Unable to send message (not connected to server process).
[Package Manager] Cannot connect to Unity Package Manager local server
[Package Manager] Failed to launch server process. Reason: Unity was launched with the -noUpm command-line argument
[Package Manager] Unable to send message (not connected to server process).
[Package Manager] Cannot connect to Unity Package Manager local server
ScheduleIndexationOnStartup MainProcess:False IndexOnStartup:True
Scripting: successfully reloaded assembly
- Finished resetting the current domain, in  1.541 seconds
Domain Reload Profiling: 5124ms
	BeginReloadAssembly (1430ms)
		DisableScriptedObjects (92ms)
		CreateAndSetChildDomain (631ms)
	RebuildCommonClasses (20ms)
	RebuildNativeTypeToScriptingClass (29ms)
	initialDomainReloadingComplete (187ms)
	LoadAllAssembliesAndSetupDomain (1915ms)
		LoadAssemblies (1377ms)
		TypeCache.Refresh (50ms)
		AnalyzeDomain (461ms)
			BuildScriptInfoCaches (416ms)
			ResolveRequiredComponents (14ms)
	FinalizeReload (1544ms)
		SetupLoadedEditorAssemblies (0ms)
			LogAssemblyErrors (11ms)
			InitializePlatformSupportModulesInManaged (4ms)
			BeforeProcessingInitializeOnLoad (234ms)
			ProcessInitializeOnLoadAttributes (530ms)
			ProcessInitializeOnLoadMethodAttributes (150ms)
			AfterProcessingInitializeOnLoad (10ms)
			EditorAssembliesLoaded (5ms)
		AwakeInstancesAfterBackupRestoration (67ms)
Refreshing native plugins compatible for Editor in 3.26 ms, found 4 plugins.
Unloading 59 Unused Serialized files (Serialized files now loaded: 0)
Unloading 6616 unused Assets / (8.3 MB). Loaded Objects now: 7574.
Memory consumption went from 373.0 MB to 364.7 MB.
Total: 18.077500 ms (FindLiveObjects: 2.063900 ms CreateObjectMapping: 1.393500 ms MarkObjects: 8.967800 ms  DeleteObjects: 5.312000 ms)

Prepare: number of updated asset objects reloaded= 0
========================================================================
Received Import Request.
  Time of request: 2026-09-22T15:30:43.6182455Z
  Time since last request: 21.2837229 seconds.
  importAddress: GUID: 073421cb1f4bf264d837e0a611371e4b - Path: Assets/Script/DistanceManager.cs - Importer: PreviewImporter
Importing 'GUID: 073421cb1f4bf264d837e0a611371e4b - Path: Assets/Script/DistanceManager.cs - Importer: PreviewImporter' with importer (PreviewImporter)
Imported 'GUID: 073421cb1f4bf264d837e0a611371e4b' -> (Import Result ID: 'df836577b5a75d5f806c906b0d2fea2c') in 0.025 seconds [static and dynamic dependencies]. Details - ImportResultOutputID=068b2b99d30f04c21535049a79fc3c51 DependenciesID=6f61ac8026e5bb34e03ca44767823235 StaticDependenciesID=8de515546776397d0c469b4424ecbcfd 
Number of updated asset objects reloaded before import = 0
Number of asset objects unloaded after import = 0
========================================================================
Received Prepare
AcceleratorClientConnectionCallback - disconnected - :0
Begin MonoManager ReloadAssembly
'Packages/com.unity.render-pipelines.core/Editor/Deprecated.cs' contains partial class of Unity.Object, exactly 1 of the partial classes needs to be in a file with the same filename. This is to know the one that can be referenced from ie. GameObjects
'Packages/com.unity.render-pipelines.core/Editor/Deprecated.cs' contains partial class of Unity.Object, exactly 1 of the partial classes needs to be in a file with the same filename. This is to know the one that can be referenced from ie. GameObjects
Refreshing native plugins compatible for Editor in 2.16 ms, found 4 plugins.
Native extension for WindowsStandalone target not found
[Package Manager] Failed to launch server process. Reason: Unity was launched with the -noUpm command-line argument
[Package Manager] Unable to send message (not connected to server process).
[Package Manager] Cannot connect to Unity Package Manager local server
[Package Manager] Failed to launch server process. Reason: Unity was launched with the -noUpm command-line argument
[Package Manager] Unable to send message (not connected to server process).
[Package Manager] Cannot connect to Unity Package Manager local server
ScheduleIndexationOnStartup MainProcess:False IndexOnStartup:True
Scripting: successfully reloaded assembly
- Finished resetting the current domain, in  1.360 seconds
Domain Reload Profiling: 3151ms
	BeginReloadAssembly (487ms)
		DisableScriptedObjects (16ms)
		CreateAndSetChildDomain (145ms)
	RebuildCommonClasses (20ms)
	RebuildNativeTypeToScriptingClass (30ms)
	initialDomainReloadingComplete (118ms)
	LoadAllAssembliesAndSetupDomain (1134ms)
		LoadAssemblies (707ms)
		TypeCache.Refresh (24ms)
		AnalyzeDomain (318ms)
			BuildScriptInfoCaches (305ms)
			ResolveRequiredComponents (10ms)
	FinalizeReload (1362ms)
		SetupLoadedEditorAssemblies (0ms)
			LogAssemblyErrors (5ms)
			InitializePlatformSupportModulesInManaged (3ms)
			BeforeProcessingInitializeOnLoad (225ms)
			ProcessInitializeOnLoadAttributes (460ms)
			ProcessInitializeOnLoadMethodAttributes (154ms)
			AfterProcessingInitializeOnLoad (10ms)
			EditorAssembliesLoaded (3ms)
		AwakeInstancesAfterBackupRestoration (53ms)
Refreshing native plugins compatible for Editor in 2.63 ms, found 4 plugins.
Unloading 59 Unused Serialized files (Serialized files now loaded: 0)
Unloading 6616 unused Assets / (9.8 MB). Loaded Objects now: 7577.
Memory consumption went from 374.4 MB to 364.5 MB.
Total: 19.382400 ms (FindLiveObjects: 3.094600 ms CreateObjectMapping: 1.766300 ms MarkObjects: 8.243700 ms  DeleteObjects: 5.865900 ms)

Prepare: number of updated asset objects reloaded= 0
========================================================================
Received Prepare
AcceleratorClientConnectionCallback - disconnected - :0
Refreshing native plugins compatible for Editor in 3.21 ms, found 4 plugins.
Unloading 59 Unused Serialized files (Serialized files now loaded: 0)
Unloading 59 unused Assets / (5.3 MB). Loaded Objects now: 7577.
Memory consumption went from 371.8 MB to 366.5 MB.
Total: 328.268400 ms (FindLiveObjects: 4.957400 ms CreateObjectMapping: 0.705100 ms MarkObjects: 313.550900 ms  DeleteObjects: 7.616700 ms)

Prepare: number of updated asset objects reloaded= 0
========================================================================
Received Import Request.
  Time of request: 2026-09-22T15:37:41.0517063Z
  Time since last request: 417.39090349999998 seconds.
  importAddress: GUID: fdbffed1134d3364bbb16a37e0bd09ae - Path: Assets/Prefab/Coin_Gold_Gem.prefab - Importer: PreviewImporter
Importing 'GUID: fdbffed1134d3364bbb16a37e0bd09ae - Path: Assets/Prefab/Coin_Gold_Gem.prefab - Importer: PreviewImporter' with importer (PreviewImporter)
Imported 'GUID: fdbffed1134d3364bbb16a37e0bd09ae' -> (Import Result ID: 'e358654736f2163729d36757250e5402') in 2.039 seconds [static and dynamic dependencies]. Details - ImportResultOutputID=91e253d0459fc0f54e925692d1edb677 DependenciesID=b030dd404cc019968c8316d8f2e96ee3 StaticDependenciesID=f4d2876f250cdcd093f6c471bf3e38e2 
Number of updated asset objects reloaded before import = 0
Number of asset objects unloaded after import = 21
========================================================================
Received Prepare
AcceleratorClientConnectionCallback - disconnected - :0
Refreshing native plugins compatible for Editor in 2.94 ms, found 4 plugins.
Unloading 59 Unused Serialized files (Serialized files now loaded: 0)
Unloading 59 unused Assets / (5.3 MB). Loaded Objects now: 7689.
Memory consumption went from 382.1 MB to 376.7 MB.
Total: 174.434600 ms (FindLiveObjects: 3.987700 ms CreateObjectMapping: 1.679500 ms MarkObjects: 163.188400 ms  DeleteObjects: 4.445200 ms)

Prepare: number of updated asset objects reloaded= 0
========================================================================
Received Import Request.
  Time of request: 2026-09-22T15:43:28.4689439Z
  Time since last request: 345.15033920000002 seconds.
  importAddress: GUID: fdbffed1134d3364bbb16a37e0bd09ae - Path: Assets/Prefab/Coin_Gold_Gem.prefab - Importer: PreviewImporter
Importing 'GUID: fdbffed1134d3364bbb16a37e0bd09ae - Path: Assets/Prefab/Coin_Gold_Gem.prefab - Importer: PreviewImporter' with importer (PreviewImporter)
Imported 'GUID: fdbffed1134d3364bbb16a37e0bd09ae' -> (Import Result ID: 'f6aa76b254388f840cd5af65a8c7db90') in 0.318 seconds [static and dynamic dependencies]. Details - ImportResultOutputID=91e253d0459fc0f54e925692d1edb677 DependenciesID=392b1dd0c3e8421608ea3ada7e114218 StaticDependenciesID=6d0c831edb9b0964049808636516d1a2 
Number of updated asset objects reloaded before import = 0
Number of asset objects unloaded after import = 21
========================================================================
Received Prepare
AcceleratorClientConnectionCallback - disconnected - :0
Refreshing native plugins compatible for Editor in 3.78 ms, found 4 plugins.
Unloading 59 Unused Serialized files (Serialized files now loaded: 0)
Unloading 59 unused Assets / (5.3 MB). Loaded Objects now: 7689.
Memory consumption went from 384.1 MB to 378.7 MB.
Total: 258.543100 ms (FindLiveObjects: 6.401900 ms CreateObjectMapping: 1.459400 ms MarkObjects: 243.760900 ms  DeleteObjects: 5.777900 ms)

Prepare: number of updated asset objects reloaded= 0
========================================================================
Received Import Request.
  Time of request: 2026-09-22T16:07:30.9816713Z
  Time since last request: 1442.17803669999989 seconds.
  importAddress: GUID: 073421cb1f4bf264d837e0a611371e4b - Path: Assets/Script/DistanceManager.cs - Importer: ScriptedImporter/UnityEditor.QuickSearchModule:UnityEditor.Search:ASIAI0B
Importing 'GUID: 073421cb1f4bf264d837e0a611371e4b - Path: Assets/Script/DistanceManager.cs - Importer: ScriptedImporter/UnityEditor.QuickSearchModule:UnityEditor.Search:ASIAI0B' with importer (ScriptedImporter : UnityEditor.QuickSearchModule:UnityEditor.Search:ASIAI0B)
Imported 'GUID: 073421cb1f4bf264d837e0a611371e4b' -> (Import Result ID: '1fbec84e18a6d37dd2b48c44fa56c228') in 1.162 seconds [static and dynamic dependencies]. Details - ImportResultOutputID=ae022ef3b68bfbf994611b8c7ed70829 DependenciesID=610795e5e77459c5639c2de257152b32 StaticDependenciesID=86314df4d45cf98d0e1cd652188b2dc9 
Number of updated asset objects reloaded before import = 0
Number of asset objects unloaded after import = 0
========================================================================
Received Import Request.
  Time of request: 2026-09-22T16:07:32.3234932Z
  Time since last request: 0.002741 seconds.
  importAddress: GUID: ab8fe4391858e41449b3cd3f6e48c349 - Path: Assets/HobiSoloved/FBX/Ground6.fbx - Importer: ScriptedImporter/UnityEditor.QuickSearchModule:UnityEditor.Search:ASIAI0B
Importing 'GUID: ab8fe4391858e41449b3cd3f6e48c349 - Path: Assets/HobiSoloved/FBX/Ground6.fbx - Importer: ScriptedImporter/UnityEditor.QuickSearchModule:UnityEditor.Search:ASIAI0B' with importer (ScriptedImporter : UnityEditor.QuickSearchModule:UnityEditor.Search:ASIAI0B)
Imported 'GUID: ab8fe4391858e41449b3cd3f6e48c349' -> (Import Result ID: 'e7650bf504b3e9a6f059ef14bdbe84c2') in 0.390 seconds [static and dynamic dependencies]. Details - ImportResultOutputID=e5496e6476f4fb95dc546b34ac1b1c85 DependenciesID=2ebea583de051ca8f671d184a24cbfb5 StaticDependenciesID=30ec35e63e728a05ecbd8b54058b814f 
Number of updated asset objects reloaded before import = 0
Number of asset objects unloaded after import = 6
========================================================================
Received Prepare
AcceleratorClientConnectionCallback - disconnected - :0
'Packages/com.unity.render-pipelines.core/Editor/Deprecated.cs' contains partial class of Unity.Object, exactly 1 of the partial classes needs to be in a file with the same filename. This is to know the one that can be referenced from ie. GameObjects
'Packages/com.unity.render-pipelines.core/Editor/Deprecated.cs' contains partial class of Unity.Object, exactly 1 of the partial classes needs to be in a file with the same filename. This is to know the one that can be referenced from ie. GameObjects
Refreshing native plugins compatible for Editor in 3.08 ms, found 4 plugins.
Unloading 59 Unused Serialized files (Serialized files now loaded: 0)
Unloading 6606 unused Assets / (8.6 MB). Loaded Objects now: 7690.
Memory consumption went from 388.6 MB to 380.1 MB.
Total: 144.782500 ms (FindLiveObjects: 8.686800 ms CreateObjectMapping: 2.971800 ms MarkObjects: 124.759700 ms  DeleteObjects: 7.296400 ms)

Prepare: number of updated asset objects reloaded= 0
========================================================================
Received Import Request.
  Time of request: 2026-09-22T16:07:39.9355921Z
  Time since last request: 7.2000648 seconds.
  importAddress: GUID: 81d09d3d9a1eb3f40947a8fa4c317315 - Path: Assets/Script/GameManager.cs - Importer: PreviewImporter
Importing 'GUID: 81d09d3d9a1eb3f40947a8fa4c317315 - Path: Assets/Script/GameManager.cs - Importer: PreviewImporter' with importer (PreviewImporter)
Imported 'GUID: 81d09d3d9a1eb3f40947a8fa4c317315' -> (Import Result ID: '621e74159d1b91ec8de62acbe27f937c') in 0.005 seconds [static and dynamic dependencies]. Details - ImportResultOutputID=1dd94547e7187b2c032584a5c56417d1 DependenciesID=9a872738c631a50ddbd9b005b5933cda StaticDependenciesID=46983d6dba2c894a50e70bb4baa1c0e3 
Number of updated asset objects reloaded before import = 0
Number of asset objects unloaded after import = 0
========================================================================
Received Import Request.
  Time of request: 2026-09-22T16:07:39.9616004Z
  Time since last request: 0.0041828 seconds.
  importAddress: GUID: 81d09d3d9a1eb3f40947a8fa4c317315 - Path: Assets/Script/GameManager.cs - Importer: ScriptedImporter/UnityEditor.QuickSearchModule:UnityEditor.Search:ASIAI0B
Importing 'GUID: 81d09d3d9a1eb3f40947a8fa4c317315 - Path: Assets/Script/GameManager.cs - Importer: ScriptedImporter/UnityEditor.QuickSearchModule:UnityEditor.Search:ASIAI0B' with importer (ScriptedImporter : UnityEditor.QuickSearchModule:UnityEditor.Search:ASIAI0B)
Imported 'GUID: 81d09d3d9a1eb3f40947a8fa4c317315' -> (Import Result ID: '1cbe6db989a5435ddc564e71cdae1522') in 0.052 seconds [static and dynamic dependencies]. Details - ImportResultOutputID=c0e659a0ad85f9435ac61a061f0c7814 DependenciesID=b25c49465a229924a242376d4d3eca0f StaticDependenciesID=097d98f0867e3ee8c4e66218905003ca 
Number of updated asset objects reloaded before import = 0
Number of asset objects unloaded after import = 0
========================================================================
Received Prepare
AcceleratorClientConnectionCallback - disconnected - :0
[Licensing::Client] Successfully resolved entitlement details
Begin MonoManager ReloadAssembly
'Packages/com.unity.render-pipelines.core/Editor/Deprecated.cs' contains partial class of Unity.Object, exactly 1 of the partial classes needs to be in a file with the same filename. This is to know the one that can be referenced from ie. GameObjects
'Packages/com.unity.render-pipelines.core/Editor/Deprecated.cs' contains partial class of Unity.Object, exactly 1 of the partial classes needs to be in a file with the same filename. This is to know the one that can be referenced from ie. GameObjects
Refreshing native plugins compatible for Editor in 5.46 ms, found 4 plugins.
Native extension for WindowsStandalone target not found
[Package Manager] Failed to launch server process. Reason: Unity was launched with the -noUpm command-line argument
[Package Manager] Unable to send message (not connected to server process).
[Package Manager] Cannot connect to Unity Package Manager local server
[Package Manager] Failed to launch server process. Reason: Unity was launched with the -noUpm command-line argument
[Package Manager] Unable to send message (not connected to server process).
[Package Manager] Cannot connect to Unity Package Manager local server
ScheduleIndexationOnStartup MainProcess:False IndexOnStartup:True
Scripting: successfully reloaded assembly
- Finished resetting the current domain, in  1.574 seconds
Domain Reload Profiling: 5748ms
	BeginReloadAssembly (1507ms)
		DisableScriptedObjects (185ms)
		CreateAndSetChildDomain (725ms)
	RebuildCommonClasses (20ms)
	RebuildNativeTypeToScriptingClass (29ms)
	initialDomainReloadingComplete (182ms)
	LoadAllAssembliesAndSetupDomain (2434ms)
		LoadAssemblies (1773ms)
		TypeCache.Refresh (50ms)
		AnalyzeDomain (462ms)
			BuildScriptInfoCaches (429ms)
			ResolveRequiredComponents (15ms)
	FinalizeReload (1576ms)
		SetupLoadedEditorAssemblies (0ms)
			LogAssemblyErrors (10ms)
			InitializePlatformSupportModulesInManaged (4ms)
			BeforeProcessingInitializeOnLoad (230ms)
			ProcessInitializeOnLoadAttributes (538ms)
			ProcessInitializeOnLoadMethodAttributes (156ms)
			AfterProcessingInitializeOnLoad (10ms)
			EditorAssembliesLoaded (4ms)
		AwakeInstancesAfterBackupRestoration (53ms)
Refreshing native plugins compatible for Editor in 2.26 ms, found 4 plugins.
Unloading 59 Unused Serialized files (Serialized files now loaded: 0)
Unloading 6617 unused Assets / (8.9 MB). Loaded Objects now: 7601.
Memory consumption went from 385.3 MB to 376.4 MB.
Total: 18.242000 ms (FindLiveObjects: 1.860700 ms CreateObjectMapping: 1.603700 ms MarkObjects: 9.173800 ms  DeleteObjects: 5.195600 ms)

Prepare: number of updated asset objects reloaded= 0
========================================================================
Received Import Request.
  Time of request: 2026-09-22T16:08:06.8468934Z
  Time since last request: 26.8154205 seconds.
  importAddress: GUID: 81d09d3d9a1eb3f40947a8fa4c317315 - Path: Assets/Script/GameManager.cs - Importer: PreviewImporter
Importing 'GUID: 81d09d3d9a1eb3f40947a8fa4c317315 - Path: Assets/Script/GameManager.cs - Importer: PreviewImporter' with importer (PreviewImporter)
Imported 'GUID: 81d09d3d9a1eb3f40947a8fa4c317315' -> (Import Result ID: '5b838af2a4dfc228a60989019abced8e') in 0.068 seconds [static and dynamic dependencies]. Details - ImportResultOutputID=1dd94547e7187b2c032584a5c56417d1 DependenciesID=d2bb12517d527954b3d036a271f29cc2 StaticDependenciesID=46983d6dba2c894a50e70bb4baa1c0e3 
Number of updated asset objects reloaded before import = 0
Number of asset objects unloaded after import = 0
========================================================================
Received Prepare
AcceleratorClientConnectionCallback - disconnected - :0
'Packages/com.unity.render-pipelines.core/Editor/Deprecated.cs' contains partial class of Unity.Object, exactly 1 of the partial classes needs to be in a file with the same filename. This is to know the one that can be referenced from ie. GameObjects
'Packages/com.unity.render-pipelines.core/Editor/Deprecated.cs' contains partial class of Unity.Object, exactly 1 of the partial classes needs to be in a file with the same filename. This is to know the one that can be referenced from ie. GameObjects
Refreshing native plugins compatible for Editor in 2.08 ms, found 4 plugins.
Unloading 59 Unused Serialized files (Serialized files now loaded: 0)
Unloading 6606 unused Assets / (8.7 MB). Loaded Objects now: 7601.
Memory consumption went from 387.5 MB to 378.7 MB.
Total: 18.144900 ms (FindLiveObjects: 1.851400 ms CreateObjectMapping: 1.483400 ms MarkObjects: 9.533000 ms  DeleteObjects: 4.910300 ms)

Prepare: number of updated asset objects reloaded= 0
========================================================================
Received Import Request.
  Time of request: 2026-09-22T16:08:44.0009008Z
  Time since last request: 37.0657561 seconds.
  importAddress: GUID: 81d09d3d9a1eb3f40947a8fa4c317315 - Path: Assets/Script/GameManager.cs - Importer: PreviewImporter
Importing 'GUID: 81d09d3d9a1eb3f40947a8fa4c317315 - Path: Assets/Script/GameManager.cs - Importer: PreviewImporter' with importer (PreviewImporter)
Imported 'GUID: 81d09d3d9a1eb3f40947a8fa4c317315' -> (Import Result ID: 'b7113d3e232eaefebe166f606719ee6a') in 0.030 seconds [static and dynamic dependencies]. Details - ImportResultOutputID=1dd94547e7187b2c032584a5c56417d1 DependenciesID=686b5cfd0c9a8901f04f9ff8bfcb0cd3 StaticDependenciesID=0cd52f7c8ec3a476e1a50ae675c9e996 
Number of updated asset objects reloaded before import = 0
Number of asset objects unloaded after import = 0
========================================================================
Received Prepare
AcceleratorClientConnectionCallback - disconnected - :0
'Packages/com.unity.render-pipelines.core/Editor/Deprecated.cs' contains partial class of Unity.Object, exactly 1 of the partial classes needs to be in a file with the same filename. This is to know the one that can be referenced from ie. GameObjects
'Packages/com.unity.render-pipelines.core/Editor/Deprecated.cs' contains partial class of Unity.Object, exactly 1 of the partial classes needs to be in a file with the same filename. This is to know the one that can be referenced from ie. GameObjects
Refreshing native plugins compatible for Editor in 2.06 ms, found 4 plugins.
Unloading 59 Unused Serialized files (Serialized files now loaded: 0)
Unloading 6606 unused Assets / (8.9 MB). Loaded Objects now: 7601.
Memory consumption went from 387.5 MB to 378.6 MB.
Total: 42.934300 ms (FindLiveObjects: 2.060000 ms CreateObjectMapping: 1.313200 ms MarkObjects: 34.273600 ms  DeleteObjects: 4.839600 ms)

Prepare: number of updated asset objects reloaded= 0
========================================================================
Received Prepare
AcceleratorClientConnectionCallback - disconnected - :0
'Packages/com.unity.render-pipelines.core/Editor/Deprecated.cs' contains partial class of Unity.Object, exactly 1 of the partial classes needs to be in a file with the same filename. This is to know the one that can be referenced from ie. GameObjects
'Packages/com.unity.render-pipelines.core/Editor/Deprecated.cs' contains partial class of Unity.Object, exactly 1 of the partial classes needs to be in a file with the same filename. This is to know the one that can be referenced from ie. GameObjects
Refreshing native plugins compatible for Editor in 2.50 ms, found 4 plugins.
Unloading 59 Unused Serialized files (Serialized files now loaded: 0)
Unloading 6606 unused Assets / (8.7 MB). Loaded Objects now: 7601.
Memory consumption went from 389.5 MB to 380.7 MB.
Total: 19.092900 ms (FindLiveObjects: 2.201100 ms CreateObjectMapping: 1.783200 ms MarkObjects: 9.463200 ms  DeleteObjects: 5.165300 ms)

Prepare: number of updated asset objects reloaded= 0
========================================================================
Received Prepare
AcceleratorClientConnectionCallback - disconnected - :0
'Packages/com.unity.render-pipelines.core/Editor/Deprecated.cs' contains partial class of Unity.Object, exactly 1 of the partial classes needs to be in a file with the same filename. This is to know the one that can be referenced from ie. GameObjects
'Packages/com.unity.render-pipelines.core/Editor/Deprecated.cs' contains partial class of Unity.Object, exactly 1 of the partial classes needs to be in a file with the same filename. This is to know the one that can be referenced from ie. GameObjects
Refreshing native plugins compatible for Editor in 3.02 ms, found 4 plugins.
Unloading 59 Unused Serialized files (Serialized files now loaded: 0)
Unloading 6606 unused Assets / (7.2 MB). Loaded Objects now: 7601.
Memory consumption went from 391.5 MB to 384.2 MB.
Total: 209.641600 ms (FindLiveObjects: 8.460500 ms CreateObjectMapping: 2.190300 ms MarkObjects: 189.190100 ms  DeleteObjects: 8.777800 ms)

Prepare: number of updated asset objects reloaded= 0
========================================================================
Received Prepare
AcceleratorClientConnectionCallback - disconnected - :0
'Packages/com.unity.render-pipelines.core/Editor/Deprecated.cs' contains partial class of Unity.Object, exactly 1 of the partial classes needs to be in a file with the same filename. This is to know the one that can be referenced from ie. GameObjects
'Packages/com.unity.render-pipelines.core/Editor/Deprecated.cs' contains partial class of Unity.Object, exactly 1 of the partial classes needs to be in a file with the same filename. This is to know the one that can be referenced from ie. GameObjects
Refreshing native plugins compatible for Editor in 2.19 ms, found 4 plugins.
Unloading 59 Unused Serialized files (Serialized files now loaded: 0)
Unloading 6606 unused Assets / (8.5 MB). Loaded Objects now: 7601.
Memory consumption went from 393.5 MB to 385.0 MB.
Total: 19.646500 ms (FindLiveObjects: 2.129000 ms CreateObjectMapping: 1.483400 ms MarkObjects: 10.959700 ms  DeleteObjects: 4.704600 ms)

Prepare: number of updated asset objects reloaded= 0
========================================================================
Received Prepare
AcceleratorClientConnectionCallback - disconnected - :0
[Licensing::Client] Successfully resolved entitlement details
Begin MonoManager ReloadAssembly
'Packages/com.unity.render-pipelines.core/Editor/Deprecated.cs' contains partial class of Unity.Object, exactly 1 of the partial classes needs to be in a file with the same filename. This is to know the one that can be referenced from ie. GameObjects
'Packages/com.unity.render-pipelines.core/Editor/Deprecated.cs' contains partial class of Unity.Object, exactly 1 of the partial classes needs to be in a file with the same filename. This is to know the one that can be referenced from ie. GameObjects
Refreshing native plugins compatible for Editor in 9.65 ms, found 4 plugins.
Native extension for WindowsStandalone target not found
[Package Manager] Failed to launch server process. Reason: Unity was launched with the -noUpm command-line argument
[Package Manager] Unable to send message (not connected to server process).
[Package Manager] Cannot connect to Unity Package Manager local server
[Package Manager] Failed to launch server process. Reason: Unity was launched with the -noUpm command-line argument
[Package Manager] Unable to send message (not connected to server process).
[Package Manager] Cannot connect to Unity Package Manager local server
ScheduleIndexationOnStartup MainProcess:False IndexOnStartup:True
Scripting: successfully reloaded assembly
- Finished resetting the current domain, in  1.622 seconds
Domain Reload Profiling: 5605ms
	BeginReloadAssembly (1876ms)
		DisableScriptedObjects (154ms)
		CreateAndSetChildDomain (951ms)
	RebuildCommonClasses (20ms)
	RebuildNativeTypeToScriptingClass (27ms)
	initialDomainReloadingComplete (159ms)
	LoadAllAssembliesAndSetupDomain (1898ms)
		LoadAssemblies (1330ms)
		TypeCache.Refresh (51ms)
		AnalyzeDomain (460ms)
			BuildScriptInfoCaches (414ms)
			ResolveRequiredComponents (14ms)
	FinalizeReload (1624ms)
		SetupLoadedEditorAssemblies (0ms)
			LogAssemblyErrors (10ms)
			InitializePlatformSupportModulesInManaged (3ms)
			BeforeProcessingInitializeOnLoad (247ms)
			ProcessInitializeOnLoadAttributes (583ms)
			ProcessInitializeOnLoadMethodAttributes (160ms)
			AfterProcessingInitializeOnLoad (10ms)
			EditorAssembliesLoaded (5ms)
		AwakeInstancesAfterBackupRestoration (50ms)
Refreshing native plugins compatible for Editor in 2.51 ms, found 4 plugins.
Unloading 59 Unused Serialized files (Serialized files now loaded: 0)
Unloading 6617 unused Assets / (8.9 MB). Loaded Objects now: 7604.
Memory consumption went from 395.4 MB to 386.5 MB.
Total: 17.585000 ms (FindLiveObjects: 2.054800 ms CreateObjectMapping: 1.496800 ms MarkObjects: 8.500600 ms  DeleteObjects: 5.166900 ms)

Prepare: number of updated asset objects reloaded= 0
========================================================================
Received Prepare
AcceleratorClientConnectionCallback - disconnected - :0
Refreshing native plugins compatible for Editor in 2.91 ms, found 4 plugins.
Unloading 59 Unused Serialized files (Serialized files now loaded: 0)
Unloading 59 unused Assets / (5.4 MB). Loaded Objects now: 7604.
Memory consumption went from 392.9 MB to 387.4 MB.
Total: 37.963200 ms (FindLiveObjects: 2.032600 ms CreateObjectMapping: 0.629100 ms MarkObjects: 30.949700 ms  DeleteObjects: 3.943100 ms)

Prepare: number of updated asset objects reloaded= 0
========================================================================
Received Prepare
AcceleratorClientConnectionCallback - disconnected - :0
'Packages/com.unity.render-pipelines.core/Editor/Deprecated.cs' contains partial class of Unity.Object, exactly 1 of the partial classes needs to be in a file with the same filename. This is to know the one that can be referenced from ie. GameObjects
'Packages/com.unity.render-pipelines.core/Editor/Deprecated.cs' contains partial class of Unity.Object, exactly 1 of the partial classes needs to be in a file with the same filename. This is to know the one that can be referenced from ie. GameObjects
Refreshing native plugins compatible for Editor in 5.86 ms, found 4 plugins.
Unloading 59 Unused Serialized files (Serialized files now loaded: 0)
Unloading 6606 unused Assets / (9.2 MB). Loaded Objects now: 7604.
Memory consumption went from 399.6 MB to 390.3 MB.
Total: 321.204700 ms (FindLiveObjects: 7.473800 ms CreateObjectMapping: 2.009400 ms MarkObjects: 302.959300 ms  DeleteObjects: 7.967500 ms)

Prepare: number of updated asset objects reloaded= 0
========================================================================
Received Prepare
AcceleratorClientConnectionCallback - disconnected - :0
[Licensing::Client] Successfully resolved entitlement details
Begin MonoManager ReloadAssembly
'Packages/com.unity.render-pipelines.core/Editor/Deprecated.cs' contains partial class of Unity.Object, exactly 1 of the partial classes needs to be in a file with the same filename. This is to know the one that can be referenced from ie. GameObjects
'Packages/com.unity.render-pipelines.core/Editor/Deprecated.cs' contains partial class of Unity.Object, exactly 1 of the partial classes needs to be in a file with the same filename. This is to know the one that can be referenced from ie. GameObjects
Refreshing native plugins compatible for Editor in 4.48 ms, found 4 plugins.
Native extension for WindowsStandalone target not found
[Package Manager] Failed to launch server process. Reason: Unity was launched with the -noUpm command-line argument
[Package Manager] Unable to send message (not connected to server process).
[Package Manager] Cannot connect to Unity Package Manager local server
[Package Manager] Failed to launch server process. Reason: Unity was launched with the -noUpm command-line argument
[Package Manager] Unable to send message (not connected to server process).
[Package Manager] Cannot connect to Unity Package Manager local server
ScheduleIndexationOnStartup MainProcess:False IndexOnStartup:True
Scripting: successfully reloaded assembly
- Finished resetting the current domain, in  1.659 seconds
Domain Reload Profiling: 6468ms
	BeginReloadAssembly (2188ms)
		DisableScriptedObjects (108ms)
		CreateAndSetChildDomain (760ms)
	RebuildCommonClasses (20ms)
	RebuildNativeTypeToScriptingClass (29ms)
	initialDomainReloadingComplete (190ms)
	LoadAllAssembliesAndSetupDomain (2380ms)
		LoadAssemblies (1751ms)
		TypeCache.Refresh (58ms)
		AnalyzeDomain (467ms)
			BuildScriptInfoCaches (417ms)
			ResolveRequiredComponents (15ms)
	FinalizeReload (1662ms)
		SetupLoadedEditorAssemblies (0ms)
			LogAssemblyErrors (8ms)
			InitializePlatformSupportModulesInManaged (6ms)
			BeforeProcessingInitializeOnLoad (260ms)
			ProcessInitializeOnLoadAttributes (573ms)
			ProcessInitializeOnLoadMethodAttributes (154ms)
			AfterProcessingInitializeOnLoad (10ms)
			EditorAssembliesLoaded (5ms)
		AwakeInstancesAfterBackupRestoration (53ms)
Unloading 59 Unused Serialized files (Serialized files now loaded: 0)
Unloading 6617 unused Assets / (7.3 MB). Loaded Objects now: 7607.
Memory consumption went from 401.5 MB to 394.3 MB.
Total: 17.375900 ms (FindLiveObjects: 1.856300 ms CreateObjectMapping: 1.419600 ms MarkObjects: 8.247400 ms  DeleteObjects: 5.471100 ms)

Prepare: number of updated asset objects reloaded= 0
========================================================================
Received Import Request.
  Time of request: 2026-09-22T16:17:37.8392584Z
  Time since last request: 533.79048460000001 seconds.
  importAddress: GUID: f8186f64f6a88924c86903ad6a3a590e - Path: Assets/HobiSoloved/FBX/Sign2.fbx - Importer: PreviewImporter
Importing 'GUID: f8186f64f6a88924c86903ad6a3a590e - Path: Assets/HobiSoloved/FBX/Sign2.fbx - Importer: PreviewImporter' with importer (PreviewImporter)
Imported 'GUID: f8186f64f6a88924c86903ad6a3a590e' -> (Import Result ID: 'a8406dd64601caf5306af4493c4509e6') in 2.414 seconds [static and dynamic dependencies]. Details - ImportResultOutputID=b0fcf761a4f95f2cacbca599f93e1048 DependenciesID=735f8b0e496327ffaaff7da0c7e714ae StaticDependenciesID=0350426e681b8a8689af32724f14241b 
Number of updated asset objects reloaded before import = 0
Number of asset objects unloaded after import = 9
========================================================================
Received Import Request.
  Time of request: 2026-09-22T16:17:40.2821491Z
  Time since last request: 0.0043551 seconds.
  importAddress: GUID: ba26ed8896203614280a995ed4213c4d - Path: Assets/HobiSoloved/FBX/Sign1.fbx - Importer: PreviewImporter
Importing 'GUID: ba26ed8896203614280a995ed4213c4d - Path: Assets/HobiSoloved/FBX/Sign1.fbx - Importer: PreviewImporter' with importer (PreviewImporter)
Imported 'GUID: ba26ed8896203614280a995ed4213c4d' -> (Import Result ID: 'd6623bf0178fb89158e435147d48f2b2') in 0.081 seconds [static and dynamic dependencies]. Details - ImportResultOutputID=cbaa0054acb8e676c0147b42e057abef DependenciesID=badf94bc7bd7f90b008c7feefa244a2b StaticDependenciesID=5019298a14e52af1bdbad6cc1fa85c2c 
Number of updated asset objects reloaded before import = 0
Number of asset objects unloaded after import = 9
========================================================================
Received Prepare
AcceleratorClientConnectionCallback - disconnected - :0
'Packages/com.unity.render-pipelines.core/Editor/Deprecated.cs' contains partial class of Unity.Object, exactly 1 of the partial classes needs to be in a file with the same filename. This is to know the one that can be referenced from ie. GameObjects
'Packages/com.unity.render-pipelines.core/Editor/Deprecated.cs' contains partial class of Unity.Object, exactly 1 of the partial classes needs to be in a file with the same filename. This is to know the one that can be referenced from ie. GameObjects
Refreshing native plugins compatible for Editor in 2.74 ms, found 4 plugins.
Unloading 59 Unused Serialized files (Serialized files now loaded: 0)
Unloading 6606 unused Assets / (9.9 MB). Loaded Objects now: 7723.
Memory consumption went from 399.3 MB to 389.4 MB.
Total: 299.794600 ms (FindLiveObjects: 9.810900 ms CreateObjectMapping: 1.943300 ms MarkObjects: 277.795200 ms  DeleteObjects: 9.301300 ms)

Prepare: number of updated asset objects reloaded= 0
========================================================================
Received Prepare
AcceleratorClientConnectionCallback - disconnected - :0
[Licensing::Client] Successfully resolved entitlement details
Begin MonoManager ReloadAssembly
'Packages/com.unity.render-pipelines.core/Editor/Deprecated.cs' contains partial class of Unity.Object, exactly 1 of the partial classes needs to be in a file with the same filename. This is to know the one that can be referenced from ie. GameObjects
'Packages/com.unity.render-pipelines.core/Editor/Deprecated.cs' contains partial class of Unity.Object, exactly 1 of the partial classes needs to be in a file with the same filename. This is to know the one that can be referenced from ie. GameObjects
Refreshing native plugins compatible for Editor in 5.05 ms, found 4 plugins.
Native extension for WindowsStandalone target not found
[Package Manager] Failed to launch server process. Reason: Unity was launched with the -noUpm command-line argument
[Package Manager] Unable to send message (not connected to server process).
[Package Manager] Cannot connect to Unity Package Manager local server
[Package Manager] Failed to launch server process. Reason: Unity was launched with the -noUpm command-line argument
[Package Manager] Unable to send message (not connected to server process).
[Package Manager] Cannot connect to Unity Package Manager local server
ScheduleIndexationOnStartup MainProcess:False IndexOnStartup:True
Scripting: successfully reloaded assembly
- Finished resetting the current domain, in  1.570 seconds
Domain Reload Profiling: 6487ms
	BeginReloadAssembly (2628ms)
		DisableScriptedObjects (460ms)
		CreateAndSetChildDomain (886ms)
	RebuildCommonClasses (23ms)
	RebuildNativeTypeToScriptingClass (30ms)
	initialDomainReloadingComplete (276ms)
	LoadAllAssembliesAndSetupDomain (1958ms)
		LoadAssemblies (1622ms)
		TypeCache.Refresh (54ms)
		AnalyzeDomain (637ms)
			BuildScriptInfoCaches (588ms)
			ResolveRequiredComponents (16ms)
	FinalizeReload (1572ms)
		SetupLoadedEditorAssemblies (0ms)
			LogAssemblyErrors (9ms)
			InitializePlatformSupportModulesInManaged (4ms)
			BeforeProcessingInitializeOnLoad (260ms)
			ProcessInitializeOnLoadAttributes (541ms)
			ProcessInitializeOnLoadMethodAttributes (155ms)
			AfterProcessingInitializeOnLoad (10ms)
			EditorAssembliesLoaded (5ms)
		AwakeInstancesAfterBackupRestoration (57ms)
Refreshing native plugins compatible for Editor in 2.41 ms, found 4 plugins.
Unloading 59 Unused Serialized files (Serialized files now loaded: 0)
Unloading 6617 unused Assets / (8.8 MB). Loaded Objects now: 7634.
Memory consumption went from 397.9 MB to 389.1 MB.
Total: 19.474900 ms (FindLiveObjects: 2.382300 ms CreateObjectMapping: 1.456800 ms MarkObjects: 9.371900 ms  DeleteObjects: 5.872400 ms)

Prepare: number of updated asset objects reloaded= 0
========================================================================
Received Prepare
AcceleratorClientConnectionCallback - disconnected - :0
'Packages/com.unity.render-pipelines.core/Editor/Deprecated.cs' contains partial class of Unity.Object, exactly 1 of the partial classes needs to be in a file with the same filename. This is to know the one that can be referenced from ie. GameObjects
'Packages/com.unity.render-pipelines.core/Editor/Deprecated.cs' contains partial class of Unity.Object, exactly 1 of the partial classes needs to be in a file with the same filename. This is to know the one that can be referenced from ie. GameObjects
Refreshing native plugins compatible for Editor in 6.59 ms, found 4 plugins.
Unloading 59 Unused Serialized files (Serialized files now loaded: 0)
Unloading 6606 unused Assets / (6.7 MB). Loaded Objects now: 7634.
Memory consumption went from 400.0 MB to 393.3 MB.
Total: 287.001400 ms (FindLiveObjects: 8.583600 ms CreateObjectMapping: 1.539300 ms MarkObjects: 268.509700 ms  DeleteObjects: 7.319300 ms)

Prepare: number of updated asset objects reloaded= 0
========================================================================
Received Prepare
AcceleratorClientConnectionCallback - disconnected - :0
[Licensing::Client] Successfully resolved entitlement details
Begin MonoManager ReloadAssembly
'Packages/com.unity.render-pipelines.core/Editor/Deprecated.cs' contains partial class of Unity.Object, exactly 1 of the partial classes needs to be in a file with the same filename. This is to know the one that can be referenced from ie. GameObjects
'Packages/com.unity.render-pipelines.core/Editor/Deprecated.cs' contains partial class of Unity.Object, exactly 1 of the partial classes needs to be in a file with the same filename. This is to know the one that can be referenced from ie. GameObjects
Refreshing native plugins compatible for Editor in 5.89 ms, found 4 plugins.
Native extension for WindowsStandalone target not found
[Package Manager] Failed to launch server process. Reason: Unity was launched with the -noUpm command-line argument
[Package Manager] Unable to send message (not connected to server process).
[Package Manager] Cannot connect to Unity Package Manager local server
[Package Manager] Failed to launch server process. Reason: Unity was launched with the -noUpm command-line argument
[Package Manager] Unable to send message (not connected to server process).
[Package Manager] Cannot connect to Unity Package Manager local server
ScheduleIndexationOnStartup MainProcess:False IndexOnStartup:True
Scripting: successfully reloaded assembly
- Finished resetting the current domain, in  1.710 seconds
Domain Reload Profiling: 6922ms
	BeginReloadAssembly (2690ms)
		DisableScriptedObjects (188ms)
		ReleaseScriptingObjects (3ms)
		CreateAndSetChildDomain (1000ms)
	RebuildCommonClasses (22ms)
	RebuildNativeTypeToScriptingClass (31ms)
	initialDomainReloadingComplete (284ms)
	LoadAllAssembliesAndSetupDomain (2182ms)
		LoadAssemblies (1573ms)
		TypeCache.Refresh (59ms)
		AnalyzeDomain (525ms)
			BuildScriptInfoCaches (471ms)
			ResolveRequiredComponents (16ms)
	FinalizeReload (1713ms)
		SetupLoadedEditorAssemblies (0ms)
			LogAssemblyErrors (44ms)
			InitializePlatformSupportModulesInManaged (4ms)
			BeforeProcessingInitializeOnLoad (255ms)
			ProcessInitializeOnLoadAttributes (621ms)
			ProcessInitializeOnLoadMethodAttributes (171ms)
			AfterProcessingInitializeOnLoad (10ms)
			EditorAssembliesLoaded (7ms)
		AwakeInstancesAfterBackupRestoration (54ms)
Refreshing native plugins compatible for Editor in 5.24 ms, found 4 plugins.
Unloading 59 Unused Serialized files (Serialized files now loaded: 0)
Unloading 6617 unused Assets / (8.4 MB). Loaded Objects now: 7637.
Memory consumption went from 402.0 MB to 393.6 MB.
Total: 18.503400 ms (FindLiveObjects: 2.131400 ms CreateObjectMapping: 1.559900 ms MarkObjects: 9.061600 ms  DeleteObjects: 5.374200 ms)

Prepare: number of updated asset objects reloaded= 0
========================================================================
Received Prepare
AcceleratorClientConnectionCallback - disconnected - :0
'Packages/com.unity.render-pipelines.core/Editor/Deprecated.cs' contains partial class of Unity.Object, exactly 1 of the partial classes needs to be in a file with the same filename. This is to know the one that can be referenced from ie. GameObjects
'Packages/com.unity.render-pipelines.core/Editor/Deprecated.cs' contains partial class of Unity.Object, exactly 1 of the partial classes needs to be in a file with the same filename. This is to know the one that can be referenced from ie. GameObjects
Refreshing native plugins compatible for Editor in 2.39 ms, found 4 plugins.
Unloading 59 Unused Serialized files (Serialized files now loaded: 0)
Unloading 6606 unused Assets / (8.6 MB). Loaded Objects now: 7637.
Memory consumption went from 404.2 MB to 395.6 MB.
Total: 193.495800 ms (FindLiveObjects: 6.573800 ms CreateObjectMapping: 3.295400 ms MarkObjects: 170.286100 ms  DeleteObjects: 5.788400 ms)

Prepare: number of updated asset objects reloaded= 0
========================================================================
Received Prepare
AcceleratorClientConnectionCallback - disconnected - :0
[Licensing::Client] Successfully resolved entitlement details
Begin MonoManager ReloadAssembly
'Packages/com.unity.render-pipelines.core/Editor/Deprecated.cs' contains partial class of Unity.Object, exactly 1 of the partial classes needs to be in a file with the same filename. This is to know the one that can be referenced from ie. GameObjects
'Packages/com.unity.render-pipelines.core/Editor/Deprecated.cs' contains partial class of Unity.Object, exactly 1 of the partial classes needs to be in a file with the same filename. This is to know the one that can be referenced from ie. GameObjects
Refreshing native plugins compatible for Editor in 4.55 ms, found 4 plugins.
Native extension for WindowsStandalone target not found
[Package Manager] Failed to launch server process. Reason: Unity was launched with the -noUpm command-line argument
[Package Manager] Unable to send message (not connected to server process).
[Package Manager] Cannot connect to Unity Package Manager local server
[Package Manager] Failed to launch server process. Reason: Unity was launched with the -noUpm command-line argument
[Package Manager] Unable to send message (not connected to server process).
[Package Manager] Cannot connect to Unity Package Manager local server
ScheduleIndexationOnStartup MainProcess:False IndexOnStartup:True
Scripting: successfully reloaded assembly
- Finished resetting the current domain, in  1.498 seconds
Domain Reload Profiling: 4456ms
	BeginReloadAssembly (1110ms)
		DisableScriptedObjects (38ms)
		CreateAndSetChildDomain (460ms)
	RebuildCommonClasses (23ms)
	RebuildNativeTypeToScriptingClass (31ms)
	initialDomainReloadingComplete (120ms)
	LoadAllAssembliesAndSetupDomain (1671ms)
		LoadAssemblies (1024ms)
		TypeCache.Refresh (150ms)
			TypeCache.ScanAssembly (4ms)
		AnalyzeDomain (383ms)
			BuildScriptInfoCaches (346ms)
			ResolveRequiredComponents (12ms)
	FinalizeReload (1501ms)
		SetupLoadedEditorAssemblies (0ms)
			LogAssemblyErrors (34ms)
			InitializePlatformSupportModulesInManaged (4ms)
			BeforeProcessingInitializeOnLoad (225ms)
			ProcessInitializeOnLoadAttributes (515ms)
			ProcessInitializeOnLoadMethodAttributes (162ms)
			AfterProcessingInitializeOnLoad (11ms)
			EditorAssembliesLoaded (3ms)
		AwakeInstancesAfterBackupRestoration (57ms)
Refreshing native plugins compatible for Editor in 2.54 ms, found 4 plugins.
Unloading 59 Unused Serialized files (Serialized files now loaded: 0)
Unloading 6617 unused Assets / (9.2 MB). Loaded Objects now: 7640.
Memory consumption went from 406.2 MB to 397.0 MB.
Total: 22.120600 ms (FindLiveObjects: 2.204200 ms CreateObjectMapping: 1.657400 ms MarkObjects: 11.239100 ms  DeleteObjects: 6.608600 ms)

Prepare: number of updated asset objects reloaded= 0
========================================================================
Received Prepare
AcceleratorClientConnectionCallback - disconnected - :0
'Packages/com.unity.render-pipelines.core/Editor/Deprecated.cs' contains partial class of Unity.Object, exactly 1 of the partial classes needs to be in a file with the same filename. This is to know the one that can be referenced from ie. GameObjects
'Packages/com.unity.render-pipelines.core/Editor/Deprecated.cs' contains partial class of Unity.Object, exactly 1 of the partial classes needs to be in a file with the same filename. This is to know the one that can be referenced from ie. GameObjects
Refreshing native plugins compatible for Editor in 11.96 ms, found 4 plugins.
Unloading 59 Unused Serialized files (Serialized files now loaded: 0)
Unloading 6606 unused Assets / (9.2 MB). Loaded Objects now: 7640.
Memory consumption went from 408.3 MB to 399.1 MB.
Total: 297.043000 ms (FindLiveObjects: 10.821300 ms CreateObjectMapping: 1.840900 ms MarkObjects: 272.845500 ms  DeleteObjects: 10.242200 ms)

Prepare: number of updated asset objects reloaded= 0
========================================================================
Received Prepare
AcceleratorClientConnectionCallback - disconnected - :0
[Licensing::Client] Successfully resolved entitlement details
Begin MonoManager ReloadAssembly
'Packages/com.unity.render-pipelines.core/Editor/Deprecated.cs' contains partial class of Unity.Object, exactly 1 of the partial classes needs to be in a file with the same filename. This is to know the one that can be referenced from ie. GameObjects
'Packages/com.unity.render-pipelines.core/Editor/Deprecated.cs' contains partial class of Unity.Object, exactly 1 of the partial classes needs to be in a file with the same filename. This is to know the one that can be referenced from ie. GameObjects
Refreshing native plugins compatible for Editor in 8.02 ms, found 4 plugins.
Native extension for WindowsStandalone target not found
[Package Manager] Failed to launch server process. Reason: Unity was launched with the -noUpm command-line argument
[Package Manager] Unable to send message (not connected to server process).
[Package Manager] Cannot connect to Unity Package Manager local server
[Package Manager] Failed to launch server process. Reason: Unity was launched with the -noUpm command-line argument
[Package Manager] Unable to send message (not connected to server process).
[Package Manager] Cannot connect to Unity Package Manager local server
ScheduleIndexationOnStartup MainProcess:False IndexOnStartup:True
Scripting: successfully reloaded assembly
- Finished resetting the current domain, in  1.593 seconds
Domain Reload Profiling: 6851ms
	BeginReloadAssembly (2937ms)
		DisableScriptedObjects (147ms)
		CreateAndSetChildDomain (1216ms)
	RebuildCommonClasses (25ms)
	RebuildNativeTypeToScriptingClass (28ms)
	initialDomainReloadingComplete (266ms)
	LoadAllAssembliesAndSetupDomain (2000ms)
		LoadAssemblies (1597ms)
		TypeCache.Refresh (53ms)
		AnalyzeDomain (538ms)
			BuildScriptInfoCaches (481ms)
			ResolveRequiredComponents (17ms)
	FinalizeReload (1595ms)
		SetupLoadedEditorAssemblies (0ms)
			LogAssemblyErrors (7ms)
			InitializePlatformSupportModulesInManaged (5ms)
			BeforeProcessingInitializeOnLoad (238ms)
			ProcessInitializeOnLoadAttributes (555ms)
			ProcessInitializeOnLoadMethodAttributes (169ms)
			AfterProcessingInitializeOnLoad (10ms)
			EditorAssembliesLoaded (5ms)
		AwakeInstancesAfterBackupRestoration (57ms)
Unloading 59 Unused Serialized files (Serialized files now loaded: 0)
Unloading 6617 unused Assets / (8.6 MB). Loaded Objects now: 7643.
Memory consumption went from 411.1 MB to 402.5 MB.
Total: 19.306300 ms (FindLiveObjects: 2.036000 ms CreateObjectMapping: 1.434700 ms MarkObjects: 9.188800 ms  DeleteObjects: 6.258000 ms)

Prepare: number of updated asset objects reloaded= 0
========================================================================
Received Prepare
AcceleratorClientConnectionCallback - disconnected - :0
'Packages/com.unity.render-pipelines.core/Editor/Deprecated.cs' contains partial class of Unity.Object, exactly 1 of the partial classes needs to be in a file with the same filename. This is to know the one that can be referenced from ie. GameObjects
'Packages/com.unity.render-pipelines.core/Editor/Deprecated.cs' contains partial class of Unity.Object, exactly 1 of the partial classes needs to be in a file with the same filename. This is to know the one that can be referenced from ie. GameObjects
Refreshing native plugins compatible for Editor in 2.27 ms, found 4 plugins.
Unloading 59 Unused Serialized files (Serialized files now loaded: 0)
Unloading 6606 unused Assets / (9.3 MB). Loaded Objects now: 7643.
Memory consumption went from 413.2 MB to 403.9 MB.
Total: 20.308700 ms (FindLiveObjects: 2.121700 ms CreateObjectMapping: 1.450400 ms MarkObjects: 10.931000 ms  DeleteObjects: 5.451300 ms)

Prepare: number of updated asset objects reloaded= 0
========================================================================
Received Prepare
AcceleratorClientConnectionCallback - disconnected - :0
[Licensing::Client] Successfully resolved entitlement details
Begin MonoManager ReloadAssembly
'Packages/com.unity.render-pipelines.core/Editor/Deprecated.cs' contains partial class of Unity.Object, exactly 1 of the partial classes needs to be in a file with the same filename. This is to know the one that can be referenced from ie. GameObjects
'Packages/com.unity.render-pipelines.core/Editor/Deprecated.cs' contains partial class of Unity.Object, exactly 1 of the partial classes needs to be in a file with the same filename. This is to know the one that can be referenced from ie. GameObjects
Refreshing native plugins compatible for Editor in 4.77 ms, found 4 plugins.
Native extension for WindowsStandalone target not found
[Package Manager] Failed to launch server process. Reason: Unity was launched with the -noUpm command-line argument
[Package Manager] Unable to send message (not connected to server process).
[Package Manager] Cannot connect to Unity Package Manager local server
[Package Manager] Failed to launch server process. Reason: Unity was launched with the -noUpm command-line argument
[Package Manager] Unable to send message (not connected to server process).
[Package Manager] Cannot connect to Unity Package Manager local server
ScheduleIndexationOnStartup MainProcess:False IndexOnStartup:True
Scripting: successfully reloaded assembly
- Finished resetting the current domain, in  1.491 seconds
Domain Reload Profiling: 4139ms
	BeginReloadAssembly (578ms)
		DisableScriptedObjects (18ms)
		CreateAndSetChildDomain (200ms)
	RebuildCommonClasses (24ms)
	RebuildNativeTypeToScriptingClass (35ms)
	initialDomainReloadingComplete (122ms)
	LoadAllAssembliesAndSetupDomain (1888ms)
		LoadAssemblies (1059ms)
		TypeCache.Refresh (232ms)
			TypeCache.ScanAssembly (5ms)
		AnalyzeDomain (406ms)
			BuildScriptInfoCaches (356ms)
			ResolveRequiredComponents (15ms)
	FinalizeReload (1492ms)
		SetupLoadedEditorAssemblies (0ms)
			LogAssemblyErrors (6ms)
			InitializePlatformSupportModulesInManaged (4ms)
			BeforeProcessingInitializeOnLoad (236ms)
			ProcessInitializeOnLoadAttributes (521ms)
			ProcessInitializeOnLoadMethodAttributes (163ms)
			AfterProcessingInitializeOnLoad (10ms)
			EditorAssembliesLoaded (5ms)
		AwakeInstancesAfterBackupRestoration (51ms)
Refreshing native plugins compatible for Editor in 2.13 ms, found 4 plugins.
Unloading 59 Unused Serialized files (Serialized files now loaded: 0)
Unloading 6617 unused Assets / (8.7 MB). Loaded Objects now: 7646.
Memory consumption went from 417.3 MB to 408.6 MB.
Total: 18.081400 ms (FindLiveObjects: 2.152500 ms CreateObjectMapping: 1.460100 ms MarkObjects: 8.575200 ms  DeleteObjects: 5.499800 ms)

Prepare: number of updated asset objects reloaded= 0
========================================================================
Received Prepare
AcceleratorClientConnectionCallback - disconnected - :0
Refreshing native plugins compatible for Editor in 2.15 ms, found 4 plugins.
Unloading 59 Unused Serialized files (Serialized files now loaded: 0)
Unloading 59 unused Assets / (5.3 MB). Loaded Objects now: 7646.
Memory consumption went from 414.8 MB to 409.5 MB.
Total: 53.892100 ms (FindLiveObjects: 2.049900 ms CreateObjectMapping: 0.590900 ms MarkObjects: 45.927500 ms  DeleteObjects: 3.817900 ms)

Prepare: number of updated asset objects reloaded= 0
Editor requested this worker to shutdown with reason: Editor is closing down
AcceleratorClientConnectionCallback - disconnected - :0
AssetImportWorker is now disconnected from the server
Process exiting
[ExitDontLaunchBugReporter] Exiting without the bug reporter. Application will exit with return code 0
