[Licensing::Module] Trying to connect to existing licensing client channel...
[Licensing::IpcConnector] Successfully connected to: "LicenseClient-golfa" at "2026-09-22T15:12:03.4007943Z"
Built from '6000.6/staging' branch; Version is '6000.6.2f1 (770e33f6875c) revision 7802419'; Using compiler version '194234433'; Build Type 'Release'
OS: 'Windows 11  (10.0.26200) Core' Language: 'en' Physical Memory: 16125 MB
BatchMode: 1, IsHumanControllingUs: 0, StartBugReporterOnCrash: 0, Is64bit: 1
System  architecture: x64
Process architecture: x64
Date: 2026-09-22T15:12:03Z
[Licensing::Client] Code 10 while verifying Licensing Client signature (process Id: 24224, path: "C:/Program Files/Unity Hub/UnityLicensingClient_V1/Unity.Licensing.Client.exe")
[Licensing::Module] LicensingClient has failed validation; ignoring
[Licensing::Client] Handshaking with LicensingClient:
  Version:                 1.18.3+d7ffd15
  Session Id:              690a1fb12f2d4cbabcec9617b13263d8
  Correlation Id:          3e556e25bde6c1085414641d49247486
  External correlation Id: 758160274107079954
  Machine Id:              FUnE4I3JiGVUYJ7CitaydDp0Olk=
[Licensing::Module] Successfully connected to LicensingClient on channel: "LicenseClient-golfa" (connect: 0.00s, validation: 0.00s, handshake: 0.10s)
[Licensing::IpcConnector] Successfully connected to: "LicenseClient-golfa-notifications" at "2026-09-22T15:12:03.501188Z"
[Licensing::Module] Licensing Background thread has ended after 0.10s

COMMAND LINE ARGUMENTS:
C:\Program Files\Unity\Hub\Editor\6000.6.2f1\Editor\Unity.exe
-adb2
-batchMode
-noUpm
-name
AssetImportWorkerHW0
-projectPath
C:/Users/golfa/EndlessRun
-logFile
Logs/AssetImportWorkerHW0.log
-srvPort
55101
-parentPid
30132
-analyticsCloudUserId
anonymous
-analyticsLocalProjectId
2c09747f128a83e4f817898a12250cb7
-editorAnalyticsEnabled
1
-cbmEditorLicense
2483fd98348eaff93f7cb9b040f9533a53650a6a
-cbmMachineId
FUnE4I3JiGVUYJ7CitaydDp0Olk=
-licensingIpc
LicenseClient-golfa
-noDiagnosticSwitchPersistentStore
-job-worker-count
9
-background-job-worker-count
8
-asset-garbage-collectors
1
-force-d3d12
-name
AssetImport
Successfully changed project path to: C:/Users/golfa/EndlessRun
C:/Users/golfa/EndlessRun
[UnityMemory] Configuration Parameters - Can be set up in boot.config
    "memorysetup-temp-allocator-size-gi-baking-worker=262144"
    "memorysetup-temp-allocator-size-gi-baking-worker=262144"
    "memorysetup-temp-allocator-size-gi-baking-worker=262144"
    "memorysetup-temp-allocator-size-gi-baking-worker=262144"
    "memorysetup-temp-allocator-size-gi-baking-worker=262144"
    "memorysetup-temp-allocator-size-nav-mesh-worker=65536"
    "memorysetup-temp-allocator-size-audio-worker=65536"
    "memorysetup-temp-allocator-size-cloud-worker=32768"
    "memorysetup-temp-allocator-size-gfx=262144"
    "memorysetup-remapper-allocator-initial-capacity=32768"
    "memorysetup-temp-allocator-size-preload-manager=33554432"
    "memorysetup-allocator-temp-initial-block-size-main=262144"
    "memorysetup-allocator-temp-initial-block-size-worker=262144"
    "memorysetup-temp-allocator-size-job-worker=262144"
    "memorysetup-temp-allocator-size-background-worker=32768"
    "memorysetup-bucket-allocator-granularity=16"
    "memorysetup-bucket-allocator-bucket-count=8"
    "memorysetup-bucket-allocator-block-size=33554432"
    "memorysetup-bucket-allocator-block-count=8"
    "memorysetup-main-allocator-block-size=16777216"
    "memorysetup-thread-allocator-block-size=16777216"
    "memorysetup-main-allocator-mimalloc-enabled=1"
    "memorysetup-gfx-main-allocator-block-size=16777216"
    "memorysetup-gfx-thread-allocator-block-size=16777216"
    "memorysetup-cache-allocator-block-size=4194304"
    "memorysetup-typetree-allocator-block-size=2097152"
    "memorysetup-profiler-bucket-allocator-granularity=16"
    "memorysetup-profiler-bucket-allocator-bucket-count=8"
    "memorysetup-profiler-bucket-allocator-block-size=33554432"
    "memorysetup-profiler-bucket-allocator-block-count=8"
    "memorysetup-profiler-allocator-block-size=16777216"
    "memorysetup-profiler-editor-allocator-block-size=1048576"
    "memorysetup-temp-allocator-size-main=16777216"
    "memorysetup-job-temp-allocator-block-size=2097152"
    "memorysetup-job-temp-allocator-block-size-background=1048576"
    "memorysetup-job-temp-allocator-reduction-small-platforms=262144"
Player connection [11076]  Target information:

Player connection [11076]  * "[IP] 192.168.1.100 [Port] 0 [Flags] 2 [Guid] 2924367441 [EditorId] 2924367441 [Version] 1048832 [Id] WindowsEditor(7,Onejack) [Debug] 1 [PackageName] WindowsEditor [ProjectName] Editor" 

Player connection [11076] Host joined multi-casting on [225.0.0.222:54997]...
Player connection [11076] Host joined alternative multi-casting on [225.0.0.222:34997]...
JobSystem: Creating JobQueue using job-worker-count value 9
Input System module state changed to: Initialized.
[Physics::Module] Initialized fallback backend.
[Physics::Module] Id: 0xdecafbad
Library Redirect Path: Library/
Initialising UDS system complete:
  - System type: Client
  - Resource namespace: 02ed33dc1d323521a89e783b5109f325
  - Shared memory size: 1073741824
  - Command buffer id: 1052576
  - Command buffer size: 8192
  - Hashmap size: 4194304
  - Service connected: true
  - Service working directory: Library/DataStore/
[Physics::Module] Selected backend.
[Physics::Module] Name: PhysX
[Physics::Module] Id: 0xf2b8ea05
[Physics::Module] SDK Version: 4.1.2
[Physics::Module] Integration Version: 1.0.0
[Physics::Module] Threading Mode: Multi-Threaded
Refreshing native plugins compatible for Editor in 24.15 ms, found 4 plugins.
Initialize engine version: 6000.6.2f1 (770e33f6875c)
[EntityIdStore] init: VM path (explicit commit), pageSize=4096, blockCount=1048576, entitiesPerBlock=256, slots reserved=4294967296 bytes
[Subsystems] Discovering subsystems at path C:/Program Files/Unity/Hub/Editor/6000.6.2f1/Editor/Data/Resources/UnitySubsystems
[Subsystems] Discovering subsystems at path C:/Users/golfa/EndlessRun/Assets
Forcing GfxDevice: Direct3D 12
GfxDevice: creating device client; kGfxThreadingModeNonThreaded
d3d12: failed to query info queue interface (0x80004002).
Direct3D:
    Version:         Direct3D 12 [level 12.2]
    Renderer:        NVIDIA GeForce RTX 4060 Ti (ID=0x2803)
    Vendor:          NVIDIA
    VRAM:            7949 MB
    App VRAM Budget: 5326 MB
    Driver:          32.0.16.1088
Initialize mono
Mono path[0] = 'C:/Program Files/Unity/Hub/Editor/6000.6.2f1/Editor/Data/Managed'
Mono path[1] = 'C:/Program Files/Unity/Hub/Editor/6000.6.2f1/Editor/Data/BCLExtensions/runtime/netstandard2.1'
Mono path[2] = 'C:/Program Files/Unity/Hub/Editor/6000.6.2f1/Editor/Data/MonoBleedingEdge/lib/mono/unityjit-win32'
Mono config path = 'C:/Program Files/Unity/Hub/Editor/6000.6.2f1/Editor/Data/MonoBleedingEdge/etc'
Using monoOptions --debugger-agent=transport=dt_socket,embedding=1,server=y,suspend=n,address=127.0.0.1:56588
CodeReloadManager initialized
Begin MonoManager ReloadAssembly
Registering precompiled unity dll's ...
Register platform support module: C:/Program Files/Unity/Hub/Editor/6000.6.2f1/Editor/Data/PlaybackEngines/WindowsStandaloneSupport/UnityEditor.WindowsStandalone.Extensions.dll
Registered in 0.005811 seconds.
Native extension for WindowsStandalone target not found
Package Manager log level set to [2]
[Package Manager] Failed to launch server process. Reason: Unity was launched with the -noUpm command-line argument
[Package Manager] Unable to send message (not connected to server process).
[Package Manager] Cannot connect to Unity Package Manager local server
ScheduleIndexationOnStartup MainProcess:False IndexOnStartup:True
Scripting: successfully reloaded assembly
- Finished resetting the current domain, in  4.468 seconds
Domain Reload Profiling: 6974ms
	BeginReloadAssembly (830ms)
		CreateAndSetChildDomain (3ms)
	RebuildCommonClasses (10ms)
	RebuildNativeTypeToScriptingClass (55ms)
	initialDomainReloadingComplete (233ms)
	LoadAllAssembliesAndSetupDomain (1375ms)
		LoadAssemblies (822ms)
		TypeCache.Refresh (931ms)
			TypeCache.ScanAssembly (889ms)
		AnalyzeDomain (2ms)
	FinalizeReload (4471ms)
		SetupLoadedEditorAssemblies (0ms)
			LogAssemblyErrors (3ms)
			InitializePlatformSupportModulesInManaged (20ms)
			BeforeProcessingInitializeOnLoad (2594ms)
			ProcessInitializeOnLoadAttributes (415ms)
			ProcessInitializeOnLoadMethodAttributes (997ms)
			EditorAssembliesLoaded (3ms)
Initializing Unity extensions:
[Licensing::Client] Successfully resolved entitlement details
[Licensing::Module] License group:
  Id: 18967218653225-UnityPersXXXX
  Product: Unity Personal
  Type: Assigned
  Expiration: Unlimited
========================================================================
Worker process is ready to serve import requests
Import Worker Mode flag is 0x00
Begin MonoManager ReloadAssembly
'Packages/com.unity.render-pipelines.core/Editor/Deprecated.cs' contains partial class of Unity.Object, exactly 1 of the partial classes needs to be in a file with the same filename. This is to know the one that can be referenced from ie. GameObjects
'Packages/com.unity.render-pipelines.core/Editor/Deprecated.cs' contains partial class of Unity.Object, exactly 1 of the partial classes needs to be in a file with the same filename. This is to know the one that can be referenced from ie. GameObjects
Refreshing native plugins compatible for Editor in 10.18 ms, found 4 plugins.
Native extension for WindowsStandalone target not found
[Package Manager] Failed to launch server process. Reason: Unity was launched with the -noUpm command-line argument
[Package Manager] Unable to send message (not connected to server process).
[Package Manager] Cannot connect to Unity Package Manager local server
Refreshing native plugins compatible for Editor in 4.63 ms, found 4 plugins.
[Package Manager] Failed to launch server process. Reason: Unity was launched with the -noUpm command-line argument
[Package Manager] Unable to send message (not connected to server process).
[Package Manager] Cannot connect to Unity Package Manager local server
ScheduleIndexationOnStartup MainProcess:False IndexOnStartup:True
Scripting: successfully reloaded assembly
- Finished resetting the current domain, in  2.306 seconds
Domain Reload Profiling: 4883ms
	BeginReloadAssembly (650ms)
		DisableScriptedObjects (39ms)
		CreateAndSetChildDomain (107ms)
	RebuildCommonClasses (18ms)
	RebuildNativeTypeToScriptingClass (39ms)
	initialDomainReloadingComplete (156ms)
	LoadAllAssembliesAndSetupDomain (1711ms)
		LoadAssemblies (1000ms)
		TypeCache.Refresh (449ms)
			TypeCache.ScanAssembly (405ms)
		AnalyzeDomain (196ms)
			BuildScriptInfoCaches (180ms)
			ResolveRequiredComponents (12ms)
	FinalizeReload (2309ms)
		SetupLoadedEditorAssemblies (0ms)
			LogAssemblyErrors (5ms)
			InitializePlatformSupportModulesInManaged (5ms)
			BeforeProcessingInitializeOnLoad (290ms)
			ProcessInitializeOnLoadAttributes (738ms)
			ProcessInitializeOnLoadMethodAttributes (222ms)
			AfterProcessingInitializeOnLoad (23ms)
			EditorAssembliesLoaded (7ms)
		AwakeInstancesAfterBackupRestoration (26ms)
AcceleratorClientConnectionCallback - disconnected - :0
Launched and connected shader compiler UnityShaderCompiler.exe after 0.03 seconds
Refreshing native plugins compatible for Editor in 3.05 ms, found 4 plugins.
Unloading 61 Unused Serialized files (Serialized files now loaded: 0)
Unloading 6616 unused Assets / (8.8 MB). Loaded Objects now: 7479.
Memory consumption went from 337.4 MB to 328.6 MB.
Total: 31.539200 ms (FindLiveObjects: 6.175300 ms CreateObjectMapping: 2.673300 ms MarkObjects: 13.307300 ms  DeleteObjects: 8.620900 ms)

========================================================================
Received Prepare
AcceleratorClientConnectionCallback - disconnected - :0
Refreshing native plugins compatible for Editor in 11.83 ms, found 4 plugins.
Unloading 60 Unused Serialized files (Serialized files now loaded: 0)
Unloading 60 unused Assets / (5.6 MB). Loaded Objects now: 7479.
Memory consumption went from 329.9 MB to 324.3 MB.
Total: 23.150500 ms (FindLiveObjects: 0.926000 ms CreateObjectMapping: 0.565300 ms MarkObjects: 16.594900 ms  DeleteObjects: 4.224700 ms)

Prepare: number of updated asset objects reloaded= 0
========================================================================
Received Prepare
AcceleratorClientConnectionCallback - disconnected - :0
Refreshing native plugins compatible for Editor in 3.79 ms, found 4 plugins.
Unloading 60 Unused Serialized files (Serialized files now loaded: 0)
Unloading 60 unused Assets / (5.4 MB). Loaded Objects now: 7479.
Memory consumption went from 331.9 MB to 326.5 MB.
Total: 162.512300 ms (FindLiveObjects: 3.638000 ms CreateObjectMapping: 2.094400 ms MarkObjects: 146.718900 ms  DeleteObjects: 8.687200 ms)

Prepare: number of updated asset objects reloaded= 0
========================================================================
Received Import Request.
  Time of request: 2026-09-22T15:17:52.6422795Z
  Time since last request: 458561.87449610000476 seconds.
  importAddress: GUID: fdbffed1134d3364bbb16a37e0bd09ae - Path: Assets/Prefab/Coin_Gold_Gem.prefab - Importer: PreviewImporter
Importing 'GUID: fdbffed1134d3364bbb16a37e0bd09ae - Path: Assets/Prefab/Coin_Gold_Gem.prefab - Importer: PreviewImporter' with importer (PreviewImporter)
Imported 'GUID: fdbffed1134d3364bbb16a37e0bd09ae' -> (Import Result ID: '4d8ec434817f5beac1f2b389c63535de') in 3.141 seconds [static and dynamic dependencies]. Details - ImportResultOutputID=91e253d0459fc0f54e925692d1edb677 DependenciesID=dc2889e4d1790662efd83e8077e24d0f StaticDependenciesID=6dfb4607a3d58728a6c9acb6d9b7c5c8 
Number of updated asset objects reloaded before import = 0
Number of asset objects unloaded after import = 21
========================================================================
Received Import Request.
  Time of request: 2026-09-22T15:17:55.8887968Z
  Time since last request: 0.0004937 seconds.
  importAddress: GUID: fdbffed1134d3364bbb16a37e0bd09ae - Path: Assets/Prefab/Coin_Gold_Gem.prefab - Importer: ScriptedImporter/UnityEditor.QuickSearchModule:UnityEditor.Search:ASIAI0B
Importing 'GUID: fdbffed1134d3364bbb16a37e0bd09ae - Path: Assets/Prefab/Coin_Gold_Gem.prefab - Importer: ScriptedImporter/UnityEditor.QuickSearchModule:UnityEditor.Search:ASIAI0B' with importer (ScriptedImporter : UnityEditor.QuickSearchModule:UnityEditor.Search:ASIAI0B)
Imported 'GUID: fdbffed1134d3364bbb16a37e0bd09ae' -> (Import Result ID: 'ccb44d733ab3ea35710e4608d0e174b6') in 0.586 seconds [static and dynamic dependencies]. Details - ImportResultOutputID=f81217839b2fea81712283ed51c0e8f8 DependenciesID=d7d32f4b84b926f2869702841ce921e5 StaticDependenciesID=4085898e94fa788a6c8fdf4673b8b314 
Number of updated asset objects reloaded before import = 0
Number of asset objects unloaded after import = 15
========================================================================
Received Import Request.
  Time of request: 2026-09-22T15:18:10.933928Z
  Time since last request: 14.4353669 seconds.
  importAddress: GUID: fdbffed1134d3364bbb16a37e0bd09ae - Path: Assets/Prefab/Coin_Gold_Gem.prefab - Importer: PreviewImporter
Importing 'GUID: fdbffed1134d3364bbb16a37e0bd09ae - Path: Assets/Prefab/Coin_Gold_Gem.prefab - Importer: PreviewImporter' with importer (PreviewImporter)
Imported 'GUID: fdbffed1134d3364bbb16a37e0bd09ae' -> (Import Result ID: 'f7beee19fb374b4117c9f9ed83d58723') in 0.077 seconds [static and dynamic dependencies]. Details - ImportResultOutputID=91e253d0459fc0f54e925692d1edb677 DependenciesID=08d6c5af79cbd3fb60ceaa6afe339f65 StaticDependenciesID=ec0c93c35262306131ba19751d4fca51 
Number of updated asset objects reloaded before import = 0
Number of asset objects unloaded after import = 20
========================================================================
Received Import Request.
  Time of request: 2026-09-22T15:18:11.8672734Z
  Time since last request: 0.8284332 seconds.
  importAddress: GUID: fdbffed1134d3364bbb16a37e0bd09ae - Path: Assets/Prefab/Coin_Gold_Gem.prefab - Importer: ScriptedImporter/UnityEditor.QuickSearchModule:UnityEditor.Search:ASIAI0B
Importing 'GUID: fdbffed1134d3364bbb16a37e0bd09ae - Path: Assets/Prefab/Coin_Gold_Gem.prefab - Importer: ScriptedImporter/UnityEditor.QuickSearchModule:UnityEditor.Search:ASIAI0B' with importer (ScriptedImporter : UnityEditor.QuickSearchModule:UnityEditor.Search:ASIAI0B)
Imported 'GUID: fdbffed1134d3364bbb16a37e0bd09ae' -> (Import Result ID: '904388ea68b0c31d02f9d01f80b304af') in 0.022 seconds [static and dynamic dependencies]. Details - ImportResultOutputID=eb61abfc5bf1e76194aefc48e47dbd1e DependenciesID=8a5b8610cc39ca110ccd61c0c3085024 StaticDependenciesID=a4e933919b6b6b5f7736ec774ca7bf0c 
Number of updated asset objects reloaded before import = 0
Number of asset objects unloaded after import = 16
========================================================================
Received Import Request.
  Time of request: 2026-09-22T15:18:12.955122Z
  Time since last request: 1.0468148 seconds.
  importAddress: GUID: fdbffed1134d3364bbb16a37e0bd09ae - Path: Assets/Prefab/Coin_Gold_Gem.prefab - Importer: PreviewImporter
Importing 'GUID: fdbffed1134d3364bbb16a37e0bd09ae - Path: Assets/Prefab/Coin_Gold_Gem.prefab - Importer: PreviewImporter' with importer (PreviewImporter)
Imported 'GUID: fdbffed1134d3364bbb16a37e0bd09ae' -> (Import Result ID: 'e72239b18cde37073ecd931147ee9180') in 0.037 seconds [static and dynamic dependencies]. Details - ImportResultOutputID=91e253d0459fc0f54e925692d1edb677 DependenciesID=299b5e7dd79f22817fb2bf3220796e4e StaticDependenciesID=5e9a97527c37ae32578204ea7481e2cd 
Number of updated asset objects reloaded before import = 0
Number of asset objects unloaded after import = 20
========================================================================
Received Import Request.
  Time of request: 2026-09-22T15:18:13.9121555Z
  Time since last request: 0.8972095 seconds.
  importAddress: GUID: fdbffed1134d3364bbb16a37e0bd09ae - Path: Assets/Prefab/Coin_Gold_Gem.prefab - Importer: ScriptedImporter/UnityEditor.QuickSearchModule:UnityEditor.Search:ASIAI0B
Importing 'GUID: fdbffed1134d3364bbb16a37e0bd09ae - Path: Assets/Prefab/Coin_Gold_Gem.prefab - Importer: ScriptedImporter/UnityEditor.QuickSearchModule:UnityEditor.Search:ASIAI0B' with importer (ScriptedImporter : UnityEditor.QuickSearchModule:UnityEditor.Search:ASIAI0B)
Imported 'GUID: fdbffed1134d3364bbb16a37e0bd09ae' -> (Import Result ID: 'c15c6fa26d0665bb5bc452779d795f24') in 0.015 seconds [static and dynamic dependencies]. Details - ImportResultOutputID=853bcd7968611ad5faa82b4a65bcf35f DependenciesID=2c0a6a509df8fc3db7d4972a9b4bda8e StaticDependenciesID=715d80c9465fedc35b192534caf3086b 
Number of updated asset objects reloaded before import = 0
Number of asset objects unloaded after import = 16
========================================================================
Received Import Request.
  Time of request: 2026-09-22T15:18:15.4597642Z
  Time since last request: 1.5132701 seconds.
  importAddress: GUID: fdbffed1134d3364bbb16a37e0bd09ae - Path: Assets/Prefab/Coin_Gold_Gem.prefab - Importer: PreviewImporter
Importing 'GUID: fdbffed1134d3364bbb16a37e0bd09ae - Path: Assets/Prefab/Coin_Gold_Gem.prefab - Importer: PreviewImporter' with importer (PreviewImporter)
Imported 'GUID: fdbffed1134d3364bbb16a37e0bd09ae' -> (Import Result ID: '7df701845337599e60c4592f1366ad90') in 0.039 seconds [static and dynamic dependencies]. Details - ImportResultOutputID=91e253d0459fc0f54e925692d1edb677 DependenciesID=8f8ea587b53386b34bcb74cfbca65f0f StaticDependenciesID=5e9a97527c37ae32578204ea7481e2cd 
Number of updated asset objects reloaded before import = 0
Number of asset objects unloaded after import = 20
========================================================================
Received Import Request.
  Time of request: 2026-09-22T15:18:16.4018684Z
  Time since last request: 0.8850144 seconds.
  importAddress: GUID: 416f413cd96232b4cb63897eb6aa9837 - Path: Assets/PolyKebap/Stylized Coin Pack/Models/Coin_Gem.fbx - Importer: ScriptedImporter/UnityEditor.QuickSearchModule:UnityEditor.Search:ASIAI0B
Importing 'GUID: 416f413cd96232b4cb63897eb6aa9837 - Path: Assets/PolyKebap/Stylized Coin Pack/Models/Coin_Gem.fbx - Importer: ScriptedImporter/UnityEditor.QuickSearchModule:UnityEditor.Search:ASIAI0B' with importer (ScriptedImporter : UnityEditor.QuickSearchModule:UnityEditor.Search:ASIAI0B)
Imported 'GUID: 416f413cd96232b4cb63897eb6aa9837' -> (Import Result ID: '94f5365f04c6f5b59906319c285d37aa') in 0.073 seconds [static and dynamic dependencies]. Details - ImportResultOutputID=a39d1d66871d02a0efd0e822ec1172a5 DependenciesID=8e561c3dce6584cc6152e804eee0cb01 StaticDependenciesID=68396307251e475a260b7aa8d45657ea 
Number of updated asset objects reloaded before import = 0
Number of asset objects unloaded after import = 10
========================================================================
Received Prepare
AcceleratorClientConnectionCallback - disconnected - :0
Refreshing native plugins compatible for Editor in 4.31 ms, found 4 plugins.
Unloading 60 Unused Serialized files (Serialized files now loaded: 0)
Unloading 60 unused Assets / (5.5 MB). Loaded Objects now: 7603.
Memory consumption went from 358.0 MB to 352.5 MB.
Total: 27.543600 ms (FindLiveObjects: 1.099600 ms CreateObjectMapping: 1.509600 ms MarkObjects: 20.968500 ms  DeleteObjects: 3.430400 ms)

Prepare: number of updated asset objects reloaded= 0
========================================================================
Received Import Request.
  Time of request: 2026-09-22T15:18:17.5494995Z
  Time since last request: 1.0551627 seconds.
  importAddress: GUID: fdbffed1134d3364bbb16a37e0bd09ae - Path: Assets/Prefab/Coin_Gold_Gem.prefab - Importer: ScriptedImporter/UnityEditor.QuickSearchModule:UnityEditor.Search:ASIAI0B
Importing 'GUID: fdbffed1134d3364bbb16a37e0bd09ae - Path: Assets/Prefab/Coin_Gold_Gem.prefab - Importer: ScriptedImporter/UnityEditor.QuickSearchModule:UnityEditor.Search:ASIAI0B' with importer (ScriptedImporter : UnityEditor.QuickSearchModule:UnityEditor.Search:ASIAI0B)
Imported 'GUID: fdbffed1134d3364bbb16a37e0bd09ae' -> (Import Result ID: '32f6d771932eedc668e8e86b1e9e546b') in 0.026 seconds [static and dynamic dependencies]. Details - ImportResultOutputID=4445341526f4800fc84ed2b6e549360b DependenciesID=b3a2b966df4e74475f9c3b71a7b5d36a StaticDependenciesID=3eabf1a8c2555e8014b89812ba4ca9ce 
Number of updated asset objects reloaded before import = 0
Number of asset objects unloaded after import = 16
========================================================================
Received Import Request.
  Time of request: 2026-09-22T15:18:20.793461Z
  Time since last request: 3.195011 seconds.
  importAddress: GUID: 00000000000000003000000000000000 - Path: ProjectSettings/TagManager.asset - Importer: PreviewImporter
Importing 'GUID: 00000000000000003000000000000000 - Path: ProjectSettings/TagManager.asset - Importer: PreviewImporter' with importer (PreviewImporter)
Imported 'GUID: 00000000000000003000000000000000' -> (Import Result ID: '4c9b3647e8647dbaf1e4824d2a033a99') in 0.004 seconds [static and dynamic dependencies]. Details - ImportResultOutputID=a9de5dacb787dcd7900ea87c9e19fd79 DependenciesID=8612ccadbc3ba9e7f147df8b0e106936 StaticDependenciesID=c55f1708a564b017959677f114d83f26 
Number of updated asset objects reloaded before import = 0
Number of asset objects unloaded after import = 0
========================================================================
Received Prepare
AcceleratorClientConnectionCallback - disconnected - :0
Refreshing native plugins compatible for Editor in 3.91 ms, found 4 plugins.
Unloading 60 Unused Serialized files (Serialized files now loaded: 0)
Unloading 61 unused Assets / (5.5 MB). Loaded Objects now: 7603.
Memory consumption went from 358.0 MB to 352.5 MB.
Total: 20.916700 ms (FindLiveObjects: 1.209800 ms CreateObjectMapping: 0.568900 ms MarkObjects: 14.408700 ms  DeleteObjects: 4.348700 ms)

Prepare: number of updated asset objects reloaded= 0
========================================================================
Received Import Request.
  Time of request: 2026-09-22T15:18:37.9853539Z
  Time since last request: 17.1633531 seconds.
  importAddress: GUID: fdbffed1134d3364bbb16a37e0bd09ae - Path: Assets/Prefab/Coin_Gold_Gem.prefab - Importer: ScriptedImporter/UnityEditor.QuickSearchModule:UnityEditor.Search:ASIAI0B
Importing 'GUID: fdbffed1134d3364bbb16a37e0bd09ae - Path: Assets/Prefab/Coin_Gold_Gem.prefab - Importer: ScriptedImporter/UnityEditor.QuickSearchModule:UnityEditor.Search:ASIAI0B' with importer (ScriptedImporter : UnityEditor.QuickSearchModule:UnityEditor.Search:ASIAI0B)
Imported 'GUID: fdbffed1134d3364bbb16a37e0bd09ae' -> (Import Result ID: '33c562cfeffa16bd6275602c61903a04') in 0.016 seconds [static and dynamic dependencies]. Details - ImportResultOutputID=668e0cf7d87999150b6950bdbb9f490a DependenciesID=2cff7a25c8de3f2e8bf40c7212652d23 StaticDependenciesID=ee6762ed4d0961d2dbcab83e709f3b53 
Number of updated asset objects reloaded before import = 0
Number of asset objects unloaded after import = 16
========================================================================
Received Prepare
AcceleratorClientConnectionCallback - disconnected - :0
'Packages/com.unity.render-pipelines.core/Editor/Deprecated.cs' contains partial class of Unity.Object, exactly 1 of the partial classes needs to be in a file with the same filename. This is to know the one that can be referenced from ie. GameObjects
'Packages/com.unity.render-pipelines.core/Editor/Deprecated.cs' contains partial class of Unity.Object, exactly 1 of the partial classes needs to be in a file with the same filename. This is to know the one that can be referenced from ie. GameObjects
Refreshing native plugins compatible for Editor in 3.59 ms, found 4 plugins.
Unloading 60 Unused Serialized files (Serialized files now loaded: 0)
Unloading 6604 unused Assets / (10.5 MB). Loaded Objects now: 7604.
Memory consumption went from 364.7 MB to 354.3 MB.
Total: 50.281700 ms (FindLiveObjects: 1.827000 ms CreateObjectMapping: 2.180300 ms MarkObjects: 30.125600 ms  DeleteObjects: 15.765900 ms)

Prepare: number of updated asset objects reloaded= 0
========================================================================
Received Prepare
AcceleratorClientConnectionCallback - disconnected - :0
[Licensing::Client] Successfully resolved entitlement details
Begin MonoManager ReloadAssembly
'Packages/com.unity.render-pipelines.core/Editor/Deprecated.cs' contains partial class of Unity.Object, exactly 1 of the partial classes needs to be in a file with the same filename. This is to know the one that can be referenced from ie. GameObjects
'Packages/com.unity.render-pipelines.core/Editor/Deprecated.cs' contains partial class of Unity.Object, exactly 1 of the partial classes needs to be in a file with the same filename. This is to know the one that can be referenced from ie. GameObjects
Refreshing native plugins compatible for Editor in 3.62 ms, found 4 plugins.
Native extension for WindowsStandalone target not found
[Package Manager] Failed to launch server process. Reason: Unity was launched with the -noUpm command-line argument
[Package Manager] Unable to send message (not connected to server process).
[Package Manager] Cannot connect to Unity Package Manager local server
[Package Manager] Failed to launch server process. Reason: Unity was launched with the -noUpm command-line argument
[Package Manager] Unable to send message (not connected to server process).
[Package Manager] Cannot connect to Unity Package Manager local server
ScheduleIndexationOnStartup MainProcess:False IndexOnStartup:True
Scripting: successfully reloaded assembly
- Finished resetting the current domain, in  2.010 seconds
Domain Reload Profiling: 7583ms
	BeginReloadAssembly (2341ms)
		DisableScriptedObjects (477ms)
		CreateAndSetChildDomain (647ms)
	RebuildCommonClasses (27ms)
	RebuildNativeTypeToScriptingClass (60ms)
	initialDomainReloadingComplete (369ms)
	LoadAllAssembliesAndSetupDomain (2774ms)
		LoadAssemblies (2458ms)
		TypeCache.Refresh (74ms)
		AnalyzeDomain (478ms)
			BuildScriptInfoCaches (444ms)
			ResolveRequiredComponents (13ms)
	FinalizeReload (2012ms)
		SetupLoadedEditorAssemblies (0ms)
			LogAssemblyErrors (9ms)
			InitializePlatformSupportModulesInManaged (4ms)
			BeforeProcessingInitializeOnLoad (270ms)
			ProcessInitializeOnLoadAttributes (660ms)
			ProcessInitializeOnLoadMethodAttributes (181ms)
			AfterProcessingInitializeOnLoad (10ms)
			EditorAssembliesLoaded (5ms)
		AwakeInstancesAfterBackupRestoration (47ms)
Refreshing native plugins compatible for Editor in 3.08 ms, found 4 plugins.
Unloading 59 Unused Serialized files (Serialized files now loaded: 0)
Unloading 6614 unused Assets / (7.9 MB). Loaded Objects now: 7563.
Memory consumption went from 371.0 MB to 363.1 MB.
Total: 17.124500 ms (FindLiveObjects: 1.481200 ms CreateObjectMapping: 1.928000 ms MarkObjects: 8.858300 ms  DeleteObjects: 4.352100 ms)

Prepare: number of updated asset objects reloaded= 0
========================================================================
Received Prepare
AcceleratorClientConnectionCallback - disconnected - :0
'Packages/com.unity.render-pipelines.core/Editor/Deprecated.cs' contains partial class of Unity.Object, exactly 1 of the partial classes needs to be in a file with the same filename. This is to know the one that can be referenced from ie. GameObjects
'Packages/com.unity.render-pipelines.core/Editor/Deprecated.cs' contains partial class of Unity.Object, exactly 1 of the partial classes needs to be in a file with the same filename. This is to know the one that can be referenced from ie. GameObjects
Refreshing native plugins compatible for Editor in 6.21 ms, found 4 plugins.
Unloading 59 Unused Serialized files (Serialized files now loaded: 0)
Unloading 6604 unused Assets / (9.4 MB). Loaded Objects now: 7564.
Memory consumption went from 373.2 MB to 363.8 MB.
Total: 19.469800 ms (FindLiveObjects: 1.195500 ms CreateObjectMapping: 1.494700 ms MarkObjects: 10.363400 ms  DeleteObjects: 5.988000 ms)

Prepare: number of updated asset objects reloaded= 0
========================================================================
Received Import Request.
  Time of request: 2026-09-22T15:19:37.3442179Z
  Time since last request: 59.3202405 seconds.
  importAddress: GUID: af06ba0a65bb2e14b9dd7335e083fb46 - Path: Assets/Script/Coin.cs - Importer: ScriptedImporter/UnityEditor.QuickSearchModule:UnityEditor.Search:ASIAI0B
Importing 'GUID: af06ba0a65bb2e14b9dd7335e083fb46 - Path: Assets/Script/Coin.cs - Importer: ScriptedImporter/UnityEditor.QuickSearchModule:UnityEditor.Search:ASIAI0B' with importer (ScriptedImporter : UnityEditor.QuickSearchModule:UnityEditor.Search:ASIAI0B)
Imported 'GUID: af06ba0a65bb2e14b9dd7335e083fb46' -> (Import Result ID: '362f083204c5a209e56dfa000050d5fa') in 0.345 seconds [static and dynamic dependencies]. Details - ImportResultOutputID=b300bfa4653acea706d631b614d4957b DependenciesID=c96fc895059a1063c4b64b2b01440e1b StaticDependenciesID=de226c84a77a32ffb6276daf00d191df 
Number of updated asset objects reloaded before import = 0
Number of asset objects unloaded after import = 0
========================================================================
Received Prepare
AcceleratorClientConnectionCallback - disconnected - :0
'Packages/com.unity.render-pipelines.core/Editor/Deprecated.cs' contains partial class of Unity.Object, exactly 1 of the partial classes needs to be in a file with the same filename. This is to know the one that can be referenced from ie. GameObjects
'Packages/com.unity.render-pipelines.core/Editor/Deprecated.cs' contains partial class of Unity.Object, exactly 1 of the partial classes needs to be in a file with the same filename. This is to know the one that can be referenced from ie. GameObjects
Refreshing native plugins compatible for Editor in 3.50 ms, found 4 plugins.
Unloading 59 Unused Serialized files (Serialized files now loaded: 0)
Unloading 6603 unused Assets / (11.2 MB). Loaded Objects now: 7563.
Memory consumption went from 374.6 MB to 363.4 MB.
Total: 32.014500 ms (FindLiveObjects: 1.575400 ms CreateObjectMapping: 6.663100 ms MarkObjects: 13.832900 ms  DeleteObjects: 9.531400 ms)

Prepare: number of updated asset objects reloaded= 0
========================================================================
Received Prepare
AcceleratorClientConnectionCallback - disconnected - :0
Begin MonoManager ReloadAssembly
'Packages/com.unity.render-pipelines.core/Editor/Deprecated.cs' contains partial class of Unity.Object, exactly 1 of the partial classes needs to be in a file with the same filename. This is to know the one that can be referenced from ie. GameObjects
'Packages/com.unity.render-pipelines.core/Editor/Deprecated.cs' contains partial class of Unity.Object, exactly 1 of the partial classes needs to be in a file with the same filename. This is to know the one that can be referenced from ie. GameObjects
Refreshing native plugins compatible for Editor in 4.03 ms, found 4 plugins.
Native extension for WindowsStandalone target not found
[Package Manager] Failed to launch server process. Reason: Unity was launched with the -noUpm command-line argument
[Package Manager] Unable to send message (not connected to server process).
[Package Manager] Cannot connect to Unity Package Manager local server
[Package Manager] Failed to launch server process. Reason: Unity was launched with the -noUpm command-line argument
[Package Manager] Unable to send message (not connected to server process).
[Package Manager] Cannot connect to Unity Package Manager local server
ScheduleIndexationOnStartup MainProcess:False IndexOnStartup:True
Scripting: successfully reloaded assembly
- Finished resetting the current domain, in  1.811 seconds
Domain Reload Profiling: 5325ms
	BeginReloadAssembly (1098ms)
		DisableScriptedObjects (28ms)
		CreateAndSetChildDomain (250ms)
	RebuildCommonClasses (38ms)
	RebuildNativeTypeToScriptingClass (69ms)
	initialDomainReloadingComplete (457ms)
	LoadAllAssembliesAndSetupDomain (1849ms)
		LoadAssemblies (1289ms)
		TypeCache.Refresh (35ms)
		AnalyzeDomain (590ms)
			BuildScriptInfoCaches (570ms)
			ResolveRequiredComponents (14ms)
	FinalizeReload (1814ms)
		SetupLoadedEditorAssemblies (0ms)
			LogAssemblyErrors (6ms)
			InitializePlatformSupportModulesInManaged (6ms)
			BeforeProcessingInitializeOnLoad (281ms)
			ProcessInitializeOnLoadAttributes (605ms)
			ProcessInitializeOnLoadMethodAttributes (250ms)
			AfterProcessingInitializeOnLoad (17ms)
			EditorAssembliesLoaded (5ms)
		AwakeInstancesAfterBackupRestoration (81ms)
Refreshing native plugins compatible for Editor in 3.17 ms, found 4 plugins.
Unloading 59 Unused Serialized files (Serialized files now loaded: 0)
Unloading 6614 unused Assets / (8.2 MB). Loaded Objects now: 7566.
Memory consumption went from 377.2 MB to 369.0 MB.
Total: 28.730400 ms (FindLiveObjects: 5.420100 ms CreateObjectMapping: 2.028900 ms MarkObjects: 12.064600 ms  DeleteObjects: 8.801500 ms)

Prepare: number of updated asset objects reloaded= 0
========================================================================
Received Prepare
AcceleratorClientConnectionCallback - disconnected - :0
'Packages/com.unity.render-pipelines.core/Editor/Deprecated.cs' contains partial class of Unity.Object, exactly 1 of the partial classes needs to be in a file with the same filename. This is to know the one that can be referenced from ie. GameObjects
'Packages/com.unity.render-pipelines.core/Editor/Deprecated.cs' contains partial class of Unity.Object, exactly 1 of the partial classes needs to be in a file with the same filename. This is to know the one that can be referenced from ie. GameObjects
Refreshing native plugins compatible for Editor in 15.33 ms, found 4 plugins.
Unloading 59 Unused Serialized files (Serialized files now loaded: 0)
Unloading 6603 unused Assets / (11.9 MB). Loaded Objects now: 7566.
Memory consumption went from 379.4 MB to 367.5 MB.
Total: 62.051800 ms (FindLiveObjects: 8.056200 ms CreateObjectMapping: 2.890300 ms MarkObjects: 31.535500 ms  DeleteObjects: 18.304000 ms)

Prepare: number of updated asset objects reloaded= 0
========================================================================
Received Import Request.
  Time of request: 2026-09-22T15:20:25.2492258Z
  Time since last request: 47.5260168 seconds.
  importAddress: GUID: af06ba0a65bb2e14b9dd7335e083fb46 - Path: Assets/Script/Coin.cs - Importer: ScriptedImporter/UnityEditor.QuickSearchModule:UnityEditor.Search:ASIAI0B
Importing 'GUID: af06ba0a65bb2e14b9dd7335e083fb46 - Path: Assets/Script/Coin.cs - Importer: ScriptedImporter/UnityEditor.QuickSearchModule:UnityEditor.Search:ASIAI0B' with importer (ScriptedImporter : UnityEditor.QuickSearchModule:UnityEditor.Search:ASIAI0B)
Imported 'GUID: af06ba0a65bb2e14b9dd7335e083fb46' -> (Import Result ID: 'fdf3c8835a247c75b8a5f3e4df9ea42a') in 0.325 seconds [static and dynamic dependencies]. Details - ImportResultOutputID=d59434fa79ffcc37bc0273e9070e2dfd DependenciesID=37ee073a186609f30f13cde09d200a93 StaticDependenciesID=e4e7561a130beb31f35c7171e40cfab1 
Number of updated asset objects reloaded before import = 0
Number of asset objects unloaded after import = 0
========================================================================
Received Prepare
AcceleratorClientConnectionCallback - disconnected - :0
'Packages/com.unity.render-pipelines.core/Editor/Deprecated.cs' contains partial class of Unity.Object, exactly 1 of the partial classes needs to be in a file with the same filename. This is to know the one that can be referenced from ie. GameObjects
'Packages/com.unity.render-pipelines.core/Editor/Deprecated.cs' contains partial class of Unity.Object, exactly 1 of the partial classes needs to be in a file with the same filename. This is to know the one that can be referenced from ie. GameObjects
Unloading 59 Unused Serialized files (Serialized files now loaded: 0)
Unloading 6604 unused Assets / (11.1 MB). Loaded Objects now: 7567.
Memory consumption went from 375.5 MB to 364.3 MB.
Total: 29.007500 ms (FindLiveObjects: 1.548600 ms CreateObjectMapping: 2.092300 ms MarkObjects: 16.718500 ms  DeleteObjects: 8.253800 ms)

Prepare: number of updated asset objects reloaded= 0
========================================================================
Received Import Request.
  Time of request: 2026-09-22T15:20:33.2489734Z
  Time since last request: 7.6269755 seconds.
  importAddress: GUID: 008201d64f2be2644a55795dd3d3656d - Path: Assets/Script/ScoreManager.cs - Importer: ScriptedImporter/UnityEditor.QuickSearchModule:UnityEditor.Search:ASIAI0B
Importing 'GUID: 008201d64f2be2644a55795dd3d3656d - Path: Assets/Script/ScoreManager.cs - Importer: ScriptedImporter/UnityEditor.QuickSearchModule:UnityEditor.Search:ASIAI0B' with importer (ScriptedImporter : UnityEditor.QuickSearchModule:UnityEditor.Search:ASIAI0B)
Imported 'GUID: 008201d64f2be2644a55795dd3d3656d' -> (Import Result ID: '89405f9328eebc9f28a6a90224fa53c4') in 0.017 seconds [static and dynamic dependencies]. Details - ImportResultOutputID=d70ebe9f34bc171d06e4ab67c1708194 DependenciesID=db574f883c4672e2a16568806df03562 StaticDependenciesID=18c8b792848d8a078f39b31ffeeebca9 
Number of updated asset objects reloaded before import = 0
Number of asset objects unloaded after import = 0
========================================================================
Received Prepare
AcceleratorClientConnectionCallback - disconnected - :0
[Licensing::Client] Successfully resolved entitlement details
Begin MonoManager ReloadAssembly
'Packages/com.unity.render-pipelines.core/Editor/Deprecated.cs' contains partial class of Unity.Object, exactly 1 of the partial classes needs to be in a file with the same filename. This is to know the one that can be referenced from ie. GameObjects
'Packages/com.unity.render-pipelines.core/Editor/Deprecated.cs' contains partial class of Unity.Object, exactly 1 of the partial classes needs to be in a file with the same filename. This is to know the one that can be referenced from ie. GameObjects
Refreshing native plugins compatible for Editor in 2.58 ms, found 4 plugins.
Native extension for WindowsStandalone target not found
[Package Manager] Failed to launch server process. Reason: Unity was launched with the -noUpm command-line argument
[Package Manager] Unable to send message (not connected to server process).
[Package Manager] Cannot connect to Unity Package Manager local server
[Package Manager] Failed to launch server process. Reason: Unity was launched with the -noUpm command-line argument
[Package Manager] Unable to send message (not connected to server process).
[Package Manager] Cannot connect to Unity Package Manager local server
ScheduleIndexationOnStartup MainProcess:False IndexOnStartup:True
Scripting: successfully reloaded assembly
- Finished resetting the current domain, in  1.993 seconds
Domain Reload Profiling: 5222ms
	BeginReloadAssembly (1022ms)
		DisableScriptedObjects (61ms)
		CreateAndSetChildDomain (358ms)
	RebuildCommonClasses (31ms)
	RebuildNativeTypeToScriptingClass (62ms)
	initialDomainReloadingComplete (203ms)
	LoadAllAssembliesAndSetupDomain (1908ms)
		LoadAssemblies (1104ms)
		TypeCache.Refresh (43ms)
			TypeCache.ScanAssembly (3ms)
		AnalyzeDomain (585ms)
			BuildScriptInfoCaches (522ms)
			ResolveRequiredComponents (21ms)
	FinalizeReload (1996ms)
		SetupLoadedEditorAssemblies (0ms)
			LogAssemblyErrors (8ms)
			InitializePlatformSupportModulesInManaged (7ms)
			BeforeProcessingInitializeOnLoad (303ms)
			ProcessInitializeOnLoadAttributes (710ms)
			ProcessInitializeOnLoadMethodAttributes (207ms)
			AfterProcessingInitializeOnLoad (12ms)
			EditorAssembliesLoaded (5ms)
		AwakeInstancesAfterBackupRestoration (67ms)
Refreshing native plugins compatible for Editor in 2.98 ms, found 4 plugins.
Unloading 59 Unused Serialized files (Serialized files now loaded: 0)
Unloading 6615 unused Assets / (10.6 MB). Loaded Objects now: 7570.
Memory consumption went from 371.3 MB to 360.7 MB.
Total: 21.830500 ms (FindLiveObjects: 2.997000 ms CreateObjectMapping: 1.992200 ms MarkObjects: 8.771200 ms  DeleteObjects: 7.645800 ms)

Prepare: number of updated asset objects reloaded= 0
========================================================================
Received Import Request.
  Time of request: 2026-09-22T15:29:20.1625228Z
  Time since last request: 526.8019084 seconds.
  importAddress: GUID: c7b79c18bd9e8794fa1845299c81c1c1 - Path: Assets/Script/PlayerController.cs - Importer: PreviewImporter
Importing 'GUID: c7b79c18bd9e8794fa1845299c81c1c1 - Path: Assets/Script/PlayerController.cs - Importer: PreviewImporter' with importer (PreviewImporter)
Imported 'GUID: c7b79c18bd9e8794fa1845299c81c1c1' -> (Import Result ID: '5222018d14b12ae140fa6311544ba4dc') in 0.122 seconds [static and dynamic dependencies]. Details - ImportResultOutputID=8ec75596cdeb5016c1a1f86aad12b3a1 DependenciesID=fac1a7bd71bae325a34eca94c073e3b0 StaticDependenciesID=77ab4025ea899393c0bc6945bcb02057 
Number of updated asset objects reloaded before import = 0
Number of asset objects unloaded after import = 0
========================================================================
Received Import Request.
  Time of request: 2026-09-22T15:30:14.834981Z
  Time since last request: 54.1330624 seconds.
  importAddress: GUID: 008201d64f2be2644a55795dd3d3656d - Path: Assets/Script/ScoreManager.cs - Importer: ScriptedImporter/UnityEditor.QuickSearchModule:UnityEditor.Search:ASIAI0B
Importing 'GUID: 008201d64f2be2644a55795dd3d3656d - Path: Assets/Script/ScoreManager.cs - Importer: ScriptedImporter/UnityEditor.QuickSearchModule:UnityEditor.Search:ASIAI0B' with importer (ScriptedImporter : UnityEditor.QuickSearchModule:UnityEditor.Search:ASIAI0B)
Imported 'GUID: 008201d64f2be2644a55795dd3d3656d' -> (Import Result ID: 'ca36aba687154f9f52b0aea1dd6b8b53') in 0.816 seconds [static and dynamic dependencies]. Details - ImportResultOutputID=18c04090863b3798d3b3ead1cd5c898f DependenciesID=2b9d3b759f3929b8cbfd13a98f3b4a56 StaticDependenciesID=2be61df14d8b0b928f598fbc0d7a7ea7 
Number of updated asset objects reloaded before import = 0
Number of asset objects unloaded after import = 0
========================================================================
Received Prepare
AcceleratorClientConnectionCallback - disconnected - :0
'Packages/com.unity.render-pipelines.core/Editor/Deprecated.cs' contains partial class of Unity.Object, exactly 1 of the partial classes needs to be in a file with the same filename. This is to know the one that can be referenced from ie. GameObjects
'Packages/com.unity.render-pipelines.core/Editor/Deprecated.cs' contains partial class of Unity.Object, exactly 1 of the partial classes needs to be in a file with the same filename. This is to know the one that can be referenced from ie. GameObjects
Refreshing native plugins compatible for Editor in 4.00 ms, found 4 plugins.
Unloading 59 Unused Serialized files (Serialized files now loaded: 0)
Unloading 6605 unused Assets / (11.9 MB). Loaded Objects now: 7571.
Memory consumption went from 369.5 MB to 357.6 MB.
Total: 215.735300 ms (FindLiveObjects: 6.028200 ms CreateObjectMapping: 4.364000 ms MarkObjects: 192.048700 ms  DeleteObjects: 12.244000 ms)

Prepare: number of updated asset objects reloaded= 0
========================================================================
Received Import Request.
  Time of request: 2026-09-22T15:30:22.1905447Z
  Time since last request: 6.5105452 seconds.
  importAddress: GUID: 073421cb1f4bf264d837e0a611371e4b - Path: Assets/Script/DistanceManager.cs - Importer: ScriptedImporter/UnityEditor.QuickSearchModule:UnityEditor.Search:ASIAI0B
Importing 'GUID: 073421cb1f4bf264d837e0a611371e4b - Path: Assets/Script/DistanceManager.cs - Importer: ScriptedImporter/UnityEditor.QuickSearchModule:UnityEditor.Search:ASIAI0B' with importer (ScriptedImporter : UnityEditor.QuickSearchModule:UnityEditor.Search:ASIAI0B)
Imported 'GUID: 073421cb1f4bf264d837e0a611371e4b' -> (Import Result ID: 'c3d7d2f5021db6bb9e35839b296dd342') in 0.022 seconds [static and dynamic dependencies]. Details - ImportResultOutputID=d19580432cbe1c1107297529faef25d2 DependenciesID=84ec625ca16e4ed9e5a9e575eedd4723 StaticDependenciesID=a935c9ca9d2c15b28f79ba1a92630a64 
Number of updated asset objects reloaded before import = 0
Number of asset objects unloaded after import = 0
========================================================================
Received Prepare
AcceleratorClientConnectionCallback - disconnected - :0
[Licensing::Client] Successfully resolved entitlement details
Begin MonoManager ReloadAssembly
'Packages/com.unity.render-pipelines.core/Editor/Deprecated.cs' contains partial class of Unity.Object, exactly 1 of the partial classes needs to be in a file with the same filename. This is to know the one that can be referenced from ie. GameObjects
'Packages/com.unity.render-pipelines.core/Editor/Deprecated.cs' contains partial class of Unity.Object, exactly 1 of the partial classes needs to be in a file with the same filename. This is to know the one that can be referenced from ie. GameObjects
Refreshing native plugins compatible for Editor in 2.80 ms, found 4 plugins.
Native extension for WindowsStandalone target not found
[Package Manager] Failed to launch server process. Reason: Unity was launched with the -noUpm command-line argument
[Package Manager] Unable to send message (not connected to server process).
[Package Manager] Cannot connect to Unity Package Manager local server
[Package Manager] Failed to launch server process. Reason: Unity was launched with the -noUpm command-line argument
[Package Manager] Unable to send message (not connected to server process).
[Package Manager] Cannot connect to Unity Package Manager local server
ScheduleIndexationOnStartup MainProcess:False IndexOnStartup:True
Scripting: successfully reloaded assembly
- Finished resetting the current domain, in  2.346 seconds
Domain Reload Profiling: 7704ms
	BeginReloadAssembly (2261ms)
		DisableScriptedObjects (114ms)
		ReleaseScriptingObjects (3ms)
		CreateAndSetChildDomain (736ms)
	RebuildCommonClasses (27ms)
	RebuildNativeTypeToScriptingClass (44ms)
	initialDomainReloadingComplete (243ms)
	LoadAllAssembliesAndSetupDomain (2779ms)
		LoadAssemblies (2046ms)
		TypeCache.Refresh (61ms)
		AnalyzeDomain (783ms)
			BuildScriptInfoCaches (717ms)
			ResolveRequiredComponents (34ms)
	FinalizeReload (2349ms)
		SetupLoadedEditorAssemblies (0ms)
			LogAssemblyErrors (11ms)
			InitializePlatformSupportModulesInManaged (5ms)
			BeforeProcessingInitializeOnLoad (371ms)
			ProcessInitializeOnLoadAttributes (825ms)
			ProcessInitializeOnLoadMethodAttributes (219ms)
			AfterProcessingInitializeOnLoad (33ms)
			EditorAssembliesLoaded (9ms)
		AwakeInstancesAfterBackupRestoration (89ms)
Refreshing native plugins compatible for Editor in 6.20 ms, found 4 plugins.
Unloading 59 Unused Serialized files (Serialized files now loaded: 0)
Unloading 6616 unused Assets / (9.2 MB). Loaded Objects now: 7574.
Memory consumption went from 371.9 MB to 362.6 MB.
Total: 30.987200 ms (FindLiveObjects: 3.371100 ms CreateObjectMapping: 2.193300 ms MarkObjects: 12.938900 ms  DeleteObjects: 11.495200 ms)

Prepare: number of updated asset objects reloaded= 0
========================================================================
Received Prepare
AcceleratorClientConnectionCallback - disconnected - :0
Begin MonoManager ReloadAssembly
'Packages/com.unity.render-pipelines.core/Editor/Deprecated.cs' contains partial class of Unity.Object, exactly 1 of the partial classes needs to be in a file with the same filename. This is to know the one that can be referenced from ie. GameObjects
'Packages/com.unity.render-pipelines.core/Editor/Deprecated.cs' contains partial class of Unity.Object, exactly 1 of the partial classes needs to be in a file with the same filename. This is to know the one that can be referenced from ie. GameObjects
Refreshing native plugins compatible for Editor in 2.46 ms, found 4 plugins.
Native extension for WindowsStandalone target not found
[Package Manager] Failed to launch server process. Reason: Unity was launched with the -noUpm command-line argument
[Package Manager] Unable to send message (not connected to server process).
[Package Manager] Cannot connect to Unity Package Manager local server
[Package Manager] Failed to launch server process. Reason: Unity was launched with the -noUpm command-line argument
[Package Manager] Unable to send message (not connected to server process).
[Package Manager] Cannot connect to Unity Package Manager local server
ScheduleIndexationOnStartup MainProcess:False IndexOnStartup:True
Scripting: successfully reloaded assembly
- Finished resetting the current domain, in  1.793 seconds
Domain Reload Profiling: 5512ms
	BeginReloadAssembly (1151ms)
		DisableScriptedObjects (24ms)
		CreateAndSetChildDomain (179ms)
	RebuildCommonClasses (108ms)
	RebuildNativeTypeToScriptingClass (56ms)
	initialDomainReloadingComplete (354ms)
	LoadAllAssembliesAndSetupDomain (2048ms)
		LoadAssemblies (1707ms)
		TypeCache.Refresh (32ms)
		AnalyzeDomain (642ms)
			BuildScriptInfoCaches (606ms)
			ResolveRequiredComponents (27ms)
	FinalizeReload (1796ms)
		SetupLoadedEditorAssemblies (0ms)
			LogAssemblyErrors (5ms)
			InitializePlatformSupportModulesInManaged (4ms)
			BeforeProcessingInitializeOnLoad (254ms)
			ProcessInitializeOnLoadAttributes (610ms)
			ProcessInitializeOnLoadMethodAttributes (198ms)
			AfterProcessingInitializeOnLoad (18ms)
			EditorAssembliesLoaded (3ms)
		AwakeInstancesAfterBackupRestoration (60ms)
Refreshing native plugins compatible for Editor in 3.96 ms, found 4 plugins.
Unloading 59 Unused Serialized files (Serialized files now loaded: 0)
Unloading 6616 unused Assets / (7.9 MB). Loaded Objects now: 7577.
Memory consumption went from 377.0 MB to 369.1 MB.
Total: 18.585200 ms (FindLiveObjects: 1.902300 ms CreateObjectMapping: 1.378300 ms MarkObjects: 9.452000 ms  DeleteObjects: 5.413600 ms)

Prepare: number of updated asset objects reloaded= 0
========================================================================
Received Import Request.
  Time of request: 2026-09-22T15:35:28.9640735Z
  Time since last request: 306.6686401 seconds.
  importAddress: GUID: 48c2c927085d6d54b8ea0628e971c7b5 - Path: Assets/Script/FloorMove.cs - Importer: PreviewImporter
Importing 'GUID: 48c2c927085d6d54b8ea0628e971c7b5 - Path: Assets/Script/FloorMove.cs - Importer: PreviewImporter' with importer (PreviewImporter)
Imported 'GUID: 48c2c927085d6d54b8ea0628e971c7b5' -> (Import Result ID: 'ac8d180d9d3176c4f73872e82d26703c') in 0.103 seconds [static and dynamic dependencies]. Details - ImportResultOutputID=4386d3bf2e6afb6fd2bcc9ef1a35579f DependenciesID=b835664e0237011f130bbf34b4a31150 StaticDependenciesID=f8b9f7a3ae7af547107c75fafb20029c 
Number of updated asset objects reloaded before import = 0
Number of asset objects unloaded after import = 0
========================================================================
Received Prepare
AcceleratorClientConnectionCallback - disconnected - :0
Refreshing native plugins compatible for Editor in 8.18 ms, found 4 plugins.
Unloading 59 Unused Serialized files (Serialized files now loaded: 0)
Unloading 59 unused Assets / (5.3 MB). Loaded Objects now: 7577.
Memory consumption went from 372.5 MB to 367.2 MB.
Total: 412.151500 ms (FindLiveObjects: 8.422600 ms CreateObjectMapping: 2.681100 ms MarkObjects: 392.223100 ms  DeleteObjects: 7.358000 ms)

Prepare: number of updated asset objects reloaded= 0
========================================================================
Received Prepare
AcceleratorClientConnectionCallback - disconnected - :0
Refreshing native plugins compatible for Editor in 5.95 ms, found 4 plugins.
Unloading 59 Unused Serialized files (Serialized files now loaded: 0)
Unloading 59 unused Assets / (5.3 MB). Loaded Objects now: 7577.
Memory consumption went from 374.5 MB to 369.2 MB.
Total: 127.510100 ms (FindLiveObjects: 4.426500 ms CreateObjectMapping: 0.628400 ms MarkObjects: 116.026000 ms  DeleteObjects: 5.837600 ms)

Prepare: number of updated asset objects reloaded= 0
========================================================================
Received Import Request.
  Time of request: 2026-09-22T15:43:35.5352605Z
  Time since last request: 486.12892069999998 seconds.
  importAddress: GUID: fdbffed1134d3364bbb16a37e0bd09ae - Path: Assets/Prefab/Coin_Gold_Gem.prefab - Importer: PreviewImporter
Importing 'GUID: fdbffed1134d3364bbb16a37e0bd09ae - Path: Assets/Prefab/Coin_Gold_Gem.prefab - Importer: PreviewImporter' with importer (PreviewImporter)
Imported 'GUID: fdbffed1134d3364bbb16a37e0bd09ae' -> (Import Result ID: 'c07cfcf3168b9b99e238a78dbb880de4') in 3.149 seconds [static and dynamic dependencies]. Details - ImportResultOutputID=91e253d0459fc0f54e925692d1edb677 DependenciesID=fa38db3790b223721ee49a9b80468a6b StaticDependenciesID=79e03b9b10398fc72fb45dc0571a216a 
Number of updated asset objects reloaded before import = 0
Number of asset objects unloaded after import = 21
========================================================================
Received Prepare
AcceleratorClientConnectionCallback - disconnected - :0
Refreshing native plugins compatible for Editor in 10.00 ms, found 4 plugins.
Unloading 59 Unused Serialized files (Serialized files now loaded: 0)
Unloading 59 unused Assets / (5.3 MB). Loaded Objects now: 7689.
Memory consumption went from 382.6 MB to 377.3 MB.
Total: 348.299100 ms (FindLiveObjects: 8.932900 ms CreateObjectMapping: 1.427600 ms MarkObjects: 323.478000 ms  DeleteObjects: 13.060900 ms)

Prepare: number of updated asset objects reloaded= 0
========================================================================
Received Import Request.
  Time of request: 2026-09-22T16:07:30.9812083Z
  Time since last request: 1432.27202850000003 seconds.
  importAddress: GUID: fdbffed1134d3364bbb16a37e0bd09ae - Path: Assets/Prefab/Coin_Gold_Gem.prefab - Importer: ScriptedImporter/UnityEditor.QuickSearchModule:UnityEditor.Search:ASIAI0B
Importing 'GUID: fdbffed1134d3364bbb16a37e0bd09ae - Path: Assets/Prefab/Coin_Gold_Gem.prefab - Importer: ScriptedImporter/UnityEditor.QuickSearchModule:UnityEditor.Search:ASIAI0B' with importer (ScriptedImporter : UnityEditor.QuickSearchModule:UnityEditor.Search:ASIAI0B)
Imported 'GUID: fdbffed1134d3364bbb16a37e0bd09ae' -> (Import Result ID: 'adf36f8015f285f0a39a4f2e57ca7e95') in 2.579 seconds [static and dynamic dependencies]. Details - ImportResultOutputID=b2c19e2c0c033db6e5df1839f9526086 DependenciesID=e73ed22efde87ea61b4a9eca6899d76d StaticDependenciesID=b82b63f206b5f2771c0e36676430d188 
Number of updated asset objects reloaded before import = 0
Number of asset objects unloaded after import = 17
========================================================================
Received Prepare
AcceleratorClientConnectionCallback - disconnected - :0
'Packages/com.unity.render-pipelines.core/Editor/Deprecated.cs' contains partial class of Unity.Object, exactly 1 of the partial classes needs to be in a file with the same filename. This is to know the one that can be referenced from ie. GameObjects
'Packages/com.unity.render-pipelines.core/Editor/Deprecated.cs' contains partial class of Unity.Object, exactly 1 of the partial classes needs to be in a file with the same filename. This is to know the one that can be referenced from ie. GameObjects
Refreshing native plugins compatible for Editor in 4.34 ms, found 4 plugins.
Unloading 59 Unused Serialized files (Serialized files now loaded: 0)
Unloading 6606 unused Assets / (10.3 MB). Loaded Objects now: 7690.
Memory consumption went from 391.2 MB to 380.9 MB.
Total: 492.822100 ms (FindLiveObjects: 9.061800 ms CreateObjectMapping: 4.252800 ms MarkObjects: 454.778200 ms  DeleteObjects: 23.488100 ms)

Prepare: number of updated asset objects reloaded= 0
========================================================================
Received Prepare
AcceleratorClientConnectionCallback - disconnected - :0
[Licensing::Client] Successfully resolved entitlement details
Begin MonoManager ReloadAssembly
'Packages/com.unity.render-pipelines.core/Editor/Deprecated.cs' contains partial class of Unity.Object, exactly 1 of the partial classes needs to be in a file with the same filename. This is to know the one that can be referenced from ie. GameObjects
'Packages/com.unity.render-pipelines.core/Editor/Deprecated.cs' contains partial class of Unity.Object, exactly 1 of the partial classes needs to be in a file with the same filename. This is to know the one that can be referenced from ie. GameObjects
Refreshing native plugins compatible for Editor in 2.46 ms, found 4 plugins.
Native extension for WindowsStandalone target not found
[Package Manager] Failed to launch server process. Reason: Unity was launched with the -noUpm command-line argument
[Package Manager] Unable to send message (not connected to server process).
[Package Manager] Cannot connect to Unity Package Manager local server
[Package Manager] Failed to launch server process. Reason: Unity was launched with the -noUpm command-line argument
[Package Manager] Unable to send message (not connected to server process).
[Package Manager] Cannot connect to Unity Package Manager local server
ScheduleIndexationOnStartup MainProcess:False IndexOnStartup:True
Scripting: successfully reloaded assembly
- Finished resetting the current domain, in  2.049 seconds
Domain Reload Profiling: 7520ms
	BeginReloadAssembly (2199ms)
		DisableScriptedObjects (272ms)
		CreateAndSetChildDomain (626ms)
	RebuildCommonClasses (34ms)
	RebuildNativeTypeToScriptingClass (45ms)
	initialDomainReloadingComplete (351ms)
	LoadAllAssembliesAndSetupDomain (2832ms)
		LoadAssemblies (2442ms)
		TypeCache.Refresh (57ms)
		AnalyzeDomain (710ms)
			BuildScriptInfoCaches (657ms)
			ResolveRequiredComponents (26ms)
	FinalizeReload (2059ms)
		SetupLoadedEditorAssemblies (0ms)
			LogAssemblyErrors (9ms)
			InitializePlatformSupportModulesInManaged (6ms)
			BeforeProcessingInitializeOnLoad (325ms)
			ProcessInitializeOnLoadAttributes (663ms)
			ProcessInitializeOnLoadMethodAttributes (211ms)
			AfterProcessingInitializeOnLoad (15ms)
			EditorAssembliesLoaded (6ms)
		AwakeInstancesAfterBackupRestoration (65ms)
Refreshing native plugins compatible for Editor in 3.88 ms, found 4 plugins.
Unloading 59 Unused Serialized files (Serialized files now loaded: 0)
Unloading 6617 unused Assets / (8.0 MB). Loaded Objects now: 7601.
Memory consumption went from 389.9 MB to 382.0 MB.
Total: 23.424900 ms (FindLiveObjects: 5.027200 ms CreateObjectMapping: 1.719600 ms MarkObjects: 10.694800 ms  DeleteObjects: 5.509300 ms)

Prepare: number of updated asset objects reloaded= 0
========================================================================
Received Prepare
AcceleratorClientConnectionCallback - disconnected - :0
'Packages/com.unity.render-pipelines.core/Editor/Deprecated.cs' contains partial class of Unity.Object, exactly 1 of the partial classes needs to be in a file with the same filename. This is to know the one that can be referenced from ie. GameObjects
'Packages/com.unity.render-pipelines.core/Editor/Deprecated.cs' contains partial class of Unity.Object, exactly 1 of the partial classes needs to be in a file with the same filename. This is to know the one that can be referenced from ie. GameObjects
Refreshing native plugins compatible for Editor in 3.71 ms, found 4 plugins.
Unloading 59 Unused Serialized files (Serialized files now loaded: 0)
Unloading 6606 unused Assets / (12.0 MB). Loaded Objects now: 7601.
Memory consumption went from 392.1 MB to 380.1 MB.
Total: 217.260400 ms (FindLiveObjects: 2.755600 ms CreateObjectMapping: 6.626700 ms MarkObjects: 86.060800 ms  DeleteObjects: 120.956200 ms)

Prepare: number of updated asset objects reloaded= 0
========================================================================
Received Prepare
AcceleratorClientConnectionCallback - disconnected - :0
'Packages/com.unity.render-pipelines.core/Editor/Deprecated.cs' contains partial class of Unity.Object, exactly 1 of the partial classes needs to be in a file with the same filename. This is to know the one that can be referenced from ie. GameObjects
'Packages/com.unity.render-pipelines.core/Editor/Deprecated.cs' contains partial class of Unity.Object, exactly 1 of the partial classes needs to be in a file with the same filename. This is to know the one that can be referenced from ie. GameObjects
Refreshing native plugins compatible for Editor in 3.66 ms, found 4 plugins.
Unloading 59 Unused Serialized files (Serialized files now loaded: 0)
Unloading 6606 unused Assets / (9.0 MB). Loaded Objects now: 7601.
Memory consumption went from 394.1 MB to 385.1 MB.
Total: 28.505000 ms (FindLiveObjects: 2.159600 ms CreateObjectMapping: 2.100500 ms MarkObjects: 16.803200 ms  DeleteObjects: 6.829400 ms)

Prepare: number of updated asset objects reloaded= 0
========================================================================
Received Prepare
AcceleratorClientConnectionCallback - disconnected - :0
'Packages/com.unity.render-pipelines.core/Editor/Deprecated.cs' contains partial class of Unity.Object, exactly 1 of the partial classes needs to be in a file with the same filename. This is to know the one that can be referenced from ie. GameObjects
'Packages/com.unity.render-pipelines.core/Editor/Deprecated.cs' contains partial class of Unity.Object, exactly 1 of the partial classes needs to be in a file with the same filename. This is to know the one that can be referenced from ie. GameObjects
Refreshing native plugins compatible for Editor in 4.68 ms, found 4 plugins.
Unloading 59 Unused Serialized files (Serialized files now loaded: 0)
Unloading 6606 unused Assets / (10.6 MB). Loaded Objects now: 7601.
Memory consumption went from 396.1 MB to 385.6 MB.
Total: 41.741700 ms (FindLiveObjects: 2.318800 ms CreateObjectMapping: 4.033700 ms MarkObjects: 19.435600 ms  DeleteObjects: 15.408000 ms)

Prepare: number of updated asset objects reloaded= 0
========================================================================
Received Prepare
AcceleratorClientConnectionCallback - disconnected - :0
'Packages/com.unity.render-pipelines.core/Editor/Deprecated.cs' contains partial class of Unity.Object, exactly 1 of the partial classes needs to be in a file with the same filename. This is to know the one that can be referenced from ie. GameObjects
'Packages/com.unity.render-pipelines.core/Editor/Deprecated.cs' contains partial class of Unity.Object, exactly 1 of the partial classes needs to be in a file with the same filename. This is to know the one that can be referenced from ie. GameObjects
Refreshing native plugins compatible for Editor in 4.40 ms, found 4 plugins.
Unloading 59 Unused Serialized files (Serialized files now loaded: 0)
Unloading 6606 unused Assets / (9.4 MB). Loaded Objects now: 7601.
Memory consumption went from 398.1 MB to 388.8 MB.
Total: 552.459400 ms (FindLiveObjects: 13.297700 ms CreateObjectMapping: 4.302700 ms MarkObjects: 519.362100 ms  DeleteObjects: 14.181100 ms)

Prepare: number of updated asset objects reloaded= 0
========================================================================
Received Prepare
AcceleratorClientConnectionCallback - disconnected - :0
'Packages/com.unity.render-pipelines.core/Editor/Deprecated.cs' contains partial class of Unity.Object, exactly 1 of the partial classes needs to be in a file with the same filename. This is to know the one that can be referenced from ie. GameObjects
'Packages/com.unity.render-pipelines.core/Editor/Deprecated.cs' contains partial class of Unity.Object, exactly 1 of the partial classes needs to be in a file with the same filename. This is to know the one that can be referenced from ie. GameObjects
Refreshing native plugins compatible for Editor in 3.98 ms, found 4 plugins.
Unloading 59 Unused Serialized files (Serialized files now loaded: 0)
Unloading 6606 unused Assets / (10.1 MB). Loaded Objects now: 7601.
Memory consumption went from 400.2 MB to 390.1 MB.
Total: 26.265700 ms (FindLiveObjects: 2.321600 ms CreateObjectMapping: 2.661300 ms MarkObjects: 13.294200 ms  DeleteObjects: 7.487900 ms)

Prepare: number of updated asset objects reloaded= 0
========================================================================
Received Prepare
AcceleratorClientConnectionCallback - disconnected - :0
[Licensing::Client] Successfully resolved entitlement details
Begin MonoManager ReloadAssembly
'Packages/com.unity.render-pipelines.core/Editor/Deprecated.cs' contains partial class of Unity.Object, exactly 1 of the partial classes needs to be in a file with the same filename. This is to know the one that can be referenced from ie. GameObjects
'Packages/com.unity.render-pipelines.core/Editor/Deprecated.cs' contains partial class of Unity.Object, exactly 1 of the partial classes needs to be in a file with the same filename. This is to know the one that can be referenced from ie. GameObjects
Refreshing native plugins compatible for Editor in 2.40 ms, found 4 plugins.
Native extension for WindowsStandalone target not found
[Package Manager] Failed to launch server process. Reason: Unity was launched with the -noUpm command-line argument
[Package Manager] Unable to send message (not connected to server process).
[Package Manager] Cannot connect to Unity Package Manager local server
[Package Manager] Failed to launch server process. Reason: Unity was launched with the -noUpm command-line argument
[Package Manager] Unable to send message (not connected to server process).
[Package Manager] Cannot connect to Unity Package Manager local server
ScheduleIndexationOnStartup MainProcess:False IndexOnStartup:True
Scripting: successfully reloaded assembly
- Finished resetting the current domain, in  2.069 seconds
Domain Reload Profiling: 8115ms
	BeginReloadAssembly (2736ms)
		DisableScriptedObjects (141ms)
		ReleaseScriptingObjects (3ms)
		CreateAndSetChildDomain (767ms)
	RebuildCommonClasses (39ms)
	RebuildNativeTypeToScriptingClass (52ms)
	initialDomainReloadingComplete (223ms)
	LoadAllAssembliesAndSetupDomain (2993ms)
		LoadAssemblies (2288ms)
		TypeCache.Refresh (55ms)
		AnalyzeDomain (696ms)
			BuildScriptInfoCaches (626ms)
			ResolveRequiredComponents (22ms)
	FinalizeReload (2072ms)
		SetupLoadedEditorAssemblies (0ms)
			LogAssemblyErrors (8ms)
			InitializePlatformSupportModulesInManaged (5ms)
			BeforeProcessingInitializeOnLoad (334ms)
			ProcessInitializeOnLoadAttributes (689ms)
			ProcessInitializeOnLoadMethodAttributes (207ms)
			AfterProcessingInitializeOnLoad (14ms)
			EditorAssembliesLoaded (6ms)
		AwakeInstancesAfterBackupRestoration (76ms)
Refreshing native plugins compatible for Editor in 6.78 ms, found 4 plugins.
Unloading 59 Unused Serialized files (Serialized files now loaded: 0)
Unloading 6617 unused Assets / (8.4 MB). Loaded Objects now: 7604.
Memory consumption went from 402.2 MB to 393.9 MB.
Total: 19.913600 ms (FindLiveObjects: 2.025700 ms CreateObjectMapping: 1.415400 ms MarkObjects: 10.724600 ms  DeleteObjects: 5.238200 ms)

Prepare: number of updated asset objects reloaded= 0
========================================================================
Received Prepare
AcceleratorClientConnectionCallback - disconnected - :0
Refreshing native plugins compatible for Editor in 3.43 ms, found 4 plugins.
Unloading 59 Unused Serialized files (Serialized files now loaded: 0)
Unloading 59 unused Assets / (5.4 MB). Loaded Objects now: 7604.
Memory consumption went from 399.7 MB to 394.3 MB.
Total: 187.086300 ms (FindLiveObjects: 4.167000 ms CreateObjectMapping: 0.711800 ms MarkObjects: 169.538000 ms  DeleteObjects: 11.322600 ms)

Prepare: number of updated asset objects reloaded= 0
========================================================================
Received Prepare
AcceleratorClientConnectionCallback - disconnected - :0
'Packages/com.unity.render-pipelines.core/Editor/Deprecated.cs' contains partial class of Unity.Object, exactly 1 of the partial classes needs to be in a file with the same filename. This is to know the one that can be referenced from ie. GameObjects
'Packages/com.unity.render-pipelines.core/Editor/Deprecated.cs' contains partial class of Unity.Object, exactly 1 of the partial classes needs to be in a file with the same filename. This is to know the one that can be referenced from ie. GameObjects
Refreshing native plugins compatible for Editor in 15.45 ms, found 4 plugins.
Unloading 59 Unused Serialized files (Serialized files now loaded: 0)
Unloading 6606 unused Assets / (9.0 MB). Loaded Objects now: 7604.
Memory consumption went from 406.4 MB to 397.4 MB.
Total: 432.090400 ms (FindLiveObjects: 26.218600 ms CreateObjectMapping: 2.991100 ms MarkObjects: 391.205200 ms  DeleteObjects: 10.248800 ms)

Prepare: number of updated asset objects reloaded= 0
========================================================================
Received Prepare
AcceleratorClientConnectionCallback - disconnected - :0
[Licensing::Client] Successfully resolved entitlement details
Begin MonoManager ReloadAssembly
'Packages/com.unity.render-pipelines.core/Editor/Deprecated.cs' contains partial class of Unity.Object, exactly 1 of the partial classes needs to be in a file with the same filename. This is to know the one that can be referenced from ie. GameObjects
'Packages/com.unity.render-pipelines.core/Editor/Deprecated.cs' contains partial class of Unity.Object, exactly 1 of the partial classes needs to be in a file with the same filename. This is to know the one that can be referenced from ie. GameObjects
Refreshing native plugins compatible for Editor in 2.41 ms, found 4 plugins.
Native extension for WindowsStandalone target not found
[Package Manager] Failed to launch server process. Reason: Unity was launched with the -noUpm command-line argument
[Package Manager] Unable to send message (not connected to server process).
[Package Manager] Cannot connect to Unity Package Manager local server
[Package Manager] Failed to launch server process. Reason: Unity was launched with the -noUpm command-line argument
[Package Manager] Unable to send message (not connected to server process).
[Package Manager] Cannot connect to Unity Package Manager local server
ScheduleIndexationOnStartup MainProcess:False IndexOnStartup:True
Scripting: successfully reloaded assembly
- Finished resetting the current domain, in  2.320 seconds
Domain Reload Profiling: 8864ms
	BeginReloadAssembly (2937ms)
		DisableScriptedObjects (273ms)
		ReleaseScriptingObjects (3ms)
		CreateAndSetChildDomain (727ms)
	RebuildCommonClasses (34ms)
	RebuildNativeTypeToScriptingClass (45ms)
	initialDomainReloadingComplete (281ms)
	LoadAllAssembliesAndSetupDomain (3244ms)
		LoadAssemblies (2335ms)
		TypeCache.Refresh (62ms)
		AnalyzeDomain (897ms)
			BuildScriptInfoCaches (811ms)
			ResolveRequiredComponents (25ms)
	FinalizeReload (2322ms)
		SetupLoadedEditorAssemblies (0ms)
			LogAssemblyErrors (9ms)
			InitializePlatformSupportModulesInManaged (4ms)
			BeforeProcessingInitializeOnLoad (334ms)
			ProcessInitializeOnLoadAttributes (785ms)
			ProcessInitializeOnLoadMethodAttributes (210ms)
			AfterProcessingInitializeOnLoad (15ms)
			EditorAssembliesLoaded (6ms)
		AwakeInstancesAfterBackupRestoration (73ms)
Refreshing native plugins compatible for Editor in 7.42 ms, found 4 plugins.
Unloading 59 Unused Serialized files (Serialized files now loaded: 0)
Unloading 6617 unused Assets / (8.9 MB). Loaded Objects now: 7607.
Memory consumption went from 408.4 MB to 399.5 MB.
Total: 23.888800 ms (FindLiveObjects: 4.077700 ms CreateObjectMapping: 2.575100 ms MarkObjects: 10.453500 ms  DeleteObjects: 6.105000 ms)

Prepare: number of updated asset objects reloaded= 0
========================================================================
Received Import Request.
  Time of request: 2026-09-22T16:17:37.8370482Z
  Time since last request: 604.09531679999998 seconds.
  importAddress: GUID: 162e73071fb9b74458e02649a1273dca - Path: Assets/PolyKebap/Stylized Coin Pack/Models/Base_Coin.fbx - Importer: PreviewImporter
Importing 'GUID: 162e73071fb9b74458e02649a1273dca - Path: Assets/PolyKebap/Stylized Coin Pack/Models/Base_Coin.fbx - Importer: PreviewImporter' with importer (PreviewImporter)
Imported 'GUID: 162e73071fb9b74458e02649a1273dca' -> (Import Result ID: 'fd38998b3be7dbf8a878675af6724d42') in 3.421 seconds [static and dynamic dependencies]. Details - ImportResultOutputID=ef92d903226bb9021d10775eb436fffd DependenciesID=22268f42e4ced48b2f4c1a91c4a11512 StaticDependenciesID=c108ced1910973372aeb11ea80ef33dc 
Number of updated asset objects reloaded before import = 0
Number of asset objects unloaded after import = 10
========================================================================
Received Prepare
AcceleratorClientConnectionCallback - disconnected - :0
'Packages/com.unity.render-pipelines.core/Editor/Deprecated.cs' contains partial class of Unity.Object, exactly 1 of the partial classes needs to be in a file with the same filename. This is to know the one that can be referenced from ie. GameObjects
'Packages/com.unity.render-pipelines.core/Editor/Deprecated.cs' contains partial class of Unity.Object, exactly 1 of the partial classes needs to be in a file with the same filename. This is to know the one that can be referenced from ie. GameObjects
Refreshing native plugins compatible for Editor in 4.52 ms, found 4 plugins.
Unloading 59 Unused Serialized files (Serialized files now loaded: 0)
Unloading 6606 unused Assets / (10.0 MB). Loaded Objects now: 7755.
Memory consumption went from 399.2 MB to 389.1 MB.
Total: 499.304800 ms (FindLiveObjects: 11.377500 ms CreateObjectMapping: 2.576500 ms MarkObjects: 471.376900 ms  DeleteObjects: 12.741400 ms)

Prepare: number of updated asset objects reloaded= 0
========================================================================
Received Prepare
AcceleratorClientConnectionCallback - disconnected - :0
[Licensing::Client] Successfully resolved entitlement details
Begin MonoManager ReloadAssembly
'Packages/com.unity.render-pipelines.core/Editor/Deprecated.cs' contains partial class of Unity.Object, exactly 1 of the partial classes needs to be in a file with the same filename. This is to know the one that can be referenced from ie. GameObjects
'Packages/com.unity.render-pipelines.core/Editor/Deprecated.cs' contains partial class of Unity.Object, exactly 1 of the partial classes needs to be in a file with the same filename. This is to know the one that can be referenced from ie. GameObjects
Refreshing native plugins compatible for Editor in 2.12 ms, found 4 plugins.
Native extension for WindowsStandalone target not found
[Package Manager] Failed to launch server process. Reason: Unity was launched with the -noUpm command-line argument
[Package Manager] Unable to send message (not connected to server process).
[Package Manager] Cannot connect to Unity Package Manager local server
[Package Manager] Failed to launch server process. Reason: Unity was launched with the -noUpm command-line argument
[Package Manager] Unable to send message (not connected to server process).
[Package Manager] Cannot connect to Unity Package Manager local server
ScheduleIndexationOnStartup MainProcess:False IndexOnStartup:True
Scripting: successfully reloaded assembly
- Finished resetting the current domain, in  1.700 seconds
Domain Reload Profiling: 8588ms
	BeginReloadAssembly (3700ms)
		DisableScriptedObjects (503ms)
		CreateAndSetChildDomain (1560ms)
	RebuildCommonClasses (42ms)
	RebuildNativeTypeToScriptingClass (92ms)
	initialDomainReloadingComplete (503ms)
	LoadAllAssembliesAndSetupDomain (2549ms)
		LoadAssemblies (2042ms)
		TypeCache.Refresh (63ms)
		AnalyzeDomain (658ms)
			BuildScriptInfoCaches (610ms)
			ResolveRequiredComponents (19ms)
	FinalizeReload (1702ms)
		SetupLoadedEditorAssemblies (0ms)
			LogAssemblyErrors (25ms)
			InitializePlatformSupportModulesInManaged (5ms)
			BeforeProcessingInitializeOnLoad (252ms)
			ProcessInitializeOnLoadAttributes (588ms)
			ProcessInitializeOnLoadMethodAttributes (183ms)
			AfterProcessingInitializeOnLoad (17ms)
			EditorAssembliesLoaded (5ms)
		AwakeInstancesAfterBackupRestoration (72ms)
Refreshing native plugins compatible for Editor in 3.21 ms, found 4 plugins.
Unloading 59 Unused Serialized files (Serialized files now loaded: 0)
Unloading 6617 unused Assets / (8.9 MB). Loaded Objects now: 7666.
Memory consumption went from 397.6 MB to 388.7 MB.
Total: 19.899000 ms (FindLiveObjects: 2.171900 ms CreateObjectMapping: 1.297400 ms MarkObjects: 9.163800 ms  DeleteObjects: 6.910000 ms)

Prepare: number of updated asset objects reloaded= 0
========================================================================
Received Prepare
AcceleratorClientConnectionCallback - disconnected - :0
'Packages/com.unity.render-pipelines.core/Editor/Deprecated.cs' contains partial class of Unity.Object, exactly 1 of the partial classes needs to be in a file with the same filename. This is to know the one that can be referenced from ie. GameObjects
'Packages/com.unity.render-pipelines.core/Editor/Deprecated.cs' contains partial class of Unity.Object, exactly 1 of the partial classes needs to be in a file with the same filename. This is to know the one that can be referenced from ie. GameObjects
Refreshing native plugins compatible for Editor in 3.45 ms, found 4 plugins.
Unloading 59 Unused Serialized files (Serialized files now loaded: 0)
Unloading 6606 unused Assets / (11.9 MB). Loaded Objects now: 7666.
Memory consumption went from 399.8 MB to 387.9 MB.
Total: 454.244300 ms (FindLiveObjects: 9.977700 ms CreateObjectMapping: 2.551200 ms MarkObjects: 423.006100 ms  DeleteObjects: 16.894900 ms)

Prepare: number of updated asset objects reloaded= 0
========================================================================
Received Prepare
AcceleratorClientConnectionCallback - disconnected - :0
[Licensing::Client] Successfully resolved entitlement details
Begin MonoManager ReloadAssembly
'Packages/com.unity.render-pipelines.core/Editor/Deprecated.cs' contains partial class of Unity.Object, exactly 1 of the partial classes needs to be in a file with the same filename. This is to know the one that can be referenced from ie. GameObjects
'Packages/com.unity.render-pipelines.core/Editor/Deprecated.cs' contains partial class of Unity.Object, exactly 1 of the partial classes needs to be in a file with the same filename. This is to know the one that can be referenced from ie. GameObjects
Refreshing native plugins compatible for Editor in 7.39 ms, found 4 plugins.
Native extension for WindowsStandalone target not found
[Package Manager] Failed to launch server process. Reason: Unity was launched with the -noUpm command-line argument
[Package Manager] Unable to send message (not connected to server process).
[Package Manager] Cannot connect to Unity Package Manager local server
[Package Manager] Failed to launch server process. Reason: Unity was launched with the -noUpm command-line argument
[Package Manager] Unable to send message (not connected to server process).
[Package Manager] Cannot connect to Unity Package Manager local server
ScheduleIndexationOnStartup MainProcess:False IndexOnStartup:True
Scripting: successfully reloaded assembly
- Finished resetting the current domain, in  2.157 seconds
Domain Reload Profiling: 9422ms
	BeginReloadAssembly (4071ms)
		DisableScriptedObjects (341ms)
		ReleaseScriptingObjects (4ms)
		CreateAndSetChildDomain (1416ms)
	RebuildCommonClasses (29ms)
	RebuildNativeTypeToScriptingClass (41ms)
	initialDomainReloadingComplete (284ms)
	LoadAllAssembliesAndSetupDomain (2836ms)
		LoadAssemblies (1944ms)
		TypeCache.Refresh (74ms)
		AnalyzeDomain (951ms)
			BuildScriptInfoCaches (898ms)
			ResolveRequiredComponents (18ms)
	FinalizeReload (2161ms)
		SetupLoadedEditorAssemblies (0ms)
			LogAssemblyErrors (8ms)
			InitializePlatformSupportModulesInManaged (5ms)
			BeforeProcessingInitializeOnLoad (316ms)
			ProcessInitializeOnLoadAttributes (716ms)
			ProcessInitializeOnLoadMethodAttributes (211ms)
			AfterProcessingInitializeOnLoad (20ms)
			EditorAssembliesLoaded (6ms)
		AwakeInstancesAfterBackupRestoration (87ms)
Refreshing native plugins compatible for Editor in 2.22 ms, found 4 plugins.
Unloading 59 Unused Serialized files (Serialized files now loaded: 0)
Unloading 6617 unused Assets / (11.7 MB). Loaded Objects now: 7669.
Memory consumption went from 401.8 MB to 390.1 MB.
Total: 20.590400 ms (FindLiveObjects: 1.302400 ms CreateObjectMapping: 1.646400 ms MarkObjects: 8.458700 ms  DeleteObjects: 8.856600 ms)

Prepare: number of updated asset objects reloaded= 0
========================================================================
Received Prepare
AcceleratorClientConnectionCallback - disconnected - :0
'Packages/com.unity.render-pipelines.core/Editor/Deprecated.cs' contains partial class of Unity.Object, exactly 1 of the partial classes needs to be in a file with the same filename. This is to know the one that can be referenced from ie. GameObjects
'Packages/com.unity.render-pipelines.core/Editor/Deprecated.cs' contains partial class of Unity.Object, exactly 1 of the partial classes needs to be in a file with the same filename. This is to know the one that can be referenced from ie. GameObjects
Refreshing native plugins compatible for Editor in 10.77 ms, found 4 plugins.
Unloading 59 Unused Serialized files (Serialized files now loaded: 0)
Unloading 6606 unused Assets / (9.8 MB). Loaded Objects now: 7669.
Memory consumption went from 404.0 MB to 394.2 MB.
Total: 38.582600 ms (FindLiveObjects: 3.380800 ms CreateObjectMapping: 3.356800 ms MarkObjects: 21.544200 ms  DeleteObjects: 7.469400 ms)

Prepare: number of updated asset objects reloaded= 0
========================================================================
Received Prepare
AcceleratorClientConnectionCallback - disconnected - :0
[Licensing::Client] Successfully resolved entitlement details
Begin MonoManager ReloadAssembly
'Packages/com.unity.render-pipelines.core/Editor/Deprecated.cs' contains partial class of Unity.Object, exactly 1 of the partial classes needs to be in a file with the same filename. This is to know the one that can be referenced from ie. GameObjects
'Packages/com.unity.render-pipelines.core/Editor/Deprecated.cs' contains partial class of Unity.Object, exactly 1 of the partial classes needs to be in a file with the same filename. This is to know the one that can be referenced from ie. GameObjects
Refreshing native plugins compatible for Editor in 4.82 ms, found 4 plugins.
Native extension for WindowsStandalone target not found
[Package Manager] Failed to launch server process. Reason: Unity was launched with the -noUpm command-line argument
[Package Manager] Unable to send message (not connected to server process).
[Package Manager] Cannot connect to Unity Package Manager local server
[Package Manager] Failed to launch server process. Reason: Unity was launched with the -noUpm command-line argument
[Package Manager] Unable to send message (not connected to server process).
[Package Manager] Cannot connect to Unity Package Manager local server
ScheduleIndexationOnStartup MainProcess:False IndexOnStartup:True
Scripting: successfully reloaded assembly
- Finished resetting the current domain, in  3.216 seconds
Domain Reload Profiling: 9113ms
	BeginReloadAssembly (1298ms)
		DisableScriptedObjects (72ms)
		CreateAndSetChildDomain (425ms)
	RebuildCommonClasses (31ms)
	RebuildNativeTypeToScriptingClass (49ms)
	initialDomainReloadingComplete (229ms)
	LoadAllAssembliesAndSetupDomain (4288ms)
		LoadAssemblies (2627ms)
		TypeCache.Refresh (65ms)
		AnalyzeDomain (1428ms)
			BuildScriptInfoCaches (1393ms)
			ResolveRequiredComponents (15ms)
	FinalizeReload (3218ms)
		SetupLoadedEditorAssemblies (0ms)
			LogAssemblyErrors (7ms)
			InitializePlatformSupportModulesInManaged (41ms)
			BeforeProcessingInitializeOnLoad (487ms)
			ProcessInitializeOnLoadAttributes (688ms)
			ProcessInitializeOnLoadMethodAttributes (183ms)
			AfterProcessingInitializeOnLoad (20ms)
			EditorAssembliesLoaded (8ms)
		AwakeInstancesAfterBackupRestoration (88ms)
Refreshing native plugins compatible for Editor in 5.80 ms, found 4 plugins.
Unloading 59 Unused Serialized files (Serialized files now loaded: 0)
Unloading 6617 unused Assets / (8.9 MB). Loaded Objects now: 7672.
Memory consumption went from 405.9 MB to 397.1 MB.
Total: 21.780500 ms (FindLiveObjects: 3.217400 ms CreateObjectMapping: 2.122200 ms MarkObjects: 9.755800 ms  DeleteObjects: 6.194500 ms)

Prepare: number of updated asset objects reloaded= 0
========================================================================
Received Prepare
AcceleratorClientConnectionCallback - disconnected - :0
'Packages/com.unity.render-pipelines.core/Editor/Deprecated.cs' contains partial class of Unity.Object, exactly 1 of the partial classes needs to be in a file with the same filename. This is to know the one that can be referenced from ie. GameObjects
'Packages/com.unity.render-pipelines.core/Editor/Deprecated.cs' contains partial class of Unity.Object, exactly 1 of the partial classes needs to be in a file with the same filename. This is to know the one that can be referenced from ie. GameObjects
Refreshing native plugins compatible for Editor in 21.48 ms, found 4 plugins.
Unloading 59 Unused Serialized files (Serialized files now loaded: 0)
Unloading 6606 unused Assets / (11.9 MB). Loaded Objects now: 7672.
Memory consumption went from 408.1 MB to 396.2 MB.
Total: 1036.597400 ms (FindLiveObjects: 25.854200 ms CreateObjectMapping: 4.947600 ms MarkObjects: 974.126400 ms  DeleteObjects: 26.248600 ms)

Prepare: number of updated asset objects reloaded= 0
========================================================================
Received Prepare
AcceleratorClientConnectionCallback - disconnected - :0
[Licensing::Client] Successfully resolved entitlement details
Begin MonoManager ReloadAssembly
'Packages/com.unity.render-pipelines.core/Editor/Deprecated.cs' contains partial class of Unity.Object, exactly 1 of the partial classes needs to be in a file with the same filename. This is to know the one that can be referenced from ie. GameObjects
'Packages/com.unity.render-pipelines.core/Editor/Deprecated.cs' contains partial class of Unity.Object, exactly 1 of the partial classes needs to be in a file with the same filename. This is to know the one that can be referenced from ie. GameObjects
Refreshing native plugins compatible for Editor in 2.74 ms, found 4 plugins.
Native extension for WindowsStandalone target not found
[Package Manager] Failed to launch server process. Reason: Unity was launched with the -noUpm command-line argument
[Package Manager] Unable to send message (not connected to server process).
[Package Manager] Cannot connect to Unity Package Manager local server
[Package Manager] Failed to launch server process. Reason: Unity was launched with the -noUpm command-line argument
[Package Manager] Unable to send message (not connected to server process).
[Package Manager] Cannot connect to Unity Package Manager local server
ScheduleIndexationOnStartup MainProcess:False IndexOnStartup:True
Scripting: successfully reloaded assembly
- Finished resetting the current domain, in  2.084 seconds
Domain Reload Profiling: 8708ms
	BeginReloadAssembly (3848ms)
		DisableScriptedObjects (347ms)
		ReleaseScriptingObjects (4ms)
		CreateAndSetChildDomain (1099ms)
	RebuildCommonClasses (36ms)
	RebuildNativeTypeToScriptingClass (47ms)
	initialDomainReloadingComplete (323ms)
	LoadAllAssembliesAndSetupDomain (2365ms)
		LoadAssemblies (1860ms)
		TypeCache.Refresh (51ms)
		AnalyzeDomain (613ms)
			BuildScriptInfoCaches (559ms)
			ResolveRequiredComponents (21ms)
	FinalizeReload (2088ms)
		SetupLoadedEditorAssemblies (0ms)
			LogAssemblyErrors (7ms)
			InitializePlatformSupportModulesInManaged (5ms)
			BeforeProcessingInitializeOnLoad (307ms)
			ProcessInitializeOnLoadAttributes (735ms)
			ProcessInitializeOnLoadMethodAttributes (200ms)
			AfterProcessingInitializeOnLoad (16ms)
			EditorAssembliesLoaded (7ms)
		AwakeInstancesAfterBackupRestoration (74ms)
Refreshing native plugins compatible for Editor in 3.53 ms, found 4 plugins.
Unloading 59 Unused Serialized files (Serialized files now loaded: 0)
Unloading 6617 unused Assets / (9.0 MB). Loaded Objects now: 7675.
Memory consumption went from 410.9 MB to 401.9 MB.
Total: 19.094900 ms (FindLiveObjects: 1.871200 ms CreateObjectMapping: 2.225400 ms MarkObjects: 8.685000 ms  DeleteObjects: 5.880000 ms)

Prepare: number of updated asset objects reloaded= 0
========================================================================
Received Prepare
AcceleratorClientConnectionCallback - disconnected - :0
'Packages/com.unity.render-pipelines.core/Editor/Deprecated.cs' contains partial class of Unity.Object, exactly 1 of the partial classes needs to be in a file with the same filename. This is to know the one that can be referenced from ie. GameObjects
'Packages/com.unity.render-pipelines.core/Editor/Deprecated.cs' contains partial class of Unity.Object, exactly 1 of the partial classes needs to be in a file with the same filename. This is to know the one that can be referenced from ie. GameObjects
Refreshing native plugins compatible for Editor in 3.16 ms, found 4 plugins.
Unloading 59 Unused Serialized files (Serialized files now loaded: 0)
Unloading 6606 unused Assets / (10.1 MB). Loaded Objects now: 7675.
Memory consumption went from 413.0 MB to 402.9 MB.
Total: 22.302400 ms (FindLiveObjects: 2.267000 ms CreateObjectMapping: 1.811700 ms MarkObjects: 11.548800 ms  DeleteObjects: 6.237200 ms)

Prepare: number of updated asset objects reloaded= 0
========================================================================
Received Prepare
AcceleratorClientConnectionCallback - disconnected - :0
[Licensing::Client] Successfully resolved entitlement details
Begin MonoManager ReloadAssembly
'Packages/com.unity.render-pipelines.core/Editor/Deprecated.cs' contains partial class of Unity.Object, exactly 1 of the partial classes needs to be in a file with the same filename. This is to know the one that can be referenced from ie. GameObjects
'Packages/com.unity.render-pipelines.core/Editor/Deprecated.cs' contains partial class of Unity.Object, exactly 1 of the partial classes needs to be in a file with the same filename. This is to know the one that can be referenced from ie. GameObjects
Refreshing native plugins compatible for Editor in 2.51 ms, found 4 plugins.
Native extension for WindowsStandalone target not found
[Package Manager] Failed to launch server process. Reason: Unity was launched with the -noUpm command-line argument
[Package Manager] Unable to send message (not connected to server process).
[Package Manager] Cannot connect to Unity Package Manager local server
[Package Manager] Failed to launch server process. Reason: Unity was launched with the -noUpm command-line argument
[Package Manager] Unable to send message (not connected to server process).
[Package Manager] Cannot connect to Unity Package Manager local server
ScheduleIndexationOnStartup MainProcess:False IndexOnStartup:True
Scripting: successfully reloaded assembly
- Finished resetting the current domain, in  2.226 seconds
Domain Reload Profiling: 7612ms
	BeginReloadAssembly (2618ms)
		DisableScriptedObjects (35ms)
		CreateAndSetChildDomain (1211ms)
	RebuildCommonClasses (51ms)
	RebuildNativeTypeToScriptingClass (78ms)
	initialDomainReloadingComplete (314ms)
	LoadAllAssembliesAndSetupDomain (2323ms)
		LoadAssemblies (2140ms)
		TypeCache.Refresh (54ms)
			TypeCache.ScanAssembly (3ms)
		AnalyzeDomain (693ms)
			BuildScriptInfoCaches (659ms)
			ResolveRequiredComponents (16ms)
	FinalizeReload (2229ms)
		SetupLoadedEditorAssemblies (0ms)
			LogAssemblyErrors (10ms)
			InitializePlatformSupportModulesInManaged (6ms)
			BeforeProcessingInitializeOnLoad (341ms)
			ProcessInitializeOnLoadAttributes (734ms)
			ProcessInitializeOnLoadMethodAttributes (238ms)
			AfterProcessingInitializeOnLoad (19ms)
			EditorAssembliesLoaded (5ms)
		AwakeInstancesAfterBackupRestoration (77ms)
Refreshing native plugins compatible for Editor in 9.59 ms, found 4 plugins.
Unloading 59 Unused Serialized files (Serialized files now loaded: 0)
Unloading 6617 unused Assets / (10.5 MB). Loaded Objects now: 7678.
Memory consumption went from 417.5 MB to 407.0 MB.
Total: 23.205500 ms (FindLiveObjects: 2.281100 ms CreateObjectMapping: 1.758400 ms MarkObjects: 11.379600 ms  DeleteObjects: 7.368900 ms)

Prepare: number of updated asset objects reloaded= 0
========================================================================
Received Prepare
AcceleratorClientConnectionCallback - disconnected - :0
Refreshing native plugins compatible for Editor in 3.51 ms, found 4 plugins.
Unloading 59 Unused Serialized files (Serialized files now loaded: 0)
Unloading 59 unused Assets / (5.4 MB). Loaded Objects now: 7678.
Memory consumption went from 415.0 MB to 409.6 MB.
Total: 74.402900 ms (FindLiveObjects: 5.441500 ms CreateObjectMapping: 0.757500 ms MarkObjects: 62.693700 ms  DeleteObjects: 4.906200 ms)

Prepare: number of updated asset objects reloaded= 0
Editor requested this worker to shutdown with reason: Editor is closing down
AcceleratorClientConnectionCallback - disconnected - :0
AssetImportWorker is now disconnected from the server
Process exiting
[ExitDontLaunchBugReporter] Exiting without the bug reporter. Application will exit with return code 0
