
Server arguments:
  --memory-size 1073741824
  --shared-postfix 02ed33dc1d323521a89e783b5109f325
  --working-directory Library/DataStore
  --silent-console
  --shutdown-grace 0
  --client-process-check 0
  --uds-log-file C:/Users/golfa/EndlessRun/Logs/UDS-Service.log
  --debug-log 2
  -name
  Unity.DataStore

Initialising UDS system complete:
  - System type: Service
  - Resource namespace: 02ed33dc1d323521a89e783b5109f325
  - Shared memory size: 1073741824
  - Command buffer id: 1052576
  - Command buffer size: 8192
  - Hashmap size: 4194304
Starting Unity Data Store Application
[Error] Failed to remove data for hash 451504a3092c2ccb7cd20266b861317e. Failure received from service
0x00007ff73581ae45 (Unity.DataStore) uds_wait_handle_complete
0x00007ff7357df835 (Unity.DataStore) uds_cleanup
0x00007ff7357cedbf (Unity.DataStore) 
0x00007ff7357d000d (Unity.DataStore) 
0x00007ff7357b72e5 (Unity.DataStore) 
0x00007ff7357b676a (Unity.DataStore) 
0x00007ff7357b6a4f (Unity.DataStore) 
0x00007ff7357b28b5 (Unity.DataStore) 
0x00007ff7358368c4 (Unity.DataStore) uds_wait_handle_complete
0x00007fff36ddcd87 (KERNEL32) BaseThreadInitThunk
0x00007fff3892caec (ntdll) RtlUserThreadStart

[Error] Failed to remove data for hash f3d0ccdb45ecb5028eb24a54d550a7ec. Failure received from service
0x00007ff73581ae45 (Unity.DataStore) uds_wait_handle_complete
0x00007ff7357df835 (Unity.DataStore) uds_cleanup
0x00007ff7357cedbf (Unity.DataStore) 
0x00007ff7357d000d (Unity.DataStore) 
0x00007ff7357b72e5 (Unity.DataStore) 
0x00007ff7357b676a (Unity.DataStore) 
0x00007ff7357b6a4f (Unity.DataStore) 
0x00007ff7357b28b5 (Unity.DataStore) 
0x00007ff7358368c4 (Unity.DataStore) uds_wait_handle_complete
0x00007fff36ddcd87 (KERNEL32) BaseThreadInitThunk
0x00007fff3892caec (ntdll) RtlUserThreadStart

[Error] Failed to remove data for hash b1a2194efddbc5a2316fadce88f959ee. Failure received from service
0x00007ff73581ae45 (Unity.DataStore) uds_wait_handle_complete
0x00007ff7357df835 (Unity.DataStore) uds_cleanup
0x00007ff7357cedbf (Unity.DataStore) 
0x00007ff7357d000d (Unity.DataStore) 
0x00007ff7357b72e5 (Unity.DataStore) 
0x00007ff7357b676a (Unity.DataStore) 
0x00007ff7357b6a4f (Unity.DataStore) 
0x00007ff7357b28b5 (Unity.DataStore) 
0x00007ff7358368c4 (Unity.DataStore) uds_wait_handle_complete
0x00007fff36ddcd87 (KERNEL32) BaseThreadInitThunk
0x00007fff3892caec (ntdll) RtlUserThreadStart

[Error] Failed to remove data for hash 71e05c3dfef19c3b01cea89a9ac66cad. Failure received from service
0x00007ff73581ae45 (Unity.DataStore) uds_wait_handle_complete
0x00007ff7357df835 (Unity.DataStore) uds_cleanup
0x00007ff7357cedbf (Unity.DataStore) 
0x00007ff7357d000d (Unity.DataStore) 
0x00007ff7357b72e5 (Unity.DataStore) 
0x00007ff7357b676a (Unity.DataStore) 
0x00007ff7357b6a4f (Unity.DataStore) 
0x00007ff7357b28b5 (Unity.DataStore) 
0x00007ff7358368c4 (Unity.DataStore) uds_wait_handle_complete
0x00007fff36ddcd87 (KERNEL32) BaseThreadInitThunk
0x00007fff3892caec (ntdll) RtlUserThreadStart

[Error] Failed to remove data for hash 717b70b8614ffab95c69d87fd61fc871. Failure received from service
0x00007ff73581ae45 (Unity.DataStore) uds_wait_handle_complete
0x00007ff7357df835 (Unity.DataStore) uds_cleanup
0x00007ff7357cedbf (Unity.DataStore) 
0x00007ff7357d000d (Unity.DataStore) 
0x00007ff7357b72e5 (Unity.DataStore) 
0x00007ff7357b676a (Unity.DataStore) 
0x00007ff7357b6a4f (Unity.DataStore) 
0x00007ff7357b28b5 (Unity.DataStore) 
0x00007ff7358368c4 (Unity.DataStore) uds_wait_handle_complete
0x00007fff36ddcd87 (KERNEL32) BaseThreadInitThunk
0x00007fff3892caec (ntdll) RtlUserThreadStart

[Error] Failed to remove data for hash 717b70b8614ffab95c69d87fd61fc871. Failure received from service
0x00007ff73581ae45 (Unity.DataStore) uds_wait_handle_complete
0x00007ff7357df835 (Unity.DataStore) uds_cleanup
0x00007ff7357cedbf (Unity.DataStore) 
0x00007ff7357d000d (Unity.DataStore) 
0x00007ff7357b72e5 (Unity.DataStore) 
0x00007ff7357b676a (Unity.DataStore) 
0x00007ff7357b6a4f (Unity.DataStore) 
0x00007ff7357b28b5 (Unity.DataStore) 
0x00007ff7358368c4 (Unity.DataStore) uds_wait_handle_complete
0x00007fff36ddcd87 (KERNEL32) BaseThreadInitThunk
0x00007fff3892caec (ntdll) RtlUserThreadStart

[Error] Failed to remove data for hash 717b70b8614ffab95c69d87fd61fc871. Failure received from service
0x00007ff73581ae45 (Unity.DataStore) uds_wait_handle_complete
0x00007ff7357df835 (Unity.DataStore) uds_cleanup
0x00007ff7357cedbf (Unity.DataStore) 
0x00007ff7357d000d (Unity.DataStore) 
0x00007ff7357b72e5 (Unity.DataStore) 
0x00007ff7357b676a (Unity.DataStore) 
0x00007ff7357b6a4f (Unity.DataStore) 
0x00007ff7357b28b5 (Unity.DataStore) 
0x00007ff7358368c4 (Unity.DataStore) uds_wait_handle_complete
0x00007fff36ddcd87 (KERNEL32) BaseThreadInitThunk
0x00007fff3892caec (ntdll) RtlUserThreadStart

[Error] Failed to remove data for hash 717b70b8614ffab95c69d87fd61fc871. Failure received from service
0x00007ff73581ae45 (Unity.DataStore) uds_wait_handle_complete
0x00007ff7357df835 (Unity.DataStore) uds_cleanup
0x00007ff7357cedbf (Unity.DataStore) 
0x00007ff7357d000d (Unity.DataStore) 
0x00007ff7357b72e5 (Unity.DataStore) 
0x00007ff7357b676a (Unity.DataStore) 
0x00007ff7357b6a4f (Unity.DataStore) 
0x00007ff7357b28b5 (Unity.DataStore) 
0x00007ff7358368c4 (Unity.DataStore) uds_wait_handle_complete
0x00007fff36ddcd87 (KERNEL32) BaseThreadInitThunk
0x00007fff3892caec (ntdll) RtlUserThreadStart

[Error] Failed to remove data for hash b3dfecf2f66c34ee8984628638f60440. Failure received from service
0x00007ff73581ae45 (Unity.DataStore) uds_wait_handle_complete
0x00007ff7357df835 (Unity.DataStore) uds_cleanup
0x00007ff7357cedbf (Unity.DataStore) 
0x00007ff7357d000d (Unity.DataStore) 
0x00007ff7357b72e5 (Unity.DataStore) 
0x00007ff7357b676a (Unity.DataStore) 
0x00007ff7357b6a4f (Unity.DataStore) 
0x00007ff7357b28b5 (Unity.DataStore) 
0x00007ff7358368c4 (Unity.DataStore) uds_wait_handle_complete
0x00007fff36ddcd87 (KERNEL32) BaseThreadInitThunk
0x00007fff3892caec (ntdll) RtlUserThreadStart

Unity Data Store Application Complete
Shut down UDS service system complete
